components/auth/EnhancedAuthView.tsx(488,1): error TS1005: '}' expected.
components/auth/oauth/OAuthLoginComponent.tsx(391,1): error TS1005: '}' expected.
components/auth/SecureInputDemo.tsx(333,1): error TS1005: '}' expected.
components/auth/UserSettings.tsx(344,121): error TS1005: ',' expected.
components/auth/UserSettings.tsx(365,104): error TS1005: ',' expected.
components/cache/CacheIntegrationDemo.tsx(223,21): error TS1005: ')' expected.
components/cache/CacheIntegrationDemo.tsx(292,17): error TS1128: Declaration or statement expected.
components/cache/CacheIntegrationDemo.tsx(293,13): error TS1109: Expression expected.
components/cache/CacheIntegrationDemo.tsx(294,9): error TS1109: Expression expected.
components/cache/CacheIntegrationDemo.tsx(295,5): error TS1109: Expression expected.
components/cache/CacheIntegrationDemo.tsx(296,1): error TS1128: Declaration or statement expected.
components/commissioner/EnhancedMemberManagement.tsx(98,10): error TS1005: ',' expected.
components/commissioner/EnhancedMemberManagement.tsx(134,96): error TS1005: ',' expected.
components/commissioner/EnhancedMemberManagement.tsx(141,99): error TS1005: ',' expected.
components/commissioner/EnhancedMemberManagement.tsx(147,101): error TS1005: ',' expected.
components/commissioner/EnhancedMemberManagement.tsx(266,136): error TS1005: ',' expected.
components/commissioner/EnhancedMemberManagement.tsx(272,131): error TS1005: ',' expected.
components/commissioner/EnhancedMemberManagement.tsx(368,1): error TS1005: '}' expected.
components/commissioner/InviteMemberModal.tsx(48,13): error TS1382: Unexpected token. Did you mean `{'>'}` or `&gt;`?
components/commissioner/InviteMemberModal.tsx(73,37): error TS1003: Identifier expected.
components/commissioner/InviteMemberModal.tsx(73,39): error TS17002: Expected corresponding JSX closing tag for 'div'.
components/commissioner/InviteMemberModal.tsx(74,33): error TS1005: ')' expected.
components/commissioner/InviteMemberModal.tsx(75,30): error TS1005: ':' expected.
components/commissioner/InviteMemberModal.tsx(75,31): error TS1381: Unexpected token. Did you mean `{'}'}` or `&rbrace;`?
components/commissioner/InviteMemberModal.tsx(79,22): error TS1381: Unexpected token. Did you mean `{'}'}` or `&rbrace;`?
components/commissioner/InviteMemberModal.tsx(80,19): error TS17002: Expected corresponding JSX closing tag for 'motion.div'.
components/commissioner/InviteMemberModal.tsx(81,15): error TS17002: Expected corresponding JSX closing tag for 'Modal'.
components/commissioner/InviteMemberModal.tsx(82,9): error TS1005: ')' expected.
components/commissioner/InviteMemberModal.tsx(83,5): error TS1109: Expression expected.
components/commissioner/InviteMemberModal.tsx(84,1): error TS1128: Declaration or statement expected.
components/commissioner/LeagueManagementInterface.tsx(87,7): error TS1005: 'try' expected.
components/commissioner/LeagueManagementInterface.tsx(95,6): error TS1472: 'catch' or 'finally' expected.
components/commissioner/LeagueManagementInterface.tsx(95,41): error TS1005: ';' expected.
components/commissioner/LeagueManagementInterface.tsx(123,7): error TS1005: 'try' expected.
components/commissioner/LeagueManagementInterface.tsx(137,7): error TS1005: 'try' expected.
components/commissioner/LeagueManagementInterface.tsx(210,48): error TS1472: 'catch' or 'finally' expected.
components/commissioner/LeagueManagementInterface.tsx(212,21): error TS1005: ';' expected.
components/commissioner/LeagueManagementInterface.tsx(212,47): error TS1005: ';' expected.
components/commissioner/LeagueManagementInterface.tsx(276,22): error TS17008: JSX element 'div' has no corresponding closing tag.
components/commissioner/LeagueManagementInterface.tsx(286,76): error TS1003: Identifier expected.
components/commissioner/LeagueManagementInterface.tsx(474,1): error TS1005: '</' expected.
components/commissioner/LeagueManagementInterface.tsx(474,1): error TS1160: Unterminated template literal.
components/commissioner/LeagueSettingsEditor.tsx(48,7): error TS1005: ';' expected.
components/commissioner/LeagueSettingsEditor.tsx(116,10): error TS17008: JSX element 'AnimatePresence' has no corresponding closing tag.
components/commissioner/LeagueSettingsEditor.tsx(117,14): error TS17008: JSX element 'motion.div' has no corresponding closing tag.
components/commissioner/LeagueSettingsEditor.tsx(124,18): error TS17008: JSX element 'motion.div' has no corresponding closing tag.
components/commissioner/LeagueSettingsEditor.tsx(148,22): error TS17008: JSX element 'div' has no corresponding closing tag.
components/commissioner/LeagueSettingsEditor.tsx(152,69): error TS1003: Identifier expected.
components/commissioner/LeagueSettingsEditor.tsx(397,1): error TS1005: '</' expected.
components/commissioner/LeagueSettingsEditor.tsx(397,1): error TS1160: Unterminated template literal.
components/commissioner/ManageTradesModal.tsx(44,51): error TS1003: Identifier expected.
components/commissioner/ManageTradesModal.tsx(45,39): error TS1005: '}' expected.
components/commissioner/ManageTradesModal.tsx(45,53): error TS1381: Unexpected token. Did you mean `{'}'}` or `&rbrace;`?
components/commissioner/ManageTradesModal.tsx(46,17): error TS1381: Unexpected token. Did you mean `{'}'}` or `&rbrace;`?
components/commissioner/ManageTradesModal.tsx(46,18): error TS1381: Unexpected token. Did you mean `{'}'}` or `&rbrace;`?
components/commissioner/ManageTradesModal.tsx(47,13): error TS1382: Unexpected token. Did you mean `{'>'}` or `&gt;`?
components/commissioner/ManageTradesModal.tsx(90,15): error TS17002: Expected corresponding JSX closing tag for 'Modal'.
components/commissioner/ManageTradesModal.tsx(91,9): error TS1005: ')' expected.
components/commissioner/ManageTradesModal.tsx(92,5): error TS1109: Expression expected.
components/commissioner/ManageTradesModal.tsx(93,1): error TS1128: Declaration or statement expected.
components/commissioner/MemberManagementWidget.tsx(22,1): error TS1005: '=>' expected.
components/commissioner/MemberManagementWidget.tsx(22,3): error TS1005: ',' expected.
components/commissioner/MemberManagementWidget.tsx(23,12): error TS1005: ':' expected.
components/commissioner/MemberManagementWidget.tsx(23,135): error TS1005: ';' expected.
components/commissioner/PostAnnouncementModal.tsx(38,51): error TS1003: Identifier expected.
components/commissioner/PostAnnouncementModal.tsx(39,39): error TS1005: '}' expected.
components/commissioner/PostAnnouncementModal.tsx(39,53): error TS1381: Unexpected token. Did you mean `{'}'}` or `&rbrace;`?
components/commissioner/PostAnnouncementModal.tsx(40,17): error TS1381: Unexpected token. Did you mean `{'}'}` or `&rbrace;`?
components/commissioner/PostAnnouncementModal.tsx(40,18): error TS1381: Unexpected token. Did you mean `{'}'}` or `&rbrace;`?
components/commissioner/PostAnnouncementModal.tsx(41,13): error TS1382: Unexpected token. Did you mean `{'>'}` or `&gt;`?
components/commissioner/PostAnnouncementModal.tsx(72,15): error TS17002: Expected corresponding JSX closing tag for 'Modal'.
components/commissioner/PostAnnouncementModal.tsx(73,9): error TS1005: ')' expected.
components/commissioner/PostAnnouncementModal.tsx(74,5): error TS1109: Expression expected.
components/commissioner/PostAnnouncementModal.tsx(75,1): error TS1128: Declaration or statement expected.
components/commissioner/SeasonManagement.tsx(104,10): error TS1005: ',' expected.
components/commissioner/SeasonManagement.tsx(113,10): error TS1005: ',' expected.
components/commissioner/SeasonManagement.tsx(182,87): error TS1005: ',' expected.
components/commissioner/SeasonManagement.tsx(191,85): error TS1005: ',' expected.
components/commissioner/SeasonManagement.tsx(199,85): error TS1005: ',' expected.
components/commissioner/SeasonManagement.tsx(213,85): error TS1005: ',' expected.
components/commissioner/SeasonManagement.tsx(292,130): error TS1005: ')' expected.
components/commissioner/SeasonManagement.tsx(311,151): error TS1005: ')' expected.
components/commissioner/SeasonManagement.tsx(323,130): error TS1005: ')' expected.
components/commissioner/SeasonManagement.tsx(408,1): error TS1005: '}' expected.
components/communication/DirectMessaging.tsx(28,1): error TS1131: Property or signature expected.
components/communication/DirectMessaging.tsx(40,7): error TS1005: ';' expected.
components/communication/DirectMessaging.tsx(120,5): error TS1005: ',' expected.
components/communication/DirectMessaging.tsx(162,6): error TS1128: Declaration or statement expected.
components/communication/DirectMessaging.tsx(206,6): error TS1005: ',' expected.
components/communication/DirectMessaging.tsx(229,6): error TS1005: ',' expected.
components/communication/DirectMessaging.tsx(250,6): error TS17008: JSX element 'div' has no corresponding closing tag.
components/communication/DirectMessaging.tsx(252,8): error TS17008: JSX element 'div' has no corresponding closing tag.
components/communication/DirectMessaging.tsx(273,10): error TS17008: JSX element 'div' has no corresponding closing tag.
components/communication/DirectMessaging.tsx(284,14): error TS17008: JSX element 'div' has no corresponding closing tag.
components/communication/DirectMessaging.tsx(290,77): error TS1003: Identifier expected.
components/communication/DirectMessaging.tsx(343,31): error TS1005: ';' expected.
components/communication/DirectMessaging.tsx(343,36): error TS1434: Unexpected keyword or identifier.
components/communication/DirectMessaging.tsx(348,33): error TS1005: ';' expected.
components/communication/DirectMessaging.tsx(348,42): error TS1005: ';' expected.
components/communication/DirectMessaging.tsx(348,54): error TS1005: ';' expected.
components/communication/DirectMessaging.tsx(348,59): error TS1005: ';' expected.
components/communication/DirectMessaging.tsx(348,64): error TS1005: ';' expected.
components/communication/DirectMessaging.tsx(348,75): error TS1005: ';' expected.
components/communication/DirectMessaging.tsx(355,36): error TS1005: ';' expected.
components/communication/DirectMessaging.tsx(355,44): error TS1005: ';' expected.
components/communication/DirectMessaging.tsx(355,49): error TS1005: ';' expected.
components/communication/DirectMessaging.tsx(484,61): error TS1005: '</' expected.
components/communication/DirectMessaging.tsx(484,61): error TS1160: Unterminated template literal.
components/communication/TradeDiscussion.tsx(28,1): error TS1131: Property or signature expected.
components/communication/TradeDiscussion.tsx(61,7): error TS1136: Property assignment expected.
components/communication/TradeDiscussion.tsx(74,7): error TS1136: Property assignment expected.
components/communication/TradeDiscussion.tsx(91,9): error TS1005: ',' expected.
components/communication/TradeDiscussion.tsx(97,7): error TS1136: Property assignment expected.
components/communication/TradeDiscussion.tsx(110,5): error TS1005: ',' expected.
components/communication/TradeDiscussion.tsx(135,6): error TS1005: ',' expected.
components/communication/TradeDiscussion.tsx(151,6): error TS1005: ',' expected.
components/communication/TradeDiscussion.tsx(172,6): error TS17008: JSX element 'div' has no corresponding closing tag.
components/communication/TradeDiscussion.tsx(173,8): error TS17008: JSX element 'motion.div' has no corresponding closing tag.
components/communication/TradeDiscussion.tsx(194,10): error TS17008: JSX element 'div' has no corresponding closing tag.
components/communication/TradeDiscussion.tsx(195,12): error TS17008: JSX element 'AnimatePresence' has no corresponding closing tag.
components/communication/TradeDiscussion.tsx(197,16): error TS17008: JSX element 'motion.div' has no corresponding closing tag.
components/communication/TradeDiscussion.tsx(255,18): error TS17008: JSX element 'div' has no corresponding closing tag.
components/communication/TradeDiscussion.tsx(256,20): error TS17008: JSX element 'div' has no corresponding closing tag.
components/communication/TradeDiscussion.tsx(260,74): error TS1003: Identifier expected.
components/communication/TradeDiscussion.tsx(363,61): error TS1005: '</' expected.
components/communication/TradeDiscussion.tsx(363,61): error TS1160: Unterminated template literal.
components/communication/TrashTalkBoard.tsx(29,1): error TS1131: Property or signature expected.
components/communication/TrashTalkBoard.tsx(40,7): error TS1005: ';' expected.
components/communication/TrashTalkBoard.tsx(82,9): error TS1005: ',' expected.
components/communication/TrashTalkBoard.tsx(130,11): error TS1136: Property assignment expected.
components/communication/TrashTalkBoard.tsx(142,7): error TS1136: Property assignment expected.
components/communication/TrashTalkBoard.tsx(176,5): error TS1005: ',' expected.
components/communication/TrashTalkBoard.tsx(176,6): error TS1005: ',' expected.
components/communication/TrashTalkBoard.tsx(177,8): error TS1005: ',' expected.
components/communication/TrashTalkBoard.tsx(208,6): error TS1005: ',' expected.
components/communication/TrashTalkBoard.tsx(234,6): error TS1005: ',' expected.
components/communication/TrashTalkBoard.tsx(249,6): error TS1005: ',' expected.
components/communication/TrashTalkBoard.tsx(316,60): error TS1003: Identifier expected.
components/communication/TrashTalkBoard.tsx(373,61): error TS1005: ',' expected.
components/communication/TrashTalkBoard.tsx(374,11): error TS1382: Unexpected token. Did you mean `{'>'}` or `&gt;`?
components/communication/TrashTalkBoard.tsx(376,13): error TS17002: Expected corresponding JSX closing tag for 'div'.
components/communication/TrashTalkBoard.tsx(377,11): error TS1381: Unexpected token. Did you mean `{'}'}` or `&rbrace;`?
components/communication/TrashTalkBoard.tsx(382,10): error TS17008: JSX element 'AnimatePresence' has no corresponding closing tag.
components/communication/TrashTalkBoard.tsx(429,69): error TS1003: Identifier expected.
components/communication/TrashTalkBoard.tsx(475,92): error TS1005: ',' expected.
components/communication/TrashTalkBoard.tsx(476,27): error TS1382: Unexpected token. Did you mean `{'>'}` or `&gt;`?
components/communication/TrashTalkBoard.tsx(478,29): error TS17002: Expected corresponding JSX closing tag for 'div'.
components/communication/TrashTalkBoard.tsx(479,27): error TS1381: Unexpected token. Did you mean `{'}'}` or `&rbrace;`?
components/communication/TrashTalkBoard.tsx(481,23): error TS17002: Expected corresponding JSX closing tag for 'motion.div'.
components/communication/TrashTalkBoard.tsx(484,16): error TS1381: Unexpected token. Did you mean `{'}'}` or `&rbrace;`?
components/communication/TrashTalkBoard.tsx(525,15): error TS17002: Expected corresponding JSX closing tag for 'div'.
components/communication/TrashTalkBoard.tsx(526,13): error TS1381: Unexpected token. Did you mean `{'}'}` or `&rbrace;`?
components/communication/TrashTalkBoard.tsx(527,11): error TS17002: Expected corresponding JSX closing tag for 'div'.
components/communication/TrashTalkBoard.tsx(528,7): error TS1005: ')' expected.
components/communication/TrashTalkBoard.tsx(531,12): error TS1005: ';' expected.
components/communication/TrashTalkBoard.tsx(532,9): error TS2657: JSX expressions must have one parent element.
components/communication/TrashTalkBoard.tsx(561,7): error TS1128: Declaration or statement expected.
components/communication/TrashTalkBoard.tsx(562,5): error TS1109: Expression expected.
components/communication/TrashTalkBoard.tsx(563,3): error TS1109: Expression expected.
components/communication/TrashTalkBoard.tsx(566,7): error TS1005: ';' expected.
components/communication/TrashTalkBoard.tsx(572,1): error TS1131: Property or signature expected.
components/comparison/MatchupTrendChart.tsx(57,1): error TS1131: Property or signature expected.
components/comparison/MatchupTrendChart.tsx(113,7): error TS1005: 'try' expected.
components/comparison/MatchupTrendChart.tsx(298,26): error TS1128: Declaration or statement expected.
components/comparison/MatchupTrendChart.tsx(375,26): error TS1128: Declaration or statement expected.
components/comparison/MatchupTrendChart.tsx(651,48): error TS1003: Identifier expected.
components/comparison/MatchupTrendChart.tsx(683,1): error TS1005: '}' expected.
components/comparison/MatchupTrendChartFixed.tsx(57,1): error TS1131: Property or signature expected.
components/comparison/MatchupTrendChartFixed.tsx(113,7): error TS1005: 'try' expected.
components/comparison/MatchupTrendChartFixed.tsx(298,26): error TS1128: Declaration or statement expected.
components/comparison/MatchupTrendChartFixed.tsx(375,26): error TS1128: Declaration or statement expected.
components/comparison/MatchupTrendChartFixed.tsx(651,48): error TS1003: Identifier expected.
components/comparison/MatchupTrendChartFixed.tsx(683,1): error TS1005: '}' expected.
components/comparison/PlayerComparisonTool.tsx(56,7): error TS1005: 'try' expected.
components/comparison/PlayerComparisonTool.tsx(59,7): error TS1005: 'try' expected.
components/comparison/PlayerComparisonTool.tsx(83,4): error TS1472: 'catch' or 'finally' expected.
components/comparison/PlayerComparisonTool.tsx(83,19): error TS1005: ';' expected.
components/comparison/PlayerComparisonTool.tsx(92,4): error TS1128: Declaration or statement expected.
components/comparison/PlayerComparisonTool.tsx(92,36): error TS1005: ';' expected.
components/comparison/PlayerComparisonTool.tsx(212,33): error TS1109: Expression expected.
components/comparison/PlayerComparisonTool.tsx(212,51): error TS1005: '}' expected.
components/comparison/PlayerComparisonTool.tsx(212,85): error TS1381: Unexpected token. Did you mean `{'}'}` or `&rbrace;`?
components/comparison/PlayerComparisonTool.tsx(213,21): error TS1382: Unexpected token. Did you mean `{'>'}` or `&gt;`?
components/comparison/PlayerComparisonTool.tsx(585,29): error TS1005: '}' expected.
components/comparison/PlayerComparisonTool.tsx(660,1): error TS1005: '}' expected.
components/core/Breadcrumbs.tsx(46,89): error TS1005: ',' expected.
components/core/Breadcrumbs.tsx(65,1): error TS1005: '}' expected.
components/core/CommandPalette.tsx(124,29): error TS2657: JSX expressions must have one parent element.
components/core/CommandPalette.tsx(124,96): error TS1003: Identifier expected.
components/core/CommandPalette.tsx(125,29): error TS1005: ')' expected.
components/core/CommandPalette.tsx(125,31): error TS17015: Expected corresponding closing tag for JSX fragment.
components/core/CommandPalette.tsx(125,37): error TS1382: Unexpected token. Did you mean `{'>'}` or `&gt;`?
components/core/CommandPalette.tsx(126,27): error TS1381: Unexpected token. Did you mean `{'}'}` or `&rbrace;`?
components/core/CommandPalette.tsx(134,29): error TS1003: Identifier expected.
components/core/CommandPalette.tsx(134,31): error TS17015: Expected corresponding closing tag for JSX fragment.
components/core/CommandPalette.tsx(135,25): error TS1109: Expression expected.
components/core/CommandPalette.tsx(135,26): error TS1128: Declaration or statement expected.
components/core/CommandPalette.tsx(135,27): error TS1128: Declaration or statement expected.
components/core/CommandPalette.tsx(136,21): error TS1128: Declaration or statement expected.
components/core/CommandPalette.tsx(136,23): error TS1109: Expression expected.
components/core/CommandPalette.tsx(137,17): error TS1109: Expression expected.
components/core/CommandPalette.tsx(137,18): error TS1128: Declaration or statement expected.
components/core/CommandPalette.tsx(141,13): error TS1128: Declaration or statement expected.
components/core/CommandPalette.tsx(141,15): error TS1109: Expression expected.
components/core/CommandPalette.tsx(142,9): error TS1109: Expression expected.
components/core/CommandPalette.tsx(143,5): error TS1128: Declaration or statement expected.
components/core/CommandPalette.tsx(160,66): error TS1003: Identifier expected.
components/core/CommandPalette.tsx(161,47): error TS1005: '}' expected.
components/core/CommandPalette.tsx(161,67): error TS1381: Unexpected token. Did you mean `{'}'}` or `&rbrace;`?
components/core/CommandPalette.tsx(162,44): error TS1005: '}' expected.
components/core/CommandPalette.tsx(162,69): error TS1381: Unexpected token. Did you mean `{'}'}` or `&rbrace;`?
components/core/CommandPalette.tsx(163,25): error TS1381: Unexpected token. Did you mean `{'}'}` or `&rbrace;`?
components/core/CommandPalette.tsx(163,26): error TS1381: Unexpected token. Did you mean `{'}'}` or `&rbrace;`?
components/core/CommandPalette.tsx(164,21): error TS1382: Unexpected token. Did you mean `{'>'}` or `&gt;`?
components/core/CommandPalette.tsx(172,25): error TS1003: Identifier expected.
components/core/CommandPalette.tsx(176,17): error TS1005: ')' expected.
components/core/CommandPalette.tsx(176,19): error TS17002: Expected corresponding JSX closing tag for 'AnimatePresence'.
components/core/CommandPalette.tsx(177,14): error TS1128: Declaration or statement expected.
components/core/CommandPalette.tsx(178,9): error TS1128: Declaration or statement expected.
components/core/CommandPalette.tsx(179,5): error TS1109: Expression expected.
components/core/CommandPalette.tsx(180,1): error TS1128: Declaration or statement expected.
components/core/CreateLeagueModal.tsx(40,62): error TS1005: ';' expected.
components/core/CreateLeagueModal.tsx(41,7): error TS1472: 'catch' or 'finally' expected.
components/core/CreateLeagueModal.tsx(73,10): error TS1128: Declaration or statement expected.
components/core/CreateLeagueModal.tsx(90,58): error TS1003: Identifier expected.
components/core/CreateLeagueModal.tsx(91,39): error TS1005: '}' expected.
components/core/CreateLeagueModal.tsx(91,59): error TS1381: Unexpected token. Did you mean `{'}'}` or `&rbrace;`?
components/core/CreateLeagueModal.tsx(92,36): error TS1005: '}' expected.
components/core/CreateLeagueModal.tsx(92,60): error TS1381: Unexpected token. Did you mean `{'}'}` or `&rbrace;`?
components/core/CreateLeagueModal.tsx(93,17): error TS1381: Unexpected token. Did you mean `{'}'}` or `&rbrace;`?
components/core/CreateLeagueModal.tsx(93,18): error TS1381: Unexpected token. Did you mean `{'}'}` or `&rbrace;`?
components/core/CreateLeagueModal.tsx(94,13): error TS1382: Unexpected token. Did you mean `{'>'}` or `&gt;`?
components/core/CreateLeagueModal.tsx(102,21): error TS1003: Identifier expected.
components/core/CreateLeagueModal.tsx(178,29): error TS1003: Identifier expected.
components/core/CreateLeagueModal.tsx(195,19): error TS17002: Expected corresponding JSX closing tag for 'Modal'.
components/core/CreateLeagueModal.tsx(196,13): error TS1005: ')' expected.
components/core/CreateLeagueModal.tsx(197,9): error TS1109: Expression expected.
components/core/CreateLeagueModal.tsx(198,5): error TS1109: Expression expected.
components/core/CreateLeagueModal.tsx(199,1): error TS1128: Declaration or statement expected.
components/core/EnhancedCreateLeagueModal.tsx(123,8): error TS1005: ',' expected.
components/core/EnhancedCreateLeagueModal.tsx(124,6): error TS1128: Declaration or statement expected.
components/core/EnhancedCreateLeagueModal.tsx(125,7): error TS1005: 'try' expected.
components/core/EnhancedCreateLeagueModal.tsx(205,8): error TS1005: ',' expected.
components/core/EnhancedCreateLeagueModal.tsx(208,6): error TS1128: Declaration or statement expected.
components/core/EnhancedCreateLeagueModal.tsx(455,96): error TS1005: ',' expected.
components/core/EnhancedCreateLeagueModal.tsx(576,14): error TS1128: Declaration or statement expected.
components/core/EnhancedCreateLeagueModal.tsx(677,1): error TS1005: '}' expected.
components/core/ErrorBoundary.tsx(14,1): error TS1131: Property or signature expected.
components/core/ErrorBoundary.tsx(19,3): error TS1128: Declaration or statement expected.
components/core/ErrorBoundary.tsx(25,26): error TS1005: ',' expected.
components/core/ErrorBoundary.tsx(25,44): error TS1005: ',' expected.
components/core/ErrorBoundary.tsx(25,63): error TS1005: ';' expected.
components/core/ErrorBoundary.tsx(45,12): error TS1005: ';' expected.
components/core/ErrorBoundary.tsx(149,1): error TS1005: '}' expected.
components/core/MobileNavMenu.tsx(37,58): error TS1003: Identifier expected.
components/core/MobileNavMenu.tsx(38,33): error TS1005: '}' expected.
components/core/MobileNavMenu.tsx(38,40): error TS1381: Unexpected token. Did you mean `{'}'}` or `&rbrace;`?
components/core/MobileNavMenu.tsx(39,30): error TS1005: '}' expected.
components/core/MobileNavMenu.tsx(39,39): error TS1381: Unexpected token. Did you mean `{'}'}` or `&rbrace;`?
components/core/MobileNavMenu.tsx(40,39): error TS1005: '}' expected.
components/core/MobileNavMenu.tsx(40,79): error TS1381: Unexpected token. Did you mean `{'}'}` or `&rbrace;`?
components/core/MobileNavMenu.tsx(41,17): error TS1381: Unexpected token. Did you mean `{'}'}` or `&rbrace;`?
components/core/MobileNavMenu.tsx(41,18): error TS1381: Unexpected token. Did you mean `{'}'}` or `&rbrace;`?
components/core/MobileNavMenu.tsx(42,13): error TS1382: Unexpected token. Did you mean `{'>'}` or `&gt;`?
components/core/MobileNavMenu.tsx(45,82): error TS1005: ',' expected.
components/core/MobileNavMenu.tsx(74,9): error TS1005: ')' expected.
components/core/MobileNavMenu.tsx(75,5): error TS1109: Expression expected.
components/core/MobileNavMenu.tsx(76,1): error TS1128: Declaration or statement expected.
components/core/MockDraftModal.tsx(50,58): error TS1003: Identifier expected.
components/core/MockDraftModal.tsx(51,39): error TS1005: '}' expected.
components/core/MockDraftModal.tsx(51,59): error TS1381: Unexpected token. Did you mean `{'}'}` or `&rbrace;`?
components/core/MockDraftModal.tsx(52,36): error TS1005: '}' expected.
components/core/MockDraftModal.tsx(52,60): error TS1381: Unexpected token. Did you mean `{'}'}` or `&rbrace;`?
components/core/MockDraftModal.tsx(53,17): error TS1381: Unexpected token. Did you mean `{'}'}` or `&rbrace;`?
components/core/MockDraftModal.tsx(53,18): error TS1381: Unexpected token. Did you mean `{'}'}` or `&rbrace;`?
components/core/MockDraftModal.tsx(54,13): error TS1382: Unexpected token. Did you mean `{'>'}` or `&gt;`?
components/core/MockDraftModal.tsx(62,21): error TS1003: Identifier expected.
components/core/MockDraftModal.tsx(77,25): error TS1003: Identifier expected.
components/core/MockDraftModal.tsx(88,19): error TS17002: Expected corresponding JSX closing tag for 'Modal'.
components/core/MockDraftModal.tsx(89,13): error TS1005: ')' expected.
components/core/MockDraftModal.tsx(90,9): error TS1109: Expression expected.
components/core/MockDraftModal.tsx(91,5): error TS1109: Expression expected.
components/core/MockDraftModal.tsx(92,1): error TS1128: Declaration or statement expected.
components/core/ModernErrorBoundary.tsx(30,3): error TS1128: Declaration or statement expected.
components/core/ModernErrorBoundary.tsx(33,26): error TS1005: ',' expected.
components/core/ModernErrorBoundary.tsx(33,44): error TS1005: ',' expected.
components/core/ModernErrorBoundary.tsx(33,57): error TS1005: ';' expected.
components/core/ModernErrorBoundary.tsx(67,12): error TS1005: ';' expected.
components/core/ModernErrorBoundary.tsx(197,65): error TS1005: '}' expected.
components/core/ModernLoader.tsx(234,14): error TS1005: ';' expected.
components/core/ModernLoader.tsx(262,7): error TS1109: Expression expected.
components/core/ModernLoader.tsx(267,1): error TS1131: Property or signature expected.
components/core/PreferencesModal.tsx(53,78): error TS1005: ',' expected.
components/core/PreferencesModal.tsx(70,3): error TS1005: '}' expected.
components/core/VoiceCommandButton.tsx(47,11): error TS1128: Declaration or statement expected.
components/core/VoiceCommandButton.tsx(59,11): error TS1128: Declaration or statement expected.
components/core/VoiceCommandButton.tsx(116,17): error TS1005: '}' expected.
components/core/VoiceCommandButton.tsx(165,64): error TS1005: '}' expected.
components/crisis/CrisisInterventionWidget.tsx(28,9): error TS1005: ':' expected.
components/crisis/CrisisInterventionWidget.tsx(28,58): error TS1005: ',' expected.
components/crisis/CrisisInterventionWidget.tsx(92,1): error TS1005: ',' expected.
components/crisis/CrisisInterventionWidget.tsx(297,70): error TS1005: '}' expected.
components/dashboard/AccessibilityDashboard.tsx(68,7): error TS1005: 'try' expected.
components/dashboard/AccessibilityDashboard.tsx(73,4): error TS1472: 'catch' or 'finally' expected.
components/dashboard/AccessibilityDashboard.tsx(558,1): error TS1005: '}' expected.
components/dashboard/AccessibilityDashboardSimple.tsx(50,7): error TS1005: 'try' expected.
components/dashboard/AccessibilityDashboardSimple.tsx(107,8): error TS17008: JSX element 'header' has no corresponding closing tag.
components/dashboard/AccessibilityDashboardSimple.tsx(117,17): error TS1003: Identifier expected.
components/dashboard/AccessibilityDashboardSimple.tsx(120,17): error TS17002: Expected corresponding JSX closing tag for 'div'.
components/dashboard/AccessibilityDashboardSimple.tsx(128,17): error TS1003: Identifier expected.
components/dashboard/AccessibilityDashboardSimple.tsx(134,17): error TS17002: Expected corresponding JSX closing tag for 'div'.
components/dashboard/AccessibilityDashboardSimple.tsx(140,9): error TS1005: ')' expected.
components/dashboard/AccessibilityDashboardSimple.tsx(144,7): error TS1128: Declaration or statement expected.
components/dashboard/AccessibilityDashboardSimple.tsx(221,5): error TS1128: Declaration or statement expected.
components/dashboard/AccessibilityDashboardSimple.tsx(222,3): error TS1109: Expression expected.
components/dashboard/AccessibilityDashboardSimple.tsx(223,1): error TS1128: Declaration or statement expected.
components/dashboard/AccessibilityDashboardSimple.tsx(571,1): error TS1005: '}' expected.
components/dashboard/CurrentWeekMatchupsWidget.tsx(40,11): error TS1109: Expression expected.
components/dashboard/CurrentWeekMatchupsWidget.tsx(133,77): error TS1005: ',' expected.
components/dashboard/CurrentWeekMatchupsWidget.tsx(193,71): error TS1005: '}' expected.
components/dashboard/DataPersistencePanel.tsx(32,8): error TS1128: Declaration or statement expected.
components/dashboard/DataPersistencePanel.tsx(34,4): error TS1128: Declaration or statement expected.
components/dashboard/DataPersistencePanel.tsx(34,47): error TS1005: ';' expected.
components/dashboard/DataPersistencePanel.tsx(89,6): error TS1127: Invalid character.
components/dashboard/DataPersistencePanel.tsx(89,8): error TS1434: Unexpected keyword or identifier.
components/dashboard/DataPersistencePanel.tsx(89,24): error TS1434: Unexpected keyword or identifier.
components/dashboard/DataPersistencePanel.tsx(135,6): error TS1005: ';' expected.
components/dashboard/DataPersistencePanel.tsx(137,4): error TS1472: 'catch' or 'finally' expected.
components/dashboard/DataPersistencePanel.tsx(313,1): error TS1005: '}' expected.
components/dashboard/OracleDashboardContainer.tsx(115,5): error TS1005: ',' expected.
components/dashboard/OracleDashboardContainer.tsx(118,10): error TS17008: JSX element 'div' has no corresponding closing tag.
components/dashboard/OracleDashboardContainer.tsx(151,14): error TS17008: JSX element 'div' has no corresponding closing tag.
components/dashboard/OracleDashboardContainer.tsx(152,18): error TS17008: JSX element 'div' has no corresponding closing tag.
components/dashboard/OracleDashboardContainer.tsx(156,65): error TS1003: Identifier expected.
components/dashboard/OracleDashboardContainer.tsx(202,1): error TS1005: '</' expected.
components/dashboard/OracleDashboardContainer.tsx(202,1): error TS1160: Unterminated template literal.
components/dashboard/OracleUserDashboard.tsx(41,1): error TS1131: Property or signature expected.
components/dashboard/OracleUserDashboard.tsx(106,14): error TS1005: ',' expected.
components/dashboard/OracleUserDashboard.tsx(109,19): error TS1005: ':' expected.
components/dashboard/OracleUserDashboard.tsx(109,30): error TS1005: ',' expected.
components/dashboard/OracleUserDashboard.tsx(109,49): error TS1005: ',' expected.
components/dashboard/OracleUserDashboard.tsx(109,50): error TS1109: Expression expected.
components/dashboard/OracleUserDashboard.tsx(109,52): error TS1005: ':' expected.
components/dashboard/OracleUserDashboard.tsx(140,14): error TS1128: Declaration or statement expected.
components/dashboard/OracleUserDashboard.tsx(140,15): error TS1005: ',' expected.
components/dashboard/OracleUserDashboard.tsx(143,19): error TS1005: ':' expected.
components/dashboard/OracleUserDashboard.tsx(143,31): error TS1005: ',' expected.
components/dashboard/OracleUserDashboard.tsx(143,52): error TS1005: ',' expected.
components/dashboard/OracleUserDashboard.tsx(143,53): error TS1109: Expression expected.
components/dashboard/OracleUserDashboard.tsx(143,55): error TS1005: ':' expected.
components/dashboard/OracleUserDashboard.tsx(173,13): error TS1005: ',' expected.
components/dashboard/OracleUserDashboard.tsx(173,14): error TS1005: ',' expected.
components/dashboard/OracleUserDashboard.tsx(176,13): error TS1005: ',' expected.
components/dashboard/OracleUserDashboard.tsx(177,13): error TS1005: ',' expected.
components/dashboard/OracleUserDashboard.tsx(178,13): error TS1005: ',' expected.
components/dashboard/OracleUserDashboard.tsx(178,26): error TS1359: Identifier expected. 'false' is a reserved word that cannot be used here.
components/dashboard/OracleUserDashboard.tsx(182,10): error TS1005: ',' expected.
components/dashboard/OracleUserDashboard.tsx(212,6): error TS1128: Declaration or statement expected.
components/dashboard/OracleUserDashboard.tsx(212,56): error TS1005: ';' expected.
components/dashboard/OracleUserDashboard.tsx(390,26): error TS1128: Declaration or statement expected.
components/dashboard/OracleUserDashboard.tsx(431,22): error TS1128: Declaration or statement expected.
components/dashboard/OracleUserDashboard.tsx(499,1): error TS1005: '}' expected.
components/dashboard/WhatsNextWidget.tsx(32,18): error TS1005: ',' expected.
components/dashboard/WhatsNextWidget.tsx(33,22): error TS1005: ':' expected.
components/dashboard/WhatsNextWidget.tsx(34,18): error TS1005: ':' expected.
components/dashboard/WhatsNextWidget.tsx(34,28): error TS1005: ',' expected.
components/dashboard/WhatsNextWidget.tsx(43,18): error TS1005: ',' expected.
components/dashboard/WhatsNextWidget.tsx(44,22): error TS1005: ':' expected.
components/dashboard/WhatsNextWidget.tsx(45,18): error TS1005: ':' expected.
components/dashboard/WhatsNextWidget.tsx(45,29): error TS1005: ',' expected.
components/dashboard/WhatsNextWidget.tsx(46,18): error TS1005: ':' expected.
components/dashboard/WhatsNextWidget.tsx(46,28): error TS1005: ',' expected.
components/dashboard/WhatsNextWidget.tsx(47,23): error TS1005: ':' expected.
components/dashboard/WhatsNextWidget.tsx(47,99): error TS1005: ',' expected.
components/dashboard/WhatsNextWidget.tsx(48,23): error TS1005: ':' expected.
components/dashboard/WhatsNextWidget.tsx(48,178): error TS1005: ',' expected.
components/dashboard/WhatsNextWidget.tsx(49,23): error TS1005: ':' expected.
components/dashboard/WhatsNextWidget.tsx(49,167): error TS1005: ',' expected.
components/dashboard/WhatsNextWidget.tsx(59,18): error TS1005: ',' expected.
components/dashboard/WhatsNextWidget.tsx(60,22): error TS1005: ':' expected.
components/dashboard/WhatsNextWidget.tsx(61,19): error TS1005: ':' expected.
components/dashboard/WhatsNextWidget.tsx(61,35): error TS1005: ',' expected.
components/dashboard/WhatsNextWidget.tsx(70,18): error TS1005: ',' expected.
components/dashboard/WhatsNextWidget.tsx(71,22): error TS1005: ':' expected.
components/dashboard/WhatsNextWidget.tsx(72,18): error TS1005: ':' expected.
components/dashboard/WhatsNextWidget.tsx(72,28): error TS1005: ',' expected.
components/dashboard/WhatsNextWidget.tsx(82,18): error TS1005: ',' expected.
components/dashboard/WhatsNextWidget.tsx(83,22): error TS1005: ':' expected.
components/dashboard/WhatsNextWidget.tsx(87,9): error TS1003: Identifier expected.
components/dashboard/WhatsNextWidget.tsx(87,17): error TS1005: ',' expected.
components/dashboard/WhatsNextWidget.tsx(87,37): error TS1005: ',' expected.
components/dashboard/WhatsNextWidget.tsx(87,43): error TS1136: Property assignment expected.
components/dashboard/WhatsNextWidget.tsx(87,58): error TS1109: Expression expected.
components/dashboard/WhatsNextWidget.tsx(87,59): error TS1109: Expression expected.
components/dashboard/WhatsNextWidget.tsx(87,61): error TS1005: ',' expected.
components/dashboard/WhatsNextWidget.tsx(101,9): error TS1005: ',' expected.
components/dashboard/WhatsNextWidget.tsx(102,5): error TS1109: Expression expected.
components/dashboard/WhatsNextWidget.tsx(103,1): error TS1128: Declaration or statement expected.
components/draft/AuctionPanel.tsx(82,29): error TS1003: Identifier expected.
components/draft/AuctionPanel.tsx(102,27): error TS17015: Expected corresponding closing tag for JSX fragment.
components/draft/AuctionPanel.tsx(102,31): error TS1382: Unexpected token. Did you mean `{'>'}` or `&gt;`?
components/draft/AuctionPanel.tsx(103,23): error TS1003: Identifier expected.
components/draft/AuctionPanel.tsx(108,18): error TS1381: Unexpected token. Did you mean `{'}'}` or `&rbrace;`?
components/draft/AuctionPanel.tsx(110,13): error TS1005: ')' expected.
components/draft/AuctionPanel.tsx(111,9): error TS1128: Declaration or statement expected.
components/draft/AuctionPanel.tsx(112,5): error TS1109: Expression expected.
components/draft/AuctionPanel.tsx(113,1): error TS1128: Declaration or statement expected.
components/draft/AutoDraftInterface.tsx(84,3): error TS1005: ',' expected.
components/draft/AutoDraftInterface.tsx(129,7): error TS1005: 'try' expected.
components/draft/AutoDraftInterface.tsx(135,4): error TS1128: Declaration or statement expected.
components/draft/AutoDraftInterface.tsx(135,62): error TS1005: ';' expected.
components/draft/AutoDraftInterface.tsx(157,4): error TS1128: Declaration or statement expected.
components/draft/AutoDraftInterface.tsx(157,14): error TS1005: ';' expected.
components/draft/AutoDraftInterface.tsx(200,55): error TS1003: Identifier expected.
components/draft/AutoDraftInterface.tsx(215,68): error TS1005: ',' expected.
components/draft/AutoDraftInterface.tsx(217,17): error TS1382: Unexpected token. Did you mean `{'>'}` or `&gt;`?
components/draft/AutoDraftInterface.tsx(220,19): error TS17002: Expected corresponding JSX closing tag for 'div'.
components/draft/AutoDraftInterface.tsx(221,17): error TS1381: Unexpected token. Did you mean `{'}'}` or `&rbrace;`?
components/draft/AutoDraftInterface.tsx(227,9): error TS1005: ')' expected.
components/draft/AutoDraftInterface.tsx(229,5): error TS1128: Declaration or statement expected.
components/draft/AutoDraftInterface.tsx(230,3): error TS1109: Expression expected.
components/draft/AutoDraftInterface.tsx(753,6): error TS17008: JSX element 'div' has no corresponding closing tag.
components/draft/AutoDraftInterface.tsx(754,8): error TS17008: JSX element 'div' has no corresponding closing tag.
components/draft/AutoDraftInterface.tsx(773,43): error TS17014: JSX fragment has no corresponding closing tag.
components/draft/AutoDraftInterface.tsx(776,14): error TS17008: JSX element 'div' has no corresponding closing tag.
components/draft/AutoDraftInterface.tsx(785,62): error TS1003: Identifier expected.
components/draft/AutoDraftInterface.tsx(824,64): error TS1005: '</' expected.
components/draft/AutoDraftInterface.tsx(824,64): error TS1160: Unterminated template literal.
components/draft/DraftSimulationDemo.tsx(63,5): error TS1005: ',' expected.
components/draft/DraftSimulationDemo.tsx(90,5): error TS1005: ',' expected.
components/draft/DraftSimulationDemo.tsx(117,5): error TS1005: ',' expected.
components/draft/DraftSimulationInterface.tsx(94,6): error TS1128: Declaration or statement expected.
components/draft/DraftSimulationInterface.tsx(94,18): error TS1005: ';' expected.
components/draft/DraftSimulationInterface.tsx(162,19): error TS1128: Declaration or statement expected.
components/draft/DraftSimulationInterface.tsx(176,14): error TS1128: Declaration or statement expected.
components/draft/DraftSimulationInterface.tsx(186,7): error TS1005: 'try' expected.
components/draft/DraftSimulationInterface.tsx(188,6): error TS1128: Declaration or statement expected.
components/draft/DraftSimulationInterface.tsx(188,47): error TS1005: ';' expected.
components/draft/DraftSimulationInterface.tsx(201,14): error TS1128: Declaration or statement expected.
components/draft/DraftSimulationInterface.tsx(223,11): error TS1128: Declaration or statement expected.
components/draft/DraftSimulationInterface.tsx(604,10): error TS17008: JSX element 'Widget' has no corresponding closing tag.
components/draft/DraftSimulationInterface.tsx(605,14): error TS17008: JSX element 'div' has no corresponding closing tag.
components/draft/DraftSimulationInterface.tsx(609,62): error TS1003: Identifier expected.
components/draft/DraftSimulationInterface.tsx(636,25): error TS1005: ',' expected.
components/draft/DraftSimulationInterface.tsx(636,26): error TS1005: ',' expected.
components/draft/DraftSimulationInterface.tsx(636,31): error TS1005: ',' expected.
components/draft/DraftSimulationInterface.tsx(636,38): error TS1005: ',' expected.
components/draft/DraftSimulationInterface.tsx(718,1): error TS1005: '</' expected.
components/draft/DraftSimulationInterface.tsx(718,1): error TS1160: Unterminated template literal.
components/draft/EnhancedAiDraftCoach.tsx(32,1): error TS1131: Property or signature expected.
components/draft/EnhancedAiDraftCoach.tsx(41,1): error TS1131: Property or signature expected.
components/draft/EnhancedAiDraftCoach.tsx(78,1): error TS1131: Property or signature expected.
components/draft/EnhancedAiDraftCoach.tsx(216,6): error TS1128: Declaration or statement expected.
components/draft/EnhancedAiDraftCoach.tsx(216,91): error TS1005: ';' expected.
components/draft/EnhancedAiDraftCoach.tsx(231,18): error TS1128: Declaration or statement expected.
components/draft/EnhancedAiDraftCoach.tsx(284,10): error TS1128: Declaration or statement expected.
components/draft/EnhancedAiDraftCoach.tsx(301,10): error TS1128: Declaration or statement expected.
components/draft/EnhancedAiDraftCoach.tsx(322,10): error TS1128: Declaration or statement expected.
components/draft/EnhancedAiDraftCoach.tsx(402,74): error TS1003: Identifier expected.
components/draft/EnhancedAiDraftCoach.tsx(430,53): error TS1005: ',' expected.
components/draft/EnhancedAiDraftCoach.tsx(430,60): error TS1005: ',' expected.
components/draft/EnhancedAiDraftCoach.tsx(430,71): error TS1005: ',' expected.
components/draft/EnhancedAiDraftCoach.tsx(430,75): error TS1005: ',' expected.
components/draft/EnhancedAiDraftCoach.tsx(430,90): error TS1005: ',' expected.
components/draft/EnhancedAiDraftCoach.tsx(430,95): error TS1005: ',' expected.
components/draft/EnhancedAiDraftCoach.tsx(430,159): error TS1381: Unexpected token. Did you mean `{'}'}` or `&rbrace;`?
components/draft/EnhancedAiDraftCoach.tsx(432,37): error TS1382: Unexpected token. Did you mean `{'>'}` or `&gt;`?
components/draft/EnhancedAiDraftCoach.tsx(472,39): error TS17002: Expected corresponding JSX closing tag for 'div'.
components/draft/EnhancedAiDraftCoach.tsx(473,35): error TS1381: Unexpected token. Did you mean `{'}'}` or `&rbrace;`?
components/draft/EnhancedAiDraftCoach.tsx(483,26): error TS1381: Unexpected token. Did you mean `{'}'}` or `&rbrace;`?
components/draft/EnhancedAiDraftCoach.tsx(621,23): error TS17002: Expected corresponding JSX closing tag for 'div'.
components/draft/EnhancedAiDraftCoach.tsx(622,17): error TS1005: ')' expected.
components/draft/EnhancedAiDraftCoach.tsx(623,13): error TS1109: Expression expected.
components/draft/EnhancedAiDraftCoach.tsx(624,9): error TS1109: Expression expected.
components/draft/EnhancedAiDraftCoach.tsx(625,5): error TS1109: Expression expected.
components/draft/EnhancedAiDraftCoach.tsx(626,1): error TS1128: Declaration or statement expected.
components/draft/EnhancedAiDraftCoach.tsx(664,6): error TS1128: Declaration or statement expected.
components/draft/EnhancedSnakeDraftRoom.tsx(130,5): error TS2657: JSX expressions must have one parent element.
components/draft/EnhancedSnakeDraftRoom.tsx(140,13): error TS1003: Identifier expected.
components/draft/EnhancedSnakeDraftRoom.tsx(145,13): error TS17002: Expected corresponding JSX closing tag for 'div'.
components/draft/EnhancedSnakeDraftRoom.tsx(154,13): error TS1003: Identifier expected.
components/draft/EnhancedSnakeDraftRoom.tsx(157,13): error TS17002: Expected corresponding JSX closing tag for 'div'.
components/draft/EnhancedSnakeDraftRoom.tsx(167,11): error TS1003: Identifier expected.
components/draft/EnhancedSnakeDraftRoom.tsx(169,7): error TS1005: ')' expected.
components/draft/EnhancedSnakeDraftRoom.tsx(188,5): error TS1128: Declaration or statement expected.
components/draft/EnhancedSnakeDraftRoom.tsx(189,3): error TS1109: Expression expected.
components/draft/EnhancedSnakeDraftRoom.tsx(190,1): error TS1128: Declaration or statement expected.
components/draft/EnhancedSnakeDraftRoom.tsx(350,5): error TS2657: JSX expressions must have one parent element.
components/draft/EnhancedSnakeDraftRoom.tsx(424,33): error TS1003: Identifier expected.
components/draft/EnhancedSnakeDraftRoom.tsx(425,15): error TS17002: Expected corresponding JSX closing tag for 'div'.
components/draft/EnhancedSnakeDraftRoom.tsx(429,21): error TS1003: Identifier expected.
components/draft/EnhancedSnakeDraftRoom.tsx(430,15): error TS17002: Expected corresponding JSX closing tag for 'div'.
components/draft/EnhancedSnakeDraftRoom.tsx(434,25): error TS1003: Identifier expected.
components/draft/EnhancedSnakeDraftRoom.tsx(435,15): error TS17002: Expected corresponding JSX closing tag for 'div'.
components/draft/EnhancedSnakeDraftRoom.tsx(440,13): error TS1003: Identifier expected.
components/draft/EnhancedSnakeDraftRoom.tsx(440,15): error TS17002: Expected corresponding JSX closing tag for 'div'.
components/draft/EnhancedSnakeDraftRoom.tsx(445,13): error TS1003: Identifier expected.
components/draft/EnhancedSnakeDraftRoom.tsx(445,13): error TS1005: ')' expected.
components/draft/EnhancedSnakeDraftRoom.tsx(446,11): error TS1109: Expression expected.
components/draft/EnhancedSnakeDraftRoom.tsx(462,9): error TS1128: Declaration or statement expected.
components/draft/EnhancedSnakeDraftRoom.tsx(506,7): error TS1128: Declaration or statement expected.
components/draft/EnhancedSnakeDraftRoom.tsx(507,5): error TS1109: Expression expected.
components/draft/EnhancedSnakeDraftRoom.tsx(508,3): error TS1109: Expression expected.
components/draft/EnhancedSnakeDraftRoom.tsx(509,1): error TS1128: Declaration or statement expected.
components/draft/LiveDraftRoom.tsx(80,4): error TS1128: Declaration or statement expected.
components/draft/LiveDraftRoom.tsx(80,53): error TS1005: ';' expected.
components/draft/LiveDraftRoom.tsx(92,10): error TS1128: Declaration or statement expected.
components/draft/LiveDraftRoom.tsx(100,47): error TS1005: ';' expected.
components/draft/LiveDraftRoom.tsx(115,3): error TS1005: ',' expected.
components/draft/LiveDraftRoom.tsx(115,4): error TS1128: Declaration or statement expected.
components/draft/LiveDraftRoom.tsx(115,10): error TS1005: ';' expected.
components/draft/LiveDraftRoom.tsx(118,18): error TS1005: ',' expected.
components/draft/LiveDraftRoom.tsx(180,6): error TS1005: ',' expected.
components/draft/LiveDraftRoom.tsx(191,6): error TS1005: ',' expected.
components/draft/LiveDraftRoom.tsx(240,8): error TS1005: ',' expected.
components/draft/LiveDraftRoom.tsx(256,8): error TS1005: ',' expected.
components/draft/LiveDraftRoom.tsx(362,23): error TS1109: Expression expected.
components/draft/LiveDraftRoom.tsx(436,27): error TS1005: ',' expected.
components/draft/LiveDraftRoom.tsx(456,25): error TS1109: Expression expected.
components/draft/LiveDraftRoom.tsx(468,21): error TS1005: ',' expected.
components/draft/LiveDraftRoom.tsx(693,17): error TS1005: '}' expected.
components/draft/LiveDraftRoom.tsx(709,59): error TS1005: '}' expected.
components/draft/TeamColumn.tsx(34,1): error TS1005: ',' expected.
components/draft/TeamColumn.tsx(34,3): error TS1005: ',' expected.
components/draft/TeamColumn.tsx(35,15): error TS1005: ':' expected.
components/draft/TeamColumn.tsx(35,70): error TS1005: ',' expected.
components/draft/TeamColumn.tsx(43,6): error TS1005: ',' expected.
components/draft/TeamColumn.tsx(44,5): error TS1128: Declaration or statement expected.
components/draft/TeamColumn.tsx(53,6): error TS1005: ';' expected.
components/draft/TeamColumn.tsx(77,71): error TS1003: Identifier expected.
components/draft/TeamColumn.tsx(78,24): error TS1005: ')' expected.
components/draft/TeamColumn.tsx(78,35): error TS1005: '}' expected.
components/draft/TeamColumn.tsx(78,45): error TS1381: Unexpected token. Did you mean `{'}'}` or `&rbrace;`?
components/draft/TeamColumn.tsx(79,32): error TS1005: '}' expected.
components/draft/TeamColumn.tsx(79,36): error TS1381: Unexpected token. Did you mean `{'}'}` or `&rbrace;`?
components/draft/TeamColumn.tsx(80,39): error TS1005: '}' expected.
components/draft/TeamColumn.tsx(80,45): error TS1381: Unexpected token. Did you mean `{'}'}` or `&rbrace;`?
components/draft/TeamColumn.tsx(81,13): error TS1381: Unexpected token. Did you mean `{'}'}` or `&rbrace;`?
components/draft/TeamColumn.tsx(81,14): error TS1381: Unexpected token. Did you mean `{'}'}` or `&rbrace;`?
components/draft/TeamColumn.tsx(87,11): error TS1382: Unexpected token. Did you mean `{'>'}` or `&gt;`?
components/draft/TeamColumn.tsx(98,13): error TS17002: Expected corresponding JSX closing tag for 'AnimatePresence'.
components/draft/TeamColumn.tsx(100,7): error TS1381: Unexpected token. Did you mean `{'}'}` or `&rbrace;`?
components/draft/TeamColumn.tsx(100,9): error TS1381: Unexpected token. Did you mean `{'}'}` or `&rbrace;`?
components/draft/TeamColumn.tsx(101,9): error TS17002: Expected corresponding JSX closing tag for 'div'.
components/draft/TeamColumn.tsx(102,5): error TS1005: ')' expected.
components/draft/TeamColumn.tsx(103,3): error TS1109: Expression expected.
components/draft/TeamColumn.tsx(104,1): error TS1128: Declaration or statement expected.
components/draft/TurnTimer.tsx(64,25): error TS1005: '}' expected.
components/draft/TurnTimer.tsx(65,29): error TS2657: JSX expressions must have one parent element.
components/draft/TurnTimer.tsx(78,21): error TS1005: '}' expected.
components/draft/TurnTimer.tsx(91,55): error TS1005: '}' expected.
components/examples/GestureExampleComponent.tsx(51,4): error TS1005: ',' expected.
components/examples/GestureExampleComponent.tsx(210,1): error TS1005: '}' expected.
components/help/HelpSystem.tsx(76,3): error TS1005: ',' expected.
components/help/HelpSystem.tsx(472,3): error TS1005: ',' expected.
components/help/HelpSystem.tsx(490,4): error TS1128: Declaration or statement expected.
components/help/HelpSystem.tsx(490,37): error TS1005: ';' expected.
components/help/HelpSystem.tsx(536,14): error TS17008: JSX element 'motion.div' has no corresponding closing tag.
components/help/HelpSystem.tsx(568,65): error TS1003: Identifier expected.
components/help/HelpSystem.tsx(568,66): error TS1381: Unexpected token. Did you mean `{'}'}` or `&rbrace;`?
components/help/HelpSystem.tsx(569,21): error TS1382: Unexpected token. Did you mean `{'>'}` or `&gt;`?
components/help/HelpSystem.tsx(577,23): error TS17002: Expected corresponding JSX closing tag for 'div'.
components/help/HelpSystem.tsx(582,73): error TS1003: Identifier expected.
components/help/HelpSystem.tsx(616,45): error TS1005: ',' expected.
components/help/HelpSystem.tsx(616,50): error TS1005: ',' expected.
components/help/HelpSystem.tsx(616,55): error TS1005: ',' expected.
components/help/HelpSystem.tsx(616,63): error TS1005: ',' expected.
components/help/HelpSystem.tsx(616,64): error TS1005: ',' expected.
components/help/HelpSystem.tsx(616,103): error TS1005: ',' expected.
components/help/HelpSystem.tsx(616,132): error TS1381: Unexpected token. Did you mean `{'}'}` or `&rbrace;`?
components/help/HelpSystem.tsx(616,133): error TS1382: Unexpected token. Did you mean `{'>'}` or `&gt;`?
components/help/HelpSystem.tsx(618,29): error TS17002: Expected corresponding JSX closing tag for 'div'.
components/help/HelpSystem.tsx(636,23): error TS1005: ')' expected.
components/help/HelpSystem.tsx(660,23): error TS17002: Expected corresponding JSX closing tag for 'AnimatePresence'.
components/help/HelpSystem.tsx(661,21): error TS17015: Expected corresponding closing tag for JSX fragment.
components/help/HelpSystem.tsx(662,17): error TS1109: Expression expected.
components/help/HelpSystem.tsx(662,19): error TS1128: Declaration or statement expected.
components/help/HelpSystem.tsx(720,18): error TS1128: Declaration or statement expected.
components/help/HelpSystem.tsx(721,15): error TS1128: Declaration or statement expected.
components/help/HelpSystem.tsx(722,13): error TS1109: Expression expected.
components/help/HelpSystem.tsx(723,11): error TS1109: Expression expected.
components/help/HelpSystem.tsx(724,9): error TS1109: Expression expected.
components/help/HelpSystem.tsx(724,10): error TS1128: Declaration or statement expected.
components/help/HelpSystem.tsx(725,7): error TS1128: Declaration or statement expected.
components/help/HelpSystem.tsx(726,5): error TS1109: Expression expected.
components/help/HelpSystem.tsx(726,7): error TS1109: Expression expected.
components/help/HelpSystem.tsx(727,3): error TS1109: Expression expected.
components/help/HelpSystem.tsx(728,1): error TS1128: Declaration or statement expected.
components/icons/AdjustmentsIcon.test.tsx(9,1): error TS1131: Property or signature expected.
components/icons/AlertTriangleIcon.test.tsx(9,1): error TS1131: Property or signature expected.
components/icons/ArchiveIcon.test.tsx(9,1): error TS1131: Property or signature expected.
components/icons/ArrowDownIcon.test.tsx(9,1): error TS1131: Property or signature expected.
components/icons/ArrowRightIcon.test.tsx(9,1): error TS1131: Property or signature expected.
components/icons/ArrowRightLeftIcon.test.tsx(9,1): error TS1131: Property or signature expected.
components/icons/ArrowUpIcon.test.tsx(9,1): error TS1131: Property or signature expected.
components/icons/AwardIcon.test.tsx(9,1): error TS1131: Property or signature expected.
components/icons/BarChartIcon.test.tsx(9,1): error TS1131: Property or signature expected.
components/icons/BellIcon.test.tsx(9,1): error TS1131: Property or signature expected.
components/icons/BookOpenIcon.test.tsx(9,1): error TS1131: Property or signature expected.
components/icons/BotMessageSquareIcon.test.tsx(9,1): error TS1131: Property or signature expected.
components/icons/BrainCircuitIcon.test.tsx(9,1): error TS1131: Property or signature expected.
components/icons/CalendarIcon.test.tsx(9,1): error TS1131: Property or signature expected.
components/icons/ChartBarIcon.test.tsx(9,1): error TS1131: Property or signature expected.
components/icons/CheckCircleIcon.test.tsx(9,1): error TS1131: Property or signature expected.
components/icons/CheckIcon.test.tsx(9,1): error TS1131: Property or signature expected.
components/icons/ChevronDownIcon.test.tsx(9,1): error TS1131: Property or signature expected.
components/icons/ChevronLeftIcon.test.tsx(9,1): error TS1131: Property or signature expected.
components/icons/ChevronRightIcon.test.tsx(9,1): error TS1131: Property or signature expected.
components/icons/ClearIcon.test.tsx(9,1): error TS1131: Property or signature expected.
components/icons/ClipboardCheckIcon.test.tsx(9,1): error TS1131: Property or signature expected.
components/icons/ClipboardIcon.test.tsx(9,1): error TS1131: Property or signature expected.
components/icons/ClipboardListIcon.test.tsx(9,1): error TS1131: Property or signature expected.
components/icons/ClockIcon.test.tsx(9,1): error TS1131: Property or signature expected.
components/icons/CloseIcon.test.tsx(9,1): error TS1131: Property or signature expected.
components/icons/CommandIcon.test.tsx(9,1): error TS1131: Property or signature expected.
components/icons/CompareIcon.test.tsx(9,1): error TS1131: Property or signature expected.
components/icons/ContractIcon.test.tsx(9,1): error TS1131: Property or signature expected.
components/icons/CrosshairIcon.test.tsx(9,1): error TS1131: Property or signature expected.
components/icons/CrownIcon.test.tsx(9,1): error TS1131: Property or signature expected.
components/icons/DollarSignIcon.test.tsx(9,1): error TS1131: Property or signature expected.
components/icons/DownloadIcon.test.tsx(9,1): error TS1131: Property or signature expected.
components/icons/DragHandleIcon.test.tsx(9,1): error TS1131: Property or signature expected.
components/icons/EmptyTumbleweedIcon.test.tsx(9,1): error TS1131: Property or signature expected.
components/icons/ExportIcon.test.tsx(9,1): error TS1131: Property or signature expected.
components/icons/EyeIcon.test.tsx(9,1): error TS1131: Property or signature expected.
components/icons/FileTextIcon.test.tsx(9,1): error TS1131: Property or signature expected.
components/icons/FilmIcon.test.tsx(9,1): error TS1131: Property or signature expected.
components/icons/FireIcon.test.tsx(9,1): error TS1131: Property or signature expected.
components/icons/FirstPlaceIcon.test.tsx(9,1): error TS1131: Property or signature expected.
components/icons/FlameIcon.test.tsx(9,1): error TS1131: Property or signature expected.
components/icons/FlaskConicalIcon.test.tsx(9,1): error TS1131: Property or signature expected.
components/icons/GavelIcon.test.tsx(9,1): error TS1131: Property or signature expected.
components/icons/GemIcon.test.tsx(9,1): error TS1131: Property or signature expected.
components/icons/GlobeIcon.test.tsx(9,1): error TS1131: Property or signature expected.
components/icons/HeartIcon.test.tsx(9,1): error TS1131: Property or signature expected.
components/icons/HistoryIcon.test.tsx(9,1): error TS1131: Property or signature expected.
components/icons/ImageIcon.test.tsx(9,1): error TS1131: Property or signature expected.
components/icons/InboxIcon.test.tsx(9,1): error TS1131: Property or signature expected.
components/icons/InfoIcon.test.tsx(9,1): error TS1131: Property or signature expected.
components/icons/InjuryIcon.test.tsx(9,1): error TS1131: Property or signature expected.
components/icons/LayoutIcon.test.tsx(9,1): error TS1131: Property or signature expected.
components/icons/LightbulbIcon.test.tsx(9,1): error TS1131: Property or signature expected.
components/icons/LinkIcon.test.tsx(9,1): error TS1131: Property or signature expected.
components/icons/ListChecksIcon.test.tsx(9,1): error TS1131: Property or signature expected.
components/icons/LogOutIcon.test.tsx(9,1): error TS1131: Property or signature expected.
components/icons/MailIcon.test.tsx(9,1): error TS1131: Property or signature expected.
components/icons/MaskIcon.test.tsx(9,1): error TS1131: Property or signature expected.
components/icons/MedalIcon.test.tsx(9,1): error TS1131: Property or signature expected.
components/icons/MegaphoneIcon.test.tsx(9,1): error TS1131: Property or signature expected.
components/icons/MenuIcon.test.tsx(9,1): error TS1131: Property or signature expected.
components/icons/MessageCircleIcon.test.tsx(9,1): error TS1131: Property or signature expected.
components/icons/MicrophoneIcon.test.tsx(9,1): error TS1131: Property or signature expected.
components/icons/MinusIcon.test.tsx(9,1): error TS1131: Property or signature expected.
components/icons/MoonIcon.test.tsx(9,1): error TS1131: Property or signature expected.
components/icons/MusicIcon.test.tsx(9,1): error TS1131: Property or signature expected.
components/icons/NewsIcon.test.tsx(9,1): error TS1131: Property or signature expected.
components/icons/NewspaperIcon.test.tsx(9,1): error TS1131: Property or signature expected.
components/icons/PaperPlaneIcon.test.tsx(9,1): error TS1131: Property or signature expected.
components/icons/PartyPopperIcon.test.tsx(9,1): error TS1131: Property or signature expected.
components/icons/PauseIcon.test.tsx(9,1): error TS1131: Property or signature expected.
components/icons/PawPrintIcon.test.tsx(9,1): error TS1131: Property or signature expected.
components/icons/PencilIcon.test.tsx(9,1): error TS1131: Property or signature expected.
components/icons/PercentIcon.test.tsx(9,1): error TS1131: Property or signature expected.
components/icons/PhoneIcon.test.tsx(9,1): error TS1131: Property or signature expected.
components/icons/PlayIcon.test.tsx(9,1): error TS1131: Property or signature expected.
components/icons/PlusCircleIcon.test.tsx(9,1): error TS1131: Property or signature expected.
components/icons/QueueIcon.test.tsx(9,1): error TS1131: Property or signature expected.
components/icons/RefineIcon.test.tsx(9,1): error TS1131: Property or signature expected.
components/icons/RefreshIcon.test.tsx(9,1): error TS1131: Property or signature expected.
components/icons/RestoreIcon.test.tsx(9,1): error TS1131: Property or signature expected.
components/icons/RobotIcon.test.tsx(9,1): error TS1131: Property or signature expected.
components/icons/SaveIcon.test.tsx(9,1): error TS1131: Property or signature expected.
components/icons/ScalesIcon.test.tsx(9,1): error TS1131: Property or signature expected.
components/icons/ScrollTextIcon.test.tsx(9,1): error TS1131: Property or signature expected.
components/icons/SearchIcon.test.tsx(9,1): error TS1131: Property or signature expected.
components/icons/SendIcon.test.tsx(9,1): error TS1131: Property or signature expected.
components/icons/SettingsIcon.test.tsx(9,1): error TS1131: Property or signature expected.
components/icons/Share2Icon.test.tsx(9,1): error TS1131: Property or signature expected.
components/icons/ShareIcon.test.tsx(9,1): error TS1131: Property or signature expected.
components/icons/ShieldAlertIcon.test.tsx(9,1): error TS1131: Property or signature expected.
components/icons/ShieldCheckIcon.test.tsx(9,1): error TS1131: Property or signature expected.
components/icons/SnowflakeIcon.test.tsx(9,1): error TS1131: Property or signature expected.
components/icons/SparklesIcon.test.tsx(9,1): error TS1131: Property or signature expected.
components/icons/StarFilledIcon.test.tsx(9,1): error TS1131: Property or signature expected.
components/icons/StarIcon.test.tsx(9,1): error TS1131: Property or signature expected.
components/icons/StopIcon.test.tsx(9,1): error TS1131: Property or signature expected.
components/icons/SunIcon.test.tsx(9,1): error TS1131: Property or signature expected.
components/icons/SwordIcon.test.tsx(9,1): error TS1131: Property or signature expected.
components/icons/SwordsIcon.test.tsx(9,1): error TS1131: Property or signature expected.
components/icons/TargetIcon.test.tsx(9,1): error TS1131: Property or signature expected.
components/icons/TelescopeIcon.test.tsx(9,1): error TS1131: Property or signature expected.
components/icons/TournamentIcon.test.tsx(9,1): error TS1131: Property or signature expected.
components/icons/Trash2Icon.test.tsx(9,1): error TS1131: Property or signature expected.
components/icons/TrashIcon.test.tsx(9,1): error TS1131: Property or signature expected.
components/icons/TrendingDownIcon.test.tsx(9,1): error TS1131: Property or signature expected.
components/icons/TrendingUpIcon.test.tsx(9,1): error TS1131: Property or signature expected.
components/icons/TrophyIcon.test.tsx(9,1): error TS1131: Property or signature expected.
components/icons/TvIcon.test.tsx(9,1): error TS1131: Property or signature expected.
components/icons/UserIcon.test.tsx(9,1): error TS1131: Property or signature expected.
components/icons/UserPlusIcon.test.tsx(9,1): error TS1131: Property or signature expected.
components/icons/UserRemoveIcon.test.tsx(9,1): error TS1131: Property or signature expected.
components/icons/UsersIcon.test.tsx(9,1): error TS1131: Property or signature expected.
components/icons/WandIcon.test.tsx(9,1): error TS1131: Property or signature expected.
components/icons/XCircleIcon.test.tsx(9,1): error TS1131: Property or signature expected.
components/icons/XIcon.test.tsx(9,1): error TS1131: Property or signature expected.
components/icons/ZapIcon.test.tsx(9,1): error TS1131: Property or signature expected.
components/injury/InjuryAlertNotification.tsx(68,3): error TS1005: ',' expected.
components/injury/InjuryAlertNotification.tsx(68,4): error TS1128: Declaration or statement expected.
components/injury/InjuryAlertNotification.tsx(68,38): error TS1005: ';' expected.
components/injury/InjuryAlertNotification.tsx(72,23): error TS1005: ',' expected.
components/injury/InjuryAlertNotification.tsx(72,42): error TS1005: ',' expected.
components/injury/InjuryAlertNotification.tsx(72,60): error TS1005: ',' expected.
components/injury/InjuryAlertNotification.tsx(80,7): error TS1005: 'try' expected.
components/injury/InjuryAlertNotification.tsx(235,106): error TS1005: ',' expected.
components/injury/InjuryAlertNotification.tsx(251,101): error TS1005: ',' expected.
components/injury/InjuryAlertNotification.tsx(267,119): error TS1005: ',' expected.
components/injury/InjuryAlertNotification.tsx(279,112): error TS1005: ',' expected.
components/injury/InjuryAlertNotification.tsx(290,105): error TS1005: ',' expected.
components/injury/InjuryAlertNotification.tsx(413,1): error TS1005: '}' expected.
components/injury/InjuryDashboard.tsx(126,4): error TS1128: Declaration or statement expected.
components/injury/InjuryDashboard.tsx(126,8): error TS1005: ';' expected.
components/injury/InjuryDashboard.tsx(427,31): error TS2657: JSX expressions must have one parent element.
components/injury/InjuryDashboard.tsx(432,33): error TS1003: Identifier expected.
components/injury/InjuryDashboard.tsx(437,31): error TS1005: ')' expected.
components/injury/InjuryDashboard.tsx(437,33): error TS17002: Expected corresponding JSX closing tag for 'div'.
components/injury/InjuryDashboard.tsx(438,30): error TS1005: '}' expected.
components/injury/InjuryDashboard.tsx(438,31): error TS1381: Unexpected token. Did you mean `{'}'}` or `&rbrace;`?
components/injury/InjuryDashboard.tsx(440,26): error TS1381: Unexpected token. Did you mean `{'}'}` or `&rbrace;`?
components/injury/InjuryDashboard.tsx(441,25): error TS17002: Expected corresponding JSX closing tag for 'CardContent'.
components/injury/InjuryDashboard.tsx(442,23): error TS17002: Expected corresponding JSX closing tag for 'Card'.
components/injury/InjuryDashboard.tsx(443,19): error TS1005: ')' expected.
components/injury/InjuryDashboard.tsx(443,21): error TS17002: Expected corresponding JSX closing tag for 'div'.
components/injury/InjuryDashboard.tsx(505,14): error TS1381: Unexpected token. Did you mean `{'}'}` or `&rbrace;`?
components/injury/InjuryDashboard.tsx(602,13): error TS17002: Expected corresponding JSX closing tag for 'CardContent'.
components/injury/InjuryDashboard.tsx(603,11): error TS17002: Expected corresponding JSX closing tag for 'Card'.
components/injury/InjuryDashboard.tsx(604,9): error TS17002: Expected corresponding JSX closing tag for 'div'.
components/injury/InjuryDashboard.tsx(605,5): error TS1005: ')' expected.
components/injury/InjuryDashboard.tsx(606,3): error TS1109: Expression expected.
components/injury/InjuryDashboard.tsx(607,1): error TS1128: Declaration or statement expected.
components/layout/MobileEnhancedDashboard.tsx(50,4): error TS1005: ',' expected.
components/layout/MobileEnhancedDashboard.tsx(52,9): error TS1005: ':' expected.
components/layout/MobileEnhancedDashboard.tsx(57,4): error TS1005: ',' expected.
components/layout/MobileEnhancedDashboard.tsx(59,7): error TS1003: Identifier expected.
components/layout/MobileEnhancedDashboard.tsx(133,2): error TS1005: ',' expected.
components/layout/MobileEnhancedDashboard.tsx(135,7): error TS1005: ':' expected.
components/layout/MobileEnhancedDashboard.tsx(135,47): error TS1005: ',' expected.
components/layout/MobileEnhancedDashboard.tsx(135,54): error TS1005: ',' expected.
components/layout/MobileEnhancedDashboard.tsx(139,2): error TS1005: ',' expected.
components/layout/MobileEnhancedDashboard.tsx(141,8): error TS1005: ':' expected.
components/layout/MobileEnhancedDashboard.tsx(141,16): error TS1005: ':' expected.
components/layout/MobileEnhancedDashboard.tsx(141,68): error TS1005: ',' expected.
components/layout/MobileEnhancedDashboard.tsx(142,1): error TS1005: '}' expected.
components/layout/MobileNavigation.tsx(86,3): error TS1005: ',' expected.
components/layout/MobileNavigation.tsx(110,4): error TS1128: Declaration or statement expected.
components/layout/MobileNavigation.tsx(110,23): error TS1005: ';' expected.
components/layout/MobileNavigation.tsx(150,33): error TS1005: ',' expected.
components/layout/MobileNavigation.tsx(153,6): error TS17008: JSX element 'AnimatePresence' has no corresponding closing tag.
components/layout/MobileNavigation.tsx(155,10): error TS17008: JSX element 'motion.dialog' has no corresponding closing tag.
components/layout/MobileNavigation.tsx(170,12): error TS17008: JSX element 'motion.div' has no corresponding closing tag.
components/layout/MobileNavigation.tsx(220,14): error TS17008: JSX element 'nav' has no corresponding closing tag.
components/layout/MobileNavigation.tsx(221,16): error TS17008: JSX element 'ul' has no corresponding closing tag.
components/layout/MobileNavigation.tsx(223,20): error TS17008: JSX element 'li' has no corresponding closing tag.
components/layout/MobileNavigation.tsx(233,25): error TS1005: '}' expected.
components/layout/MobileNavigation.tsx(233,27): error TS1005: '...' expected.
components/layout/MobileNavigation.tsx(234,79): error TS1005: '>' expected.
components/layout/MobileNavigation.tsx(235,24): error TS1381: Unexpected token. Did you mean `{'}'}` or `&rbrace;`?
components/layout/MobileNavigation.tsx(237,21): error TS1382: Unexpected token. Did you mean `{'>'}` or `&gt;`?
components/layout/MobileNavigation.tsx(250,24): error TS17008: JSX element 'div' has no corresponding closing tag.
components/layout/MobileNavigation.tsx(291,1): error TS1005: '</' expected.
components/layout/MobileNavigation.tsx(291,1): error TS1160: Unterminated template literal.
components/league/LeagueCreationWizard.tsx(33,1): error TS1131: Property or signature expected.
components/league/LeagueCreationWizard.tsx(57,82): error TS1005: ',' expected.
components/league/LeagueCreationWizard.tsx(70,97): error TS1005: ',' expected.
components/league/LeagueCreationWizard.tsx(86,89): error TS1005: ',' expected.
components/league/LeagueCreationWizard.tsx(98,88): error TS1005: ',' expected.
components/league/LeagueCreationWizard.tsx(134,39): error TS1109: Expression expected.
components/league/LeagueCreationWizard.tsx(134,57): error TS1005: '}' expected.
components/league/LeagueCreationWizard.tsx(134,125): error TS1381: Unexpected token. Did you mean `{'}'}` or `&rbrace;`?
components/league/LeagueCreationWizard.tsx(140,25): error TS1382: Unexpected token. Did you mean `{'>'}` or `&gt;`?
components/league/LeagueCreationWizard.tsx(174,39): error TS1109: Expression expected.
components/league/LeagueCreationWizard.tsx(174,57): error TS1005: '}' expected.
components/league/LeagueCreationWizard.tsx(174,97): error TS1005: '}' expected.
components/league/LeagueCreationWizard.tsx(174,115): error TS1381: Unexpected token. Did you mean `{'}'}` or `&rbrace;`?
components/league/LeagueCreationWizard.tsx(174,117): error TS1381: Unexpected token. Did you mean `{'}'}` or `&rbrace;`?
components/league/LeagueCreationWizard.tsx(180,25): error TS1382: Unexpected token. Did you mean `{'>'}` or `&gt;`?
components/league/LeagueCreationWizard.tsx(202,91): error TS1005: ',' expected.
components/league/LeagueCreationWizard.tsx(214,91): error TS1005: ',' expected.
components/league/LeagueCreationWizard.tsx(292,9): error TS1136: Property assignment expected.
components/league/LeagueCreationWizard.tsx(310,9): error TS1136: Property assignment expected.
components/league/LeagueCreationWizard.tsx(317,5): error TS1005: ',' expected.
components/league/LeagueCreationWizard.tsx(393,10): error TS1472: 'catch' or 'finally' expected.
components/league/LeagueCreationWizard.tsx(394,11): error TS1005: ',' expected.
components/league/LeagueCreationWizard.tsx(414,91): error TS1005: ',' expected.
components/league/LeagueCreationWizard.tsx(513,1): error TS1005: '}' expected.
components/league/LeagueMemorySystem.tsx(40,1): error TS1131: Property or signature expected.
components/league/LeagueMemorySystem.tsx(87,6): error TS1128: Declaration or statement expected.
components/league/LeagueMemorySystem.tsx(107,6): error TS1128: Declaration or statement expected.
components/league/LeagueMemorySystem.tsx(170,62): error TS1003: Identifier expected.
components/league/LeagueMemorySystem.tsx(192,49): error TS1005: ',' expected.
components/league/LeagueMemorySystem.tsx(193,11): error TS1382: Unexpected token. Did you mean `{'>'}` or `&gt;`?
components/league/LeagueMemorySystem.tsx(200,13): error TS17002: Expected corresponding JSX closing tag for 'div'.
components/league/LeagueMemorySystem.tsx(202,52): error TS1003: Identifier expected.
components/league/LeagueMemorySystem.tsx(202,53): error TS1381: Unexpected token. Did you mean `{'}'}` or `&rbrace;`?
components/league/LeagueMemorySystem.tsx(203,11): error TS1382: Unexpected token. Did you mean `{'>'}` or `&gt;`?
components/league/LeagueMemorySystem.tsx(209,13): error TS17002: Expected corresponding JSX closing tag for 'div'.
components/league/LeagueMemorySystem.tsx(213,7): error TS1005: ')' expected.
components/league/LeagueMemorySystem.tsx(376,58): error TS1003: Identifier expected.
components/league/LeagueMemorySystem.tsx(376,59): error TS1381: Unexpected token. Did you mean `{'}'}` or `&rbrace;`?
components/league/LeagueMemorySystem.tsx(377,19): error TS1382: Unexpected token. Did you mean `{'>'}` or `&gt;`?
components/league/LeagueMemorySystem.tsx(382,21): error TS17002: Expected corresponding JSX closing tag for 'div'.
components/league/LeagueMemorySystem.tsx(390,17): error TS17002: Expected corresponding JSX closing tag for 'motion.div'.
components/league/LeagueMemorySystem.tsx(391,13): error TS1005: ')' expected.
components/league/LeagueMemorySystem.tsx(391,15): error TS17002: Expected corresponding JSX closing tag for 'div'.
components/league/LeagueMemorySystem.tsx(392,12): error TS1005: ';' expected.
components/league/LeagueMemorySystem.tsx(393,9): error TS1128: Declaration or statement expected.
components/league/LeagueMemorySystem.tsx(394,7): error TS1109: Expression expected.
components/league/LeagueMemorySystem.tsx(394,8): error TS1128: Declaration or statement expected.
components/league/LeagueMemorySystem.tsx(444,66): error TS1003: Identifier expected.
components/league/LeagueMemorySystem.tsx(444,67): error TS1381: Unexpected token. Did you mean `{'}'}` or `&rbrace;`?
components/league/LeagueMemorySystem.tsx(445,19): error TS1382: Unexpected token. Did you mean `{'>'}` or `&gt;`?
components/league/LeagueMemorySystem.tsx(450,21): error TS17002: Expected corresponding JSX closing tag for 'div'.
components/league/LeagueMemorySystem.tsx(479,21): error TS1005: '}' expected.
components/league/LeagueMemorySystem.tsx(488,17): error TS17002: Expected corresponding JSX closing tag for 'motion.div'.
components/league/LeagueMemorySystem.tsx(490,11): error TS1005: ')' expected.
components/league/LeagueMemorySystem.tsx(490,13): error TS17002: Expected corresponding JSX closing tag for 'AnimatePresence'.
components/league/LeagueMemorySystem.tsx(491,9): error TS1128: Declaration or statement expected.
components/league/LeagueMemorySystem.tsx(491,10): error TS1128: Declaration or statement expected.
components/league/LeagueMemorySystem.tsx(492,7): error TS1128: Declaration or statement expected.
components/league/LeagueMemorySystem.tsx(574,7): error TS1128: Declaration or statement expected.
components/league/LeagueMemorySystem.tsx(575,5): error TS1109: Expression expected.
components/league/LeagueMemorySystem.tsx(576,3): error TS1109: Expression expected.
components/league/LeagueMemorySystem.tsx(577,1): error TS1128: Declaration or statement expected.
components/league/LeagueSuperlativesSystem.tsx(34,1): error TS1131: Property or signature expected.
components/league/LeagueSuperlativesSystem.tsx(45,7): error TS1005: ';' expected.
components/league/LeagueSuperlativesSystem.tsx(75,5): error TS1136: Property assignment expected.
components/league/LeagueSuperlativesSystem.tsx(93,5): error TS1136: Property assignment expected.
components/league/LeagueSuperlativesSystem.tsx(113,5): error TS1136: Property assignment expected.
components/league/LeagueSuperlativesSystem.tsx(130,5): error TS1136: Property assignment expected.
components/league/LeagueSuperlativesSystem.tsx(147,5): error TS1136: Property assignment expected.
components/league/LeagueSuperlativesSystem.tsx(166,5): error TS1136: Property assignment expected.
components/league/LeagueSuperlativesSystem.tsx(183,5): error TS1136: Property assignment expected.
components/league/LeagueSuperlativesSystem.tsx(200,5): error TS1136: Property assignment expected.
components/league/LeagueSuperlativesSystem.tsx(217,5): error TS1136: Property assignment expected.
components/league/LeagueSuperlativesSystem.tsx(234,3): error TS1005: ',' expected.
components/league/LeagueSuperlativesSystem.tsx(297,60): error TS1003: Identifier expected.
components/league/LeagueSuperlativesSystem.tsx(313,25): error TS1005: ',' expected.
components/league/LeagueSuperlativesSystem.tsx(313,34): error TS1005: ',' expected.
components/league/LeagueSuperlativesSystem.tsx(313,38): error TS1005: ',' expected.
components/league/LeagueSuperlativesSystem.tsx(313,49): error TS1005: ',' expected.
components/league/LeagueSuperlativesSystem.tsx(313,58): error TS1005: ',' expected.
components/league/LeagueSuperlativesSystem.tsx(313,59): error TS1005: ',' expected.
components/league/LeagueSuperlativesSystem.tsx(313,86): error TS1005: ',' expected.
components/league/LeagueSuperlativesSystem.tsx(313,93): error TS1005: ',' expected.
components/league/LeagueSuperlativesSystem.tsx(313,142): error TS1381: Unexpected token. Did you mean `{'}'}` or `&rbrace;`?
components/league/LeagueSuperlativesSystem.tsx(315,11): error TS1382: Unexpected token. Did you mean `{'>'}` or `&gt;`?
components/league/LeagueSuperlativesSystem.tsx(408,13): error TS17002: Expected corresponding JSX closing tag for 'div'.
components/league/LeagueSuperlativesSystem.tsx(409,11): error TS1381: Unexpected token. Did you mean `{'}'}` or `&rbrace;`?
components/league/LeagueSuperlativesSystem.tsx(508,70): error TS1005: '}' expected.
components/league/RivalryTracker.tsx(36,1): error TS1131: Property or signature expected.
components/league/RivalryTracker.tsx(66,1): error TS1131: Property or signature expected.
components/league/RivalryTracker.tsx(77,7): error TS1005: ';' expected.
components/league/RivalryTracker.tsx(196,11): error TS1005: ',' expected.
components/league/RivalryTracker.tsx(216,8): error TS1005: ',' expected.
components/league/RivalryTracker.tsx(218,16): error TS1005: ',' expected.
components/league/RivalryTracker.tsx(218,30): error TS1005: ',' expected.
components/league/RivalryTracker.tsx(220,12): error TS1005: ':' expected.
components/league/RivalryTracker.tsx(220,21): error TS1005: ',' expected.
components/league/RivalryTracker.tsx(221,4): error TS1005: ':' expected.
components/league/RivalryTracker.tsx(223,9): error TS1005: ':' expected.
components/league/RivalryTracker.tsx(223,63): error TS1005: ',' expected.
components/league/RivalryTracker.tsx(225,9): error TS1005: ':' expected.
components/league/RivalryTracker.tsx(230,4): error TS1005: ',' expected.
components/league/RivalryTracker.tsx(232,9): error TS1005: ':' expected.
components/league/RivalryTracker.tsx(237,4): error TS1005: ',' expected.
components/league/RivalryTracker.tsx(239,9): error TS1005: ':' expected.
components/league/RivalryTracker.tsx(243,4): error TS1005: ',' expected.
components/league/RivalryTracker.tsx(245,9): error TS1005: ':' expected.
components/league/RivalryTracker.tsx(471,55): error TS1003: Identifier expected.
components/league/RivalryTracker.tsx(523,21): error TS1005: '}' expected.
components/league/RivalryTracker.tsx(576,60): error TS1005: '}' expected.
components/league/TeamIdentityCustomizer.tsx(228,84): error TS1005: ',' expected.
components/league/TeamIdentityCustomizer.tsx(237,86): error TS1005: ',' expected.
components/league/TeamIdentityCustomizer.tsx(246,83): error TS1005: ',' expected.
components/league/TeamIdentityCustomizer.tsx(263,79): error TS1005: ',' expected.
components/league/TeamIdentityCustomizer.tsx(281,73): error TS1005: ',' expected.
components/league/TeamIdentityCustomizer.tsx(299,65): error TS1005: ',' expected.
components/league/TeamIdentityCustomizer.tsx(332,80): error TS1005: ',' expected.
components/league/TrashTalkSystem.tsx(22,1): error TS1131: Property or signature expected.
components/league/TrashTalkSystem.tsx(33,7): error TS1005: ';' expected.
components/league/TrashTalkSystem.tsx(72,3): error TS1005: ',' expected.
components/league/TrashTalkSystem.tsx(134,11): error TS1128: Declaration or statement expected.
components/league/TrashTalkSystem.tsx(144,6): error TS1128: Declaration or statement expected.
components/league/TrashTalkSystem.tsx(162,6): error TS17008: JSX element 'div' has no corresponding closing tag.
components/league/TrashTalkSystem.tsx(207,63): error TS1003: Identifier expected.
components/league/TrashTalkSystem.tsx(236,72): error TS1005: ',' expected.
components/league/TrashTalkSystem.tsx(241,14): error TS1382: Unexpected token. Did you mean `{'>'}` or `&gt;`?
components/league/TrashTalkSystem.tsx(287,8): error TS17008: JSX element 'div' has no corresponding closing tag.
components/league/TrashTalkSystem.tsx(288,10): error TS17008: JSX element 'AnimatePresence' has no corresponding closing tag.
components/league/TrashTalkSystem.tsx(290,14): error TS17008: JSX element 'motion.div' has no corresponding closing tag.
components/league/TrashTalkSystem.tsx(321,16): error TS17008: JSX element 'div' has no corresponding closing tag.
components/league/TrashTalkSystem.tsx(325,76): error TS1003: Identifier expected.
components/league/TrashTalkSystem.tsx(355,61): error TS1005: '</' expected.
components/league/TrashTalkSystem.tsx(355,61): error TS1160: Unterminated template literal.
components/league/VictoryCelebrationSystem.tsx(24,1): error TS1131: Property or signature expected.
components/league/VictoryCelebrationSystem.tsx(155,3): error TS1005: ',' expected.
components/league/VictoryCelebrationSystem.tsx(208,4): error TS1005: ',' expected.
components/league/VictoryCelebrationSystem.tsx(211,9): error TS1005: ':' expected.
components/league/VictoryCelebrationSystem.tsx(230,4): error TS1005: ',' expected.
components/league/VictoryCelebrationSystem.tsx(232,9): error TS1005: ':' expected.
components/league/VictoryCelebrationSystem.tsx(244,6): error TS1128: Declaration or statement expected.
components/league/VictoryCelebrationSystem.tsx(247,4): error TS1005: ',' expected.
components/league/VictoryCelebrationSystem.tsx(249,9): error TS1005: ':' expected.
components/league/VictoryCelebrationSystem.tsx(459,70): error TS1005: '}' expected.
components/league/WeeklyChallengeSystem.tsx(36,7): error TS1005: 'try' expected.
components/league/WeeklyChallengeSystem.tsx(151,5): error TS1005: ',' expected.
components/league/WeeklyChallengeSystem.tsx(438,78): error TS1005: ',' expected.
components/league/WeeklyChallengeSystem.tsx(481,67): error TS1005: '}' expected.
components/league/WeeklyPowerRankings.tsx(44,1): error TS1131: Property or signature expected.
components/league/WeeklyPowerRankings.tsx(131,10): error TS1005: ',' expected.
components/league/WeeklyPowerRankings.tsx(132,8): error TS1005: ';' expected.
components/league/WeeklyPowerRankings.tsx(139,7): error TS1005: 'try' expected.
components/league/WeeklyPowerRankings.tsx(431,65): error TS1005: '}' expected.
components/mobile/AccessibleMobileComponents.tsx(87,6): error TS1128: Declaration or statement expected.
components/mobile/AccessibleMobileComponents.tsx(87,10): error TS1005: ';' expected.
components/mobile/AccessibleMobileComponents.tsx(109,11): error TS1128: Declaration or statement expected.
components/mobile/AccessibleMobileComponents.tsx(132,6): error TS1128: Declaration or statement expected.
components/mobile/AccessibleMobileComponents.tsx(132,43): error TS1005: ';' expected.
components/mobile/AccessibleMobileComponents.tsx(342,1): error TS1005: '}' expected.
components/mobile/EnhancedMobileOracleInterface.tsx(34,1): error TS1131: Property or signature expected.
components/mobile/EnhancedMobileOracleInterface.tsx(101,5): error TS1005: ',' expected.
components/mobile/EnhancedMobileOracleInterface.tsx(374,1): error TS1005: '}' expected.
components/mobile/MobileAnalyticsDashboard.tsx(31,1): error TS1131: Property or signature expected.
components/mobile/MobileAnalyticsDashboard.tsx(101,5): error TS1005: ',' expected.
components/mobile/MobileAnalyticsDashboard.tsx(127,7): error TS1005: 'try' expected.
components/mobile/MobileAnalyticsDashboard.tsx(130,7): error TS1005: 'try' expected.
components/mobile/MobileAnalyticsDashboard.tsx(132,6): error TS1128: Declaration or statement expected.
components/mobile/MobileAnalyticsDashboard.tsx(147,17): error TS1005: '}' expected.
components/mobile/MobileAnalyticsDashboard.tsx(336,10): error TS17008: JSX element 'div' has no corresponding closing tag.
components/mobile/MobileAnalyticsDashboard.tsx(338,14): error TS17008: JSX element 'div' has no corresponding closing tag.
components/mobile/MobileAnalyticsDashboard.tsx(339,18): error TS17008: JSX element 'div' has no corresponding closing tag.
components/mobile/MobileAnalyticsDashboard.tsx(360,22): error TS17008: JSX element 'div' has no corresponding closing tag.
components/mobile/MobileAnalyticsDashboard.tsx(369,76): error TS1003: Identifier expected.
components/mobile/MobileAnalyticsDashboard.tsx(424,1): error TS1005: '</' expected.
components/mobile/MobileAnalyticsDashboard.tsx(424,1): error TS1160: Unterminated template literal.
components/mobile/MobileDraftInterface.tsx(213,6): error TS1128: Declaration or statement expected.
components/mobile/MobileDraftInterface.tsx(213,55): error TS1005: ';' expected.
components/mobile/MobileDraftInterface.tsx(227,10): error TS1128: Declaration or statement expected.
components/mobile/MobileDraftInterface.tsx(245,10): error TS17008: JSX element 'div' has no corresponding closing tag.
components/mobile/MobileDraftInterface.tsx(321,73): error TS1003: Identifier expected.
components/mobile/MobileDraftInterface.tsx(344,74): error TS1005: ',' expected.
components/mobile/MobileDraftInterface.tsx(345,25): error TS1382: Unexpected token. Did you mean `{'>'}` or `&gt;`?
components/mobile/MobileDraftInterface.tsx(347,27): error TS17002: Expected corresponding JSX closing tag for 'div'.
components/mobile/MobileDraftInterface.tsx(350,22): error TS17008: JSX element 'AnimatePresence' has no corresponding closing tag.
components/mobile/MobileDraftInterface.tsx(352,30): error TS17008: JSX element 'motion.div' has no corresponding closing tag.
components/mobile/MobileDraftInterface.tsx(358,34): error TS17008: JSX element 'div' has no corresponding closing tag.
components/mobile/MobileDraftInterface.tsx(362,88): error TS1003: Identifier expected.
components/mobile/MobileDraftInterface.tsx(409,47): error TS1005: ',' expected.
components/mobile/MobileDraftInterface.tsx(409,48): error TS1005: ',' expected.
components/mobile/MobileDraftInterface.tsx(409,55): error TS1005: ',' expected.
components/mobile/MobileDraftInterface.tsx(409,61): error TS1005: ',' expected.
components/mobile/MobileDraftInterface.tsx(483,1): error TS1005: '</' expected.
components/mobile/MobileDraftInterface.tsx(483,1): error TS1160: Unterminated template literal.
components/mobile/MobileGestureNavigation.tsx(64,4): error TS1005: ',' expected.
components/mobile/MobileGestureNavigation.tsx(73,6): error TS1128: Declaration or statement expected.
components/mobile/MobileGestureNavigation.tsx(80,6): error TS1128: Declaration or statement expected.
components/mobile/MobileGestureNavigation.tsx(87,6): error TS1128: Declaration or statement expected.
components/mobile/MobileGestureNavigation.tsx(94,6): error TS1128: Declaration or statement expected.
components/mobile/MobileGestureNavigation.tsx(104,6): error TS1128: Declaration or statement expected.
components/mobile/MobileGestureNavigation.tsx(114,6): error TS1128: Declaration or statement expected.
components/mobile/MobileGestureNavigation.tsx(123,8): error TS1005: ';' expected.
components/mobile/MobileGestureNavigation.tsx(235,1): error TS1005: '}' expected.
components/mobile/MobileLayout.tsx(67,16): error TS1005: ';' expected.
components/mobile/MobileLayout.tsx(153,1): error TS1005: '}' expected.
components/mobile/MobileOfflineIndicator.tsx(70,10): error TS1128: Declaration or statement expected.
components/mobile/MobileOfflineIndicator.tsx(201,21): error TS1005: '}' expected.
components/mobile/MobileOfflineIndicator.tsx(225,29): error TS1005: '}' expected.
components/mobile/MobileOfflineIndicator.tsx(281,41): error TS1005: '}' expected.
components/mobile/MobileOfflineIndicator.tsx(345,29): error TS1005: '}' expected.
components/mobile/MobileOfflineIndicator.tsx(346,5): error TS1381: Unexpected token. Did you mean `{'}'}` or `&rbrace;`?
components/mobile/MobileOfflineIndicator.tsx(365,1): error TS1005: '}' expected.
components/mobile/MobilePlayerCard.tsx(99,5): error TS1005: ',' expected.
components/mobile/MobilePlayerCard.tsx(114,5): error TS1005: ',' expected.
components/mobile/MobilePlayerCard.tsx(132,11): error TS1128: Declaration or statement expected.
components/mobile/MobilePlayerCard.tsx(336,62): error TS1005: '}' expected.
components/mobile/MobilePlayerSearch.tsx(76,1): error TS1005: '}' expected.
components/mobile/MobilePullToRefresh.tsx(124,6): error TS1128: Declaration or statement expected.
components/mobile/MobilePullToRefresh.tsx(124,10): error TS1005: ';' expected.
components/mobile/MobilePullToRefresh.tsx(134,7): error TS1005: 'try' expected.
components/mobile/MobilePullToRefresh.tsx(137,7): error TS1005: 'try' expected.
components/mobile/MobilePullToRefresh.tsx(139,6): error TS1128: Declaration or statement expected.
components/mobile/MobilePullToRefresh.tsx(263,1): error TS1005: '}' expected.
components/mobile/MobileSearchInterface.tsx(33,1): error TS1131: Property or signature expected.
components/mobile/MobileSearchInterface.tsx(144,10): error TS1128: Declaration or statement expected.
components/mobile/MobileSearchInterface.tsx(165,14): error TS1128: Declaration or statement expected.
components/mobile/MobileSearchInterface.tsx(168,6): error TS1128: Declaration or statement expected.
components/mobile/MobileSearchInterface.tsx(168,53): error TS1005: ';' expected.
components/mobile/MobileSearchInterface.tsx(245,97): error TS1003: Identifier expected.
components/mobile/MobileSearchInterface.tsx(255,66): error TS1005: '}' expected.
components/mobile/MobileSearchInterface.tsx(257,39): error TS1381: Unexpected token. Did you mean `{'}'}` or `&rbrace;`?
components/mobile/MobileSearchInterface.tsx(257,42): error TS1382: Unexpected token. Did you mean `{'>'}` or `&gt;`?
components/mobile/MobileSearchInterface.tsx(258,35): error TS17002: Expected corresponding JSX closing tag for 'div'.
components/mobile/MobileSearchInterface.tsx(259,30): error TS1381: Unexpected token. Did you mean `{'}'}` or `&rbrace;`?
components/mobile/MobileSearchInterface.tsx(292,17): error TS1005: ')' expected.
components/mobile/MobileSearchInterface.tsx(312,87): error TS1003: Identifier expected.
components/mobile/MobileSearchInterface.tsx(328,84): error TS1005: ',' expected.
components/mobile/MobileSearchInterface.tsx(329,41): error TS1382: Unexpected token. Did you mean `{'>'}` or `&gt;`?
components/mobile/MobileSearchInterface.tsx(331,43): error TS17002: Expected corresponding JSX closing tag for 'div'.
components/mobile/MobileSearchInterface.tsx(332,39): error TS1381: Unexpected token. Did you mean `{'}'}` or `&rbrace;`?
components/mobile/MobileSearchInterface.tsx(334,31): error TS17002: Expected corresponding JSX closing tag for 'motion.div'.
components/mobile/MobileSearchInterface.tsx(335,25): error TS1005: ')' expected.
components/mobile/MobileSearchInterface.tsx(335,27): error TS17002: Expected corresponding JSX closing tag for 'AnimatePresence'.
components/mobile/MobileSearchInterface.tsx(348,38): error TS1005: ')' expected.
components/mobile/MobileSearchInterface.tsx(359,38): error TS1005: ')' expected.
components/mobile/MobileSearchInterface.tsx(397,21): error TS1128: Declaration or statement expected.
components/mobile/MobileSearchInterface.tsx(398,17): error TS1109: Expression expected.
components/mobile/MobileSearchInterface.tsx(398,18): error TS1128: Declaration or statement expected.
components/mobile/MobileSearchInterface.tsx(399,13): error TS1128: Declaration or statement expected.
components/mobile/MobileSearchInterface.tsx(480,9): error TS1128: Declaration or statement expected.
components/mobile/MobileSearchInterface.tsx(481,5): error TS1109: Expression expected.
components/mobile/MobileSearchInterface.tsx(482,1): error TS1128: Declaration or statement expected.
components/mobile/PWAInstallPrompt.tsx(77,4): error TS1128: Declaration or statement expected.
components/mobile/PWAInstallPrompt.tsx(77,8): error TS1005: ';' expected.
components/mobile/PWAInstallPrompt.tsx(86,7): error TS1005: 'try' expected.
components/mobile/PWAInstallPrompt.tsx(89,7): error TS1005: 'try' expected.
components/mobile/PWAInstallPrompt.tsx(281,1): error TS1005: '}' expected.
components/modals/TradeScenarioModal.tsx(163,25): error TS1005: '}' expected.
components/modals/TradeScenarioModal.tsx(171,17): error TS1005: '}' expected.
components/modals/TradeScenarioModal.tsx(183,2): error TS1472: 'catch' or 'finally' expected.
components/modals/TradeScenarioModal.tsx(191,64): error TS1005: '}' expected.
components/modals/TradeStoryModal.tsx(34,23): error TS1005: ',' expected.
components/navigation/EnhancedMobileNav.tsx(65,1): error TS1005: ',' expected.
components/navigation/EnhancedMobileNav.tsx(87,4): error TS1128: Declaration or statement expected.
components/navigation/EnhancedMobileNav.tsx(87,37): error TS1005: ';' expected.
components/navigation/EnhancedMobileNav.tsx(122,6): error TS17008: JSX element 'motion.nav' has no corresponding closing tag.
components/navigation/EnhancedMobileNav.tsx(142,8): error TS17008: JSX element 'div' has no corresponding closing tag.
components/navigation/EnhancedMobileNav.tsx(168,17): error TS1005: '}' expected.
components/navigation/EnhancedMobileNav.tsx(168,19): error TS1005: '...' expected.
components/navigation/EnhancedMobileNav.tsx(172,17): error TS1005: '}' expected.
components/navigation/EnhancedMobileNav.tsx(173,15): error TS1003: Identifier expected.
components/navigation/EnhancedMobileNav.tsx(198,17): error TS1434: Unexpected keyword or identifier.
components/navigation/EnhancedMobileNav.tsx(198,35): error TS1005: ';' expected.
components/navigation/EnhancedMobileNav.tsx(198,50): error TS1005: ';' expected.
components/navigation/EnhancedMobileNav.tsx(198,54): error TS1005: ';' expected.
components/navigation/EnhancedMobileNav.tsx(198,58): error TS1005: ';' expected.
components/navigation/EnhancedMobileNav.tsx(199,38): error TS1005: ';' expected.
components/navigation/EnhancedMobileNav.tsx(200,17): error TS1434: Unexpected keyword or identifier.
components/navigation/EnhancedMobileNav.tsx(207,25): error TS1005: ';' expected.
components/navigation/EnhancedMobileNav.tsx(207,37): error TS1005: ';' expected.
components/navigation/EnhancedMobileNav.tsx(208,32): error TS1005: ';' expected.
components/navigation/EnhancedMobileNav.tsx(209,17): error TS1434: Unexpected keyword or identifier.
components/navigation/EnhancedMobileNav.tsx(265,1): error TS1005: '</' expected.
components/navigation/EnhancedMobileNav.tsx(265,1): error TS1160: Unterminated template literal.
components/navigation/MobileResponsiveNav.tsx(75,7): error TS1005: ',' expected.
components/navigation/MobileResponsiveNav.tsx(78,7): error TS1005: 'try' expected.
components/navigation/MobileResponsiveNav.tsx(80,6): error TS1128: Declaration or statement expected.
components/navigation/MobileResponsiveNav.tsx(81,4): error TS1472: 'catch' or 'finally' expected.
components/navigation/MobileResponsiveNav.tsx(96,54): error TS1003: Identifier expected.
components/navigation/MobileResponsiveNav.tsx(169,61): error TS1005: ',' expected.
components/navigation/MobileResponsiveNav.tsx(170,19): error TS1382: Unexpected token. Did you mean `{'>'}` or `&gt;`?
components/navigation/MobileResponsiveNav.tsx(178,21): error TS17002: Expected corresponding JSX closing tag for 'div'.
components/navigation/MobileResponsiveNav.tsx(179,19): error TS1381: Unexpected token. Did you mean `{'}'}` or `&rbrace;`?
components/navigation/MobileResponsiveNav.tsx(206,11): error TS1005: ')' expected.
components/navigation/MobileResponsiveNav.tsx(207,9): error TS1109: Expression expected.
components/navigation/MobileResponsiveNav.tsx(207,11): error TS1109: Expression expected.
components/navigation/MobileResponsiveNav.tsx(208,7): error TS1109: Expression expected.
components/navigation/MobileResponsiveNav.tsx(208,8): error TS1128: Declaration or statement expected.
components/navigation/MobileResponsiveNav.tsx(209,5): error TS1128: Declaration or statement expected.
components/navigation/MobileResponsiveNav.tsx(210,3): error TS1109: Expression expected.
components/navigation/MobileResponsiveNav.tsx(224,54): error TS1003: Identifier expected.
components/navigation/MobileResponsiveNav.tsx(247,55): error TS1005: ',' expected.
components/navigation/MobileResponsiveNav.tsx(248,13): error TS1382: Unexpected token. Did you mean `{'>'}` or `&gt;`?
components/navigation/MobileResponsiveNav.tsx(251,15): error TS17002: Expected corresponding JSX closing tag for 'div'.
components/navigation/MobileResponsiveNav.tsx(252,13): error TS1381: Unexpected token. Did you mean `{'}'}` or `&rbrace;`?
components/navigation/MobileResponsiveNav.tsx(256,7): error TS1005: ')' expected.
components/navigation/MobileResponsiveNav.tsx(263,5): error TS1128: Declaration or statement expected.
components/navigation/MobileResponsiveNav.tsx(264,3): error TS1109: Expression expected.
components/notifications/NotificationCenter.tsx(78,43): error TS1005: ',' expected.
components/notifications/NotificationCenter.tsx(231,25): error TS1005: '}' expected.
components/notifications/NotificationCenter.tsx(477,1): error TS1005: '}' expected.
components/notifications/NotificationDemo.tsx(32,7): error TS1005: ',' expected.
components/notifications/NotificationDemo.tsx(37,9): error TS1128: Declaration or statement expected.
components/notifications/NotificationDemo.tsx(52,9): error TS1005: ',' expected.
components/notifications/NotificationDemo.tsx(67,9): error TS1005: ',' expected.
components/notifications/NotificationDemo.tsx(82,9): error TS1005: ',' expected.
components/notifications/NotificationDemo.tsx(97,9): error TS1005: ',' expected.
components/notifications/NotificationDemo.tsx(100,6): error TS1472: 'catch' or 'finally' expected.
components/notifications/NotificationDemo.tsx(121,5): error TS1005: ',' expected.
components/notifications/NotificationDemo.tsx(133,7): error TS1005: ',' expected.
components/notifications/NotificationDemo.tsx(138,9): error TS1128: Declaration or statement expected.
components/notifications/NotificationDemo.tsx(139,6): error TS1472: 'catch' or 'finally' expected.
components/notifications/NotificationDemo.tsx(159,37): error TS1109: Expression expected.
components/notifications/NotificationDemo.tsx(200,30): error TS1128: Declaration or statement expected.
components/notifications/NotificationDemo.tsx(222,42): error TS1005: ',' expected.
components/notifications/NotificationDemo.tsx(233,42): error TS1005: ',' expected.
components/notifications/NotificationDemo.tsx(314,1): error TS1005: '}' expected.
components/notifications/NotificationToast.tsx(33,3): error TS1005: ',' expected.
components/notifications/NotificationToast.tsx(47,37): error TS1005: ',' expected.
components/notifications/NotificationToast.tsx(219,1): error TS1005: '}' expected.
components/onboarding/FriendOnboardingGuide.tsx(186,3): error TS1005: ',' expected.
components/optimization/TeamOptimizationDashboard.tsx(816,71): error TS1005: '}' expected.
components/oracle/AdvancedEnsembleMLDashboard.tsx(371,1): error TS1005: '}' expected.
components/oracle/EnhancedOracleMLDashboard.tsx(25,1): error TS1131: Property or signature expected.
components/oracle/EnhancedOracleMLDashboard.tsx(100,13): error TS1005: ',' expected.
components/oracle/EnhancedOracleMLDashboard.tsx(178,9): error TS1128: Declaration or statement expected.
components/oracle/EnhancedOracleMLDashboard.tsx(180,39): error TS1005: ';' expected.
components/oracle/EnhancedOracleMLDashboard.tsx(180,40): error TS1128: Declaration or statement expected.
components/oracle/EnhancedOracleMLDashboard.tsx(181,45): error TS1136: Property assignment expected.
components/oracle/EnhancedOracleMLDashboard.tsx(181,51): error TS1005: ',' expected.
components/oracle/EnhancedOracleMLDashboard.tsx(181,58): error TS1005: ';' expected.
components/oracle/EnhancedOracleMLDashboard.tsx(181,78): error TS1128: Declaration or statement expected.
components/oracle/EnhancedOracleMLDashboard.tsx(182,25): error TS1161: Unterminated regular expression literal.
components/oracle/EnhancedOracleMLDashboard.tsx(183,30): error TS1005: ';' expected.
components/oracle/EnhancedOracleMLDashboard.tsx(183,55): error TS1005: ';' expected.
components/oracle/EnhancedOracleMLDashboard.tsx(183,70): error TS1005: ';' expected.
components/oracle/EnhancedOracleMLDashboard.tsx(183,95): error TS1109: Expression expected.
components/oracle/EnhancedOracleMLDashboard.tsx(185,21): error TS1128: Declaration or statement expected.
components/oracle/EnhancedOracleMLDashboard.tsx(186,17): error TS1109: Expression expected.
components/oracle/EnhancedOracleMLDashboard.tsx(187,13): error TS1109: Expression expected.
components/oracle/EnhancedOracleMLDashboard.tsx(190,18): error TS1005: ';' expected.
components/oracle/EnhancedOracleMLDashboard.tsx(191,17): error TS2657: JSX expressions must have one parent element.
components/oracle/EnhancedOracleMLDashboard.tsx(212,13): error TS1128: Declaration or statement expected.
components/oracle/EnhancedOracleMLDashboard.tsx(215,18): error TS1005: ';' expected.
components/oracle/EnhancedOracleMLDashboard.tsx(216,34): error TS1005: ',' expected.
components/oracle/EnhancedOracleMLDashboard.tsx(240,13): error TS1128: Declaration or statement expected.
components/oracle/EnhancedOracleMLDashboard.tsx(241,9): error TS1109: Expression expected.
components/oracle/EnhancedOracleMLDashboard.tsx(242,5): error TS1109: Expression expected.
components/oracle/EnhancedOracleMLDashboard.tsx(316,33): error TS1109: Expression expected.
components/oracle/EnhancedOracleMLDashboard.tsx(484,10): error TS17008: JSX element 'div' has no corresponding closing tag.
components/oracle/EnhancedOracleMLDashboard.tsx(485,14): error TS17008: JSX element 'div' has no corresponding closing tag.
components/oracle/EnhancedOracleMLDashboard.tsx(493,18): error TS17008: JSX element 'div' has no corresponding closing tag.
components/oracle/EnhancedOracleMLDashboard.tsx(494,22): error TS17008: JSX element 'div' has no corresponding closing tag.
components/oracle/EnhancedOracleMLDashboard.tsx(495,26): error TS17008: JSX element 'nav' has no corresponding closing tag.
components/oracle/EnhancedOracleMLDashboard.tsx(504,80): error TS1003: Identifier expected.
components/oracle/EnhancedOracleMLDashboard.tsx(554,1): error TS1005: '</' expected.
components/oracle/EnhancedOracleMLDashboard.tsx(554,1): error TS1160: Unterminated template literal.
components/oracle/EnsembleMLWidget.tsx(278,1): error TS1005: '}' expected.
components/oracle/MobileOptimizedOracleInterface.tsx(29,5): error TS2657: JSX expressions must have one parent element.
components/oracle/MobileOptimizedOracleInterface.tsx(37,60): error TS1003: Identifier expected.
components/oracle/MobileOptimizedOracleInterface.tsx(37,61): error TS1381: Unexpected token. Did you mean `{'}'}` or `&rbrace;`?
components/oracle/MobileOptimizedOracleInterface.tsx(38,13): error TS1382: Unexpected token. Did you mean `{'>'}` or `&gt;`?
components/oracle/MobileOptimizedOracleInterface.tsx(41,15): error TS17002: Expected corresponding JSX closing tag for 'div'.
components/oracle/MobileOptimizedOracleInterface.tsx(44,54): error TS1003: Identifier expected.
components/oracle/MobileOptimizedOracleInterface.tsx(44,55): error TS1381: Unexpected token. Did you mean `{'}'}` or `&rbrace;`?
components/oracle/MobileOptimizedOracleInterface.tsx(45,13): error TS1382: Unexpected token. Did you mean `{'>'}` or `&gt;`?
components/oracle/MobileOptimizedOracleInterface.tsx(48,15): error TS17002: Expected corresponding JSX closing tag for 'motion.div'.
components/oracle/MobileOptimizedOracleInterface.tsx(51,58): error TS1003: Identifier expected.
components/oracle/MobileOptimizedOracleInterface.tsx(51,58): error TS1005: ')' expected.
components/oracle/MobileOptimizedOracleInterface.tsx(98,26): error TS1005: ',' expected.
components/oracle/MobileOptimizedOracleInterface.tsx(98,27): error TS1005: ',' expected.
components/oracle/MobileOptimizedOracleInterface.tsx(98,30): error TS1005: ';' expected.
components/oracle/MobileOptimizedOracleInterface.tsx(98,34): error TS1005: ';' expected.
components/oracle/MobileOptimizedOracleInterface.tsx(98,47): error TS1005: ';' expected.
components/oracle/MobileOptimizedOracleInterface.tsx(98,65): error TS1005: ';' expected.
components/oracle/MobileOptimizedOracleInterface.tsx(101,26): error TS1005: ';' expected.
components/oracle/MobileOptimizedOracleInterface.tsx(101,30): error TS1005: ';' expected.
components/oracle/MobileOptimizedOracleInterface.tsx(101,34): error TS1005: ';' expected.
components/oracle/MobileOptimizedOracleInterface.tsx(101,47): error TS1005: ';' expected.
components/oracle/MobileOptimizedOracleInterface.tsx(101,65): error TS1005: ';' expected.
components/oracle/MobileOptimizedOracleInterface.tsx(104,26): error TS1005: ';' expected.
components/oracle/MobileOptimizedOracleInterface.tsx(104,30): error TS1005: ';' expected.
components/oracle/MobileOptimizedOracleInterface.tsx(104,34): error TS1005: ';' expected.
components/oracle/MobileOptimizedOracleInterface.tsx(104,47): error TS1005: ';' expected.
components/oracle/MobileOptimizedOracleInterface.tsx(104,65): error TS1005: ';' expected.
components/oracle/MobileOptimizedOracleInterface.tsx(131,26): error TS1005: ';' expected.
components/oracle/MobileOptimizedOracleInterface.tsx(131,33): error TS1005: ';' expected.
components/oracle/MobileOptimizedOracleInterface.tsx(131,39): error TS1005: ';' expected.
components/oracle/MobileOptimizedOracleInterface.tsx(248,1): error TS1160: Unterminated template literal.
components/oracle/MobileOracleInterface.tsx(84,30): error TS1005: ',' expected.
components/oracle/MobileOracleInterface.tsx(113,14): error TS1128: Declaration or statement expected.
components/oracle/MobileOracleInterface.tsx(113,20): error TS1005: ';' expected.
components/oracle/MobileOracleInterface.tsx(152,7): error TS1005: 'try' expected.
components/oracle/MobileOracleInterface.tsx(155,7): error TS1005: 'try' expected.
components/oracle/MobileOracleInterface.tsx(157,7): error TS1472: 'catch' or 'finally' expected.
components/oracle/MobileOracleInterface.tsx(166,7): error TS1005: 'try' expected.
components/oracle/MobileOracleInterface.tsx(169,7): error TS1005: 'try' expected.
components/oracle/MobileOracleInterface.tsx(171,7): error TS1472: 'catch' or 'finally' expected.
components/oracle/MobileOracleInterface.tsx(260,14): error TS17008: JSX element 'Widget' has no corresponding closing tag.
components/oracle/MobileOracleInterface.tsx(306,77): error TS1003: Identifier expected.
components/oracle/MobileOracleInterface.tsx(312,58): error TS1005: ',' expected.
components/oracle/MobileOracleInterface.tsx(312,62): error TS1005: ',' expected.
components/oracle/MobileOracleInterface.tsx(312,66): error TS1005: ',' expected.
components/oracle/MobileOracleInterface.tsx(312,79): error TS1005: ',' expected.
components/oracle/MobileOracleInterface.tsx(312,88): error TS1005: ',' expected.
components/oracle/MobileOracleInterface.tsx(312,93): error TS1005: ',' expected.
components/oracle/MobileOracleInterface.tsx(312,106): error TS1005: ',' expected.
components/oracle/MobileOracleInterface.tsx(312,121): error TS1005: ',' expected.
components/oracle/MobileOracleInterface.tsx(312,122): error TS1005: ',' expected.
components/oracle/MobileOracleInterface.tsx(313,60): error TS1005: ',' expected.
components/oracle/MobileOracleInterface.tsx(316,41): error TS1005: ',' expected.
components/oracle/MobileOracleInterface.tsx(316,43): error TS1381: Unexpected token. Did you mean `{'}'}` or `&rbrace;`?
components/oracle/MobileOracleInterface.tsx(316,44): error TS1382: Unexpected token. Did you mean `{'>'}` or `&gt;`?
components/oracle/MobileOracleInterface.tsx(322,35): error TS17002: Expected corresponding JSX closing tag for 'div'.
components/oracle/MobileOracleInterface.tsx(323,31): error TS1381: Unexpected token. Did you mean `{'}'}` or `&rbrace;`?
components/oracle/MobileOracleInterface.tsx(326,25): error TS1005: ')' expected.
components/oracle/MobileOracleInterface.tsx(350,30): error TS1128: Declaration or statement expected.
components/oracle/MobileOracleInterface.tsx(359,21): error TS1128: Declaration or statement expected.
components/oracle/MobileOracleInterface.tsx(378,17): error TS1128: Declaration or statement expected.
components/oracle/MobileOracleInterface.tsx(379,13): error TS1109: Expression expected.
components/oracle/MobileOracleInterface.tsx(382,18): error TS1005: ';' expected.
components/oracle/MobileOracleInterface.tsx(383,17): error TS2657: JSX expressions must have one parent element.
components/oracle/MobileOracleInterface.tsx(395,13): error TS1128: Declaration or statement expected.
components/oracle/MobileOracleInterface.tsx(409,9): error TS1128: Declaration or statement expected.
components/oracle/MobileOracleInterface.tsx(410,5): error TS1109: Expression expected.
components/oracle/MobileOracleInterface.tsx(411,1): error TS1128: Declaration or statement expected.
components/oracle/NotificationCenter.tsx(143,18): error TS17008: JSX element 'AnimatePresence' has no corresponding closing tag.
components/oracle/NotificationCenter.tsx(176,30): error TS17008: JSX element 'div' has no corresponding closing tag.
components/oracle/NotificationCenter.tsx(194,41): error TS1109: Expression expected.
components/oracle/NotificationCenter.tsx(219,41): error TS1128: Declaration or statement expected.
components/oracle/NotificationCenter.tsx(220,38): error TS1005: '}' expected.
components/oracle/NotificationCenter.tsx(227,34): error TS1381: Unexpected token. Did you mean `{'}'}` or `&rbrace;`?
components/oracle/NotificationCenter.tsx(247,27): error TS17002: Expected corresponding JSX closing tag for 'div'.
components/oracle/NotificationCenter.tsx(249,17): error TS1128: Declaration or statement expected.
components/oracle/NotificationCenter.tsx(250,13): error TS1109: Expression expected.
components/oracle/NotificationCenter.tsx(287,13): error TS1128: Declaration or statement expected.
components/oracle/NotificationCenter.tsx(288,9): error TS1109: Expression expected.
components/oracle/NotificationCenter.tsx(289,5): error TS1109: Expression expected.
components/oracle/NotificationCenter.tsx(290,1): error TS1128: Declaration or statement expected.
components/oracle/NotificationDemo.tsx(115,5): error TS1005: ',' expected.
components/oracle/NotificationPreferences.tsx(49,7): error TS1005: 'try' expected.
components/oracle/NotificationPreferences.tsx(108,10): error TS17008: JSX element 'motion.div' has no corresponding closing tag.
components/oracle/NotificationPreferences.tsx(113,14): error TS17008: JSX element 'Card' has no corresponding closing tag.
components/oracle/NotificationPreferences.tsx(131,18): error TS17008: JSX element 'CardContent' has no corresponding closing tag.
components/oracle/NotificationPreferences.tsx(164,25): error TS1003: Identifier expected.
components/oracle/NotificationPreferences.tsx(182,29): error TS1003: Identifier expected.
components/oracle/NotificationPreferences.tsx(189,29): error TS1003: Identifier expected.
components/oracle/NotificationPreferences.tsx(209,27): error TS17002: Expected corresponding JSX closing tag for 'PreferenceRow'.
components/oracle/NotificationPreferences.tsx(210,23): error TS17002: Expected corresponding JSX closing tag for 'PreferenceRow'.
components/oracle/NotificationPreferences.tsx(255,29): error TS1003: Identifier expected.
components/oracle/NotificationPreferences.tsx(281,19): error TS17002: Expected corresponding JSX closing tag for 'PreferenceRow'.
components/oracle/NotificationPreferences.tsx(282,15): error TS17002: Expected corresponding JSX closing tag for 'div'.
components/oracle/NotificationPreferences.tsx(283,11): error TS17002: Expected corresponding JSX closing tag for 'div'.
components/oracle/NotificationPreferences.tsx(285,1): error TS1381: Unexpected token. Did you mean `{'}'}` or `&rbrace;`?
components/oracle/NotificationPreferences.tsx(287,83): error TS1382: Unexpected token. Did you mean `{'>'}` or `&gt;`?
components/oracle/NotificationPreferences.tsx(294,1): error TS1005: '</' expected.
components/oracle/OptimizedOracleRealTimePredictionInterface.tsx(42,21): error TS1109: Expression expected.
components/oracle/OptimizedOracleRealTimePredictionInterface.tsx(78,17): error TS1003: Identifier expected.
components/oracle/OptimizedOracleRealTimePredictionInterface.tsx(96,6): error TS1128: Declaration or statement expected.
components/oracle/OptimizedOracleRealTimePredictionInterface.tsx(96,46): error TS1005: ';' expected.
components/oracle/OptimizedOracleRealTimePredictionInterface.tsx(99,10): error TS17008: JSX element 'div' has no corresponding closing tag.
components/oracle/OptimizedOracleRealTimePredictionInterface.tsx(100,14): error TS17008: JSX element 'div' has no corresponding closing tag.
components/oracle/OptimizedOracleRealTimePredictionInterface.tsx(104,18): error TS17008: JSX element 'div' has no corresponding closing tag.
components/oracle/OptimizedOracleRealTimePredictionInterface.tsx(108,69): error TS1003: Identifier expected.
components/oracle/OptimizedOracleRealTimePredictionInterface.tsx(231,10): error TS1005: ',' expected.
components/oracle/OptimizedOracleRealTimePredictionInterface.tsx(231,28): error TS1005: ',' expected.
components/oracle/OptimizedOracleRealTimePredictionInterface.tsx(241,10): error TS1005: ',' expected.
components/oracle/OptimizedOracleRealTimePredictionInterface.tsx(241,22): error TS1005: ',' expected.
components/oracle/OptimizedOracleRealTimePredictionInterface.tsx(241,27): error TS1005: ',' expected.
components/oracle/OptimizedOracleRealTimePredictionInterface.tsx(241,31): error TS1005: ',' expected.
components/oracle/OptimizedOracleRealTimePredictionInterface.tsx(242,13): error TS1382: Unexpected token. Did you mean `{'>'}` or `&gt;`?
components/oracle/OptimizedOracleRealTimePredictionInterface.tsx(247,19): error TS1382: Unexpected token. Did you mean `{'>'}` or `&gt;`?
components/oracle/OptimizedOracleRealTimePredictionInterface.tsx(248,33): error TS1005: '}' expected.
components/oracle/OptimizedOracleRealTimePredictionInterface.tsx(249,20): error TS1382: Unexpected token. Did you mean `{'>'}` or `&gt;`?
components/oracle/OptimizedOracleRealTimePredictionInterface.tsx(250,35): error TS1005: '}' expected.
components/oracle/OptimizedOracleRealTimePredictionInterface.tsx(251,9): error TS1381: Unexpected token. Did you mean `{'}'}` or `&rbrace;`?
components/oracle/OptimizedOracleRealTimePredictionInterface.tsx(252,5): error TS1381: Unexpected token. Did you mean `{'}'}` or `&rbrace;`?
components/oracle/OptimizedOracleRealTimePredictionInterface.tsx(255,72): error TS1382: Unexpected token. Did you mean `{'>'}` or `&gt;`?
components/oracle/OptimizedOracleRealTimePredictionInterface.tsx(256,89): error TS1005: '}' expected.
components/oracle/OptimizedOracleRealTimePredictionInterface.tsx(257,5): error TS1381: Unexpected token. Did you mean `{'}'}` or `&rbrace;`?
components/oracle/OptimizedOracleRealTimePredictionInterface.tsx(264,8): error TS1382: Unexpected token. Did you mean `{'>'}` or `&gt;`?
components/oracle/OptimizedOracleRealTimePredictionInterface.tsx(265,9): error TS1109: Expression expected.
components/oracle/OptimizedOracleRealTimePredictionInterface.tsx(268,14): error TS1005: '}' expected.
components/oracle/OptimizedOracleRealTimePredictionInterface.tsx(272,19): error TS1005: '}' expected.
components/oracle/OptimizedOracleRealTimePredictionInterface.tsx(276,13): error TS1381: Unexpected token. Did you mean `{'}'}` or `&rbrace;`?
components/oracle/OptimizedOracleRealTimePredictionInterface.tsx(283,9): error TS1381: Unexpected token. Did you mean `{'}'}` or `&rbrace;`?
components/oracle/OptimizedOracleRealTimePredictionInterface.tsx(286,45): error TS1382: Unexpected token. Did you mean `{'>'}` or `&gt;`?
components/oracle/OptimizedOracleRealTimePredictionInterface.tsx(287,9): error TS1109: Expression expected.
components/oracle/OptimizedOracleRealTimePredictionInterface.tsx(289,59): error TS1382: Unexpected token. Did you mean `{'>'}` or `&gt;`?
components/oracle/OptimizedOracleRealTimePredictionInterface.tsx(293,5): error TS1381: Unexpected token. Did you mean `{'}'}` or `&rbrace;`?
components/oracle/OptimizedOracleRealTimePredictionInterface.tsx(297,9): error TS1109: Expression expected.
components/oracle/OptimizedOracleRealTimePredictionInterface.tsx(306,9): error TS1109: Expression expected.
components/oracle/OptimizedOracleRealTimePredictionInterface.tsx(318,5): error TS1109: Expression expected.
components/oracle/OptimizedOracleRealTimePredictionInterface.tsx(464,1): error TS1381: Unexpected token. Did you mean `{'}'}` or `&rbrace;`?
components/oracle/OptimizedOracleRealTimePredictionInterface.tsx(467,1): error TS1005: '</' expected.
components/oracle/OracleAnalyticsDashboard.tsx(14,7): error TS1005: ';' expected.
components/oracle/OracleAnalyticsDashboard.tsx(66,1): error TS1131: Property or signature expected.
components/oracle/OracleAnalyticsDashboard.tsx(223,13): error TS1005: '}' expected.
components/oracle/OracleAnalyticsDashboard.tsx(258,18): error TS1109: Expression expected.
components/oracle/OracleAnalyticsDashboard.tsx(259,17): error TS2657: JSX expressions must have one parent element.
components/oracle/OracleAnalyticsDashboard.tsx(271,13): error TS1128: Declaration or statement expected.
components/oracle/OracleAnalyticsDashboard.tsx(275,26): error TS1136: Property assignment expected.
components/oracle/OracleAnalyticsDashboard.tsx(275,41): error TS1005: ';' expected.
components/oracle/OracleAnalyticsDashboard.tsx(275,47): error TS1128: Declaration or statement expected.
components/oracle/OracleAnalyticsDashboard.tsx(276,26): error TS1136: Property assignment expected.
components/oracle/OracleAnalyticsDashboard.tsx(276,41): error TS1005: ';' expected.
components/oracle/OracleAnalyticsDashboard.tsx(276,46): error TS1128: Declaration or statement expected.
components/oracle/OracleAnalyticsDashboard.tsx(277,29): error TS1136: Property assignment expected.
components/oracle/OracleAnalyticsDashboard.tsx(277,43): error TS1128: Declaration or statement expected.
components/oracle/OracleAnalyticsDashboard.tsx(278,13): error TS1109: Expression expected.
components/oracle/OracleAnalyticsDashboard.tsx(280,13): error TS1128: Declaration or statement expected.
components/oracle/OracleAnalyticsDashboard.tsx(283,21): error TS1005: ';' expected.
components/oracle/OracleAnalyticsDashboard.tsx(283,48): error TS1005: ';' expected.
components/oracle/OracleAnalyticsDashboard.tsx(284,27): error TS1005: ',' expected.
components/oracle/OracleAnalyticsDashboard.tsx(291,13): error TS1128: Declaration or statement expected.
components/oracle/OracleAnalyticsDashboard.tsx(294,21): error TS1005: ';' expected.
components/oracle/OracleAnalyticsDashboard.tsx(294,57): error TS1005: ';' expected.
components/oracle/OracleAnalyticsDashboard.tsx(295,24): error TS1005: ',' expected.
components/oracle/OracleAnalyticsDashboard.tsx(305,13): error TS1128: Declaration or statement expected.
components/oracle/OracleAnalyticsDashboard.tsx(308,21): error TS1005: ';' expected.
components/oracle/OracleAnalyticsDashboard.tsx(308,55): error TS1005: ';' expected.
components/oracle/OracleAnalyticsDashboard.tsx(351,13): error TS1128: Declaration or statement expected.
components/oracle/OracleAnalyticsDashboard.tsx(354,21): error TS1005: ';' expected.
components/oracle/OracleAnalyticsDashboard.tsx(354,51): error TS1005: ';' expected.
components/oracle/OracleAnalyticsDashboard.tsx(366,13): error TS1128: Declaration or statement expected.
components/oracle/OracleAnalyticsDashboard.tsx(369,21): error TS1005: ';' expected.
components/oracle/OracleAnalyticsDashboard.tsx(369,45): error TS1005: ';' expected.
components/oracle/OracleAnalyticsDashboard.tsx(396,13): error TS1128: Declaration or statement expected.
components/oracle/OracleAnalyticsDashboard.tsx(397,9): error TS1109: Expression expected.
components/oracle/OracleAnalyticsDashboard.tsx(398,5): error TS1109: Expression expected.
components/oracle/OracleAnalyticsDashboard.tsx(399,1): error TS1128: Declaration or statement expected.
components/oracle/OracleArchitectureOverview.tsx(19,1): error TS1131: Property or signature expected.
components/oracle/OracleArchitectureOverview.tsx(57,9): error TS1005: ',' expected.
components/oracle/OracleArchitectureOverview.tsx(70,9): error TS1005: ',' expected.
components/oracle/OracleArchitectureOverview.tsx(83,9): error TS1005: ',' expected.
components/oracle/OracleArchitectureOverview.tsx(96,9): error TS1005: ',' expected.
components/oracle/OracleArchitectureOverview.tsx(109,6): error TS1005: ',' expected.
components/oracle/OracleArchitectureOverview.tsx(112,11): error TS1005: ':' expected.
components/oracle/OracleArchitectureOverview.tsx(112,27): error TS1005: ',' expected.
components/oracle/OracleArchitectureOverview.tsx(112,44): error TS1005: ',' expected.
components/oracle/OracleArchitectureOverview.tsx(112,45): error TS1109: Expression expected.
components/oracle/OracleArchitectureOverview.tsx(112,47): error TS1005: ':' expected.
components/oracle/OracleArchitectureOverview.tsx(153,5): error TS1005: ',' expected.
components/oracle/OracleArchitectureOverview.tsx(153,6): error TS1005: ',' expected.
components/oracle/OracleArchitectureOverview.tsx(156,11): error TS1005: ':' expected.
components/oracle/OracleArchitectureOverview.tsx(156,24): error TS1005: ',' expected.
components/oracle/OracleArchitectureOverview.tsx(156,38): error TS1005: ',' expected.
components/oracle/OracleArchitectureOverview.tsx(156,39): error TS1109: Expression expected.
components/oracle/OracleArchitectureOverview.tsx(156,41): error TS1005: ':' expected.
components/oracle/OracleArchitectureOverview.tsx(221,5): error TS1005: ',' expected.
components/oracle/OracleArchitectureOverview.tsx(221,6): error TS1005: ',' expected.
components/oracle/OracleArchitectureOverview.tsx(224,15): error TS1138: Parameter declaration expected.
components/oracle/OracleArchitectureOverview.tsx(224,18): error TS1005: ',' expected.
components/oracle/OracleArchitectureOverview.tsx(227,5): error TS1128: Declaration or statement expected.
components/oracle/OracleArchitectureOverview.tsx(231,3): error TS1128: Declaration or statement expected.
components/oracle/OracleArchitectureOverview.tsx(231,4): error TS1128: Declaration or statement expected.
components/oracle/OracleArchitectureOverview.tsx(231,8): error TS1005: ';' expected.
components/oracle/OracleArchitectureOverview.tsx(235,1): error TS1005: '=>' expected.
components/oracle/OracleArchitectureOverview.tsx(596,71): error TS1003: Identifier expected.
components/oracle/OracleArchitectureOverview.tsx(626,1): error TS1128: Declaration or statement expected.
components/oracle/OracleBeginnerTutorial.tsx(20,1): error TS1131: Property or signature expected.
components/oracle/OracleBeginnerTutorial.tsx(151,9): error TS1136: Property assignment expected.
components/oracle/OracleBeginnerTutorial.tsx(232,9): error TS1136: Property assignment expected.
components/oracle/OracleBeginnerTutorial.tsx(298,9): error TS1136: Property assignment expected.
components/oracle/OracleBeginnerTutorial.tsx(372,9): error TS1136: Property assignment expected.
components/oracle/OracleBeginnerTutorial.tsx(462,9): error TS1136: Property assignment expected.
components/oracle/OracleBeginnerTutorial.tsx(580,9): error TS1136: Property assignment expected.
components/oracle/OracleBeginnerTutorial.tsx(672,5): error TS1005: ',' expected.
components/oracle/OracleBeginnerTutorial.tsx(692,6): error TS1128: Declaration or statement expected.
components/oracle/OracleBeginnerTutorial.tsx(692,10): error TS1005: ';' expected.
components/oracle/OracleBeginnerTutorial.tsx(720,10): error TS1005: ',' expected.
components/oracle/OracleBeginnerTutorial.tsx(744,10): error TS1005: ',' expected.
components/oracle/OracleBeginnerTutorial.tsx(803,31): error TS1472: 'catch' or 'finally' expected.
components/oracle/OracleBeginnerTutorial.tsx(804,25): error TS1109: Expression expected.
components/oracle/OracleBeginnerTutorial.tsx(804,26): error TS1109: Expression expected.
components/oracle/OracleBeginnerTutorial.tsx(805,21): error TS1109: Expression expected.
components/oracle/OracleBeginnerTutorial.tsx(809,17): error TS1128: Declaration or statement expected.
components/oracle/OracleBeginnerTutorial.tsx(822,13): error TS1128: Declaration or statement expected.
components/oracle/OracleBeginnerTutorial.tsx(824,13): error TS2657: JSX expressions must have one parent element.
components/oracle/OracleBeginnerTutorial.tsx(918,34): error TS1005: '}' expected.
components/oracle/OracleBeginnerTutorial.tsx(961,18): error TS1005: '}' expected.
components/oracle/OracleBeginnerTutorial.tsx(965,9): error TS1128: Declaration or statement expected.
components/oracle/OracleBeginnerTutorial.tsx(966,5): error TS1109: Expression expected.
components/oracle/OracleBeginnerTutorial.tsx(967,1): error TS1128: Declaration or statement expected.
components/oracle/OracleCacheDashboard.tsx(164,33): error TS1127: Invalid character.
components/oracle/OracleCacheDashboard.tsx(165,31): error TS17002: Expected corresponding JSX closing tag for 'div'.
components/oracle/OracleCacheDashboard.tsx(191,13): error TS1005: ')' expected.
components/oracle/OracleCacheDashboard.tsx(273,9): error TS1128: Declaration or statement expected.
components/oracle/OracleCacheDashboard.tsx(274,5): error TS1109: Expression expected.
components/oracle/OracleCacheDashboard.tsx(275,1): error TS1128: Declaration or statement expected.
components/oracle/OracleCalibrationValidationSection.tsx(1467,4): error TS1005: ')' expected.
components/oracle/OracleCalibrationValidationSection.tsx(1475,4): error TS1005: ')' expected.
components/oracle/OracleCalibrationValidationSection.tsx(1661,13): error TS1005: ',' expected.
components/oracle/OracleCalibrationValidationSection.tsx(2386,7): error TS1005: 'try' expected.
components/oracle/OracleCalibrationValidationSection.tsx(2391,7): error TS1005: 'try' expected.
components/oracle/OracleCalibrationValidationSection.tsx(5569,2): error TS1472: 'catch' or 'finally' expected.
components/oracle/OracleCalibrationValidationSection.tsx(5578,1): error TS1005: '}' expected.
components/oracle/OracleConfidenceEstimationSection.tsx(17,1): error TS1131: Property or signature expected.
components/oracle/OracleConfidenceEstimationSection.tsx(234,3): error TS1005: ',' expected.
components/oracle/OracleConfidenceEstimationSection.tsx(292,3): error TS1005: ',' expected.
components/oracle/OracleConfidenceEstimationSection.tsx(336,3): error TS1005: ',' expected.
components/oracle/OracleConfidenceEstimationSection.tsx(380,5): error TS1005: ',' expected.
components/oracle/OracleConfidenceEstimationSection.tsx(1090,1): error TS1005: '}' expected.
components/oracle/OracleDataIngestionSection.tsx(17,1): error TS1131: Property or signature expected.
components/oracle/OracleDataIngestionSection.tsx(26,1): error TS1131: Property or signature expected.
components/oracle/OracleDataIngestionSection.tsx(36,1): error TS1131: Property or signature expected.
components/oracle/OracleDataIngestionSection.tsx(108,3): error TS1005: ',' expected.
components/oracle/OracleDataIngestionSection.tsx(191,3): error TS1005: ',' expected.
components/oracle/OracleDataIngestionSection.tsx(264,3): error TS1005: ',' expected.
components/oracle/OracleDataIngestionSection.tsx(299,3): error TS1005: ',' expected.
components/oracle/OracleDataIngestionSection.tsx(326,3): error TS1005: ',' expected.
components/oracle/OracleDataIngestionSection.tsx(337,10): error TS1128: Declaration or statement expected.
components/oracle/OracleDataIngestionSection.tsx(342,4): error TS1128: Declaration or statement expected.
components/oracle/OracleDataIngestionSection.tsx(342,48): error TS1005: ';' expected.
components/oracle/OracleEnsemblePredictionSection.tsx(16,1): error TS1131: Property or signature expected.
components/oracle/OracleEnsemblePredictionSection.tsx(92,3): error TS1005: ',' expected.
components/oracle/OracleEnsemblePredictionSection.tsx(144,3): error TS1005: ',' expected.
components/oracle/OracleEnsemblePredictionSection.tsx(196,3): error TS1005: ',' expected.
components/oracle/OracleEnsemblePredictionSection.tsx(333,3): error TS1005: ',' expected.
components/oracle/OracleEnsemblePredictionSection.tsx(416,61): error TS1003: Identifier expected.
components/oracle/OracleEnsemblePredictionSection.tsx(441,13): error TS1005: '}' expected.
components/oracle/OracleEnsemblePredictionSection.tsx(609,13): error TS1005: '}' expected.
components/oracle/OracleEnsemblePredictionSection.tsx(691,13): error TS1005: '}' expected.
components/oracle/OracleEnsemblePredictionSection.tsx(851,5): error TS2657: JSX expressions must have one parent element.
components/oracle/OracleEnsemblePredictionSection.tsx(859,103): error TS17002: Expected corresponding JSX closing tag for 'select'.
components/oracle/OracleEnsemblePredictionSection.tsx(860,15): error TS1381: Unexpected token. Did you mean `{'}'}` or `&rbrace;`?
components/oracle/OracleEnsemblePredictionSection.tsx(861,13): error TS17002: Expected corresponding JSX closing tag for 'div'.
components/oracle/OracleEnsemblePredictionSection.tsx(868,110): error TS17002: Expected corresponding JSX closing tag for 'select'.
components/oracle/OracleEnsemblePredictionSection.tsx(869,15): error TS1381: Unexpected token. Did you mean `{'}'}` or `&rbrace;`?
components/oracle/OracleEnsemblePredictionSection.tsx(870,13): error TS17002: Expected corresponding JSX closing tag for 'div'.
components/oracle/OracleEnsemblePredictionSection.tsx(878,7): error TS1005: ')' expected.
components/oracle/OracleEnsemblePredictionSection.tsx(880,24): error TS1005: ',' expected.
components/oracle/OracleEnsemblePredictionSection.tsx(939,8): error TS1128: Declaration or statement expected.
components/oracle/OracleEnsemblePredictionSection.tsx(974,5): error TS1128: Declaration or statement expected.
components/oracle/OracleEnsemblePredictionSection.tsx(975,3): error TS1109: Expression expected.
components/oracle/OracleEnsemblePredictionSection.tsx(1033,1): error TS1128: Declaration or statement expected.
components/oracle/OracleErrorBoundary.tsx(35,5): error TS1128: Declaration or statement expected.
components/oracle/OracleErrorBoundary.tsx(41,28): error TS1005: ',' expected.
components/oracle/OracleErrorBoundary.tsx(41,46): error TS1005: ',' expected.
components/oracle/OracleErrorBoundary.tsx(41,53): error TS1005: ';' expected.
components/oracle/OracleErrorBoundary.tsx(85,14): error TS1005: ';' expected.
components/oracle/OracleErrorBoundary.tsx(162,1): error TS1005: '}' expected.
components/oracle/OracleFeatureExtractionSection.tsx(14,1): error TS1131: Property or signature expected.
components/oracle/OracleFeatureExtractionSection.tsx(25,1): error TS1131: Property or signature expected.
components/oracle/OracleFeatureExtractionSection.tsx(36,1): error TS1131: Property or signature expected.
components/oracle/OracleFeatureExtractionSection.tsx(312,3): error TS1005: ',' expected.
components/oracle/OracleFeatureExtractionSection.tsx(312,4): error TS1005: ',' expected.
components/oracle/OracleFeatureExtractionSection.tsx(314,9): error TS1005: ':' expected.
components/oracle/OracleFeatureExtractionSection.tsx(314,28): error TS1005: ',' expected.
components/oracle/OracleFeatureExtractionSection.tsx(314,48): error TS1005: ',' expected.
components/oracle/OracleFeatureExtractionSection.tsx(314,49): error TS1109: Expression expected.
components/oracle/OracleFeatureExtractionSection.tsx(314,51): error TS1005: ':' expected.
components/oracle/OracleFeatureExtractionSection.tsx(365,3): error TS1005: ',' expected.
components/oracle/OracleFeatureExtractionSection.tsx(365,4): error TS1005: ',' expected.
components/oracle/OracleFeatureExtractionSection.tsx(367,9): error TS1005: ':' expected.
components/oracle/OracleFeatureExtractionSection.tsx(367,31): error TS1005: ',' expected.
components/oracle/OracleFeatureExtractionSection.tsx(367,54): error TS1005: ',' expected.
components/oracle/OracleFeatureExtractionSection.tsx(367,55): error TS1109: Expression expected.
components/oracle/OracleFeatureExtractionSection.tsx(367,57): error TS1005: ':' expected.
components/oracle/OracleFeatureExtractionSection.tsx(444,3): error TS1005: ',' expected.
components/oracle/OracleFeatureExtractionSection.tsx(444,4): error TS1005: ',' expected.
components/oracle/OracleFeatureExtractionSection.tsx(446,9): error TS1005: ':' expected.
components/oracle/OracleFeatureExtractionSection.tsx(446,27): error TS1005: ',' expected.
components/oracle/OracleFeatureExtractionSection.tsx(446,53): error TS1005: ',' expected.
components/oracle/OracleFeatureExtractionSection.tsx(446,54): error TS1109: Expression expected.
components/oracle/OracleFeatureExtractionSection.tsx(446,56): error TS1005: ':' expected.
components/oracle/OracleFeatureExtractionSection.tsx(492,3): error TS1005: ',' expected.
components/oracle/OracleFeatureExtractionSection.tsx(492,4): error TS1005: ',' expected.
components/oracle/OracleFeatureExtractionSection.tsx(494,13): error TS1138: Parameter declaration expected.
components/oracle/OracleFeatureExtractionSection.tsx(494,16): error TS1005: ',' expected.
components/oracle/OracleFeatureExtractionSection.tsx(503,10): error TS1128: Declaration or statement expected.
components/oracle/OracleFeatureExtractionSection.tsx(508,4): error TS1128: Declaration or statement expected.
components/oracle/OracleFeatureExtractionSection.tsx(508,51): error TS1005: ';' expected.
components/oracle/OracleFeatureExtractionSection.tsx(790,26): error TS1128: Declaration or statement expected.
components/oracle/OracleLeaderboard.tsx(33,7): error TS1005: 'try' expected.
components/oracle/OracleLeaderboard.tsx(81,14): error TS1005: ',' expected.
components/oracle/OracleLeaderboard.tsx(98,5): error TS1005: 'try' expected.
components/oracle/OracleLeaderboard.tsx(224,25): error TS1109: Expression expected.
components/oracle/OracleLeaderboard.tsx(386,1): error TS1005: '}' expected.
components/oracle/OracleNeuralNetworkSection.tsx(1212,33): error TS1003: Identifier expected.
components/oracle/OracleNeuralNetworkSection.tsx(1212,34): error TS1351: An identifier or keyword cannot immediately follow a numeric literal.
components/oracle/OracleNeuralNetworkSection.tsx(1357,75): error TS1003: Identifier expected.
components/oracle/OracleNeuralNetworkSection.tsx(1357,76): error TS1351: An identifier or keyword cannot immediately follow a numeric literal.
components/oracle/OracleNeuralNetworkSection.tsx(1374,161): error TS17002: Expected corresponding JSX closing tag for 'select'.
components/oracle/OracleNeuralNetworkSection.tsx(1375,13): error TS1381: Unexpected token. Did you mean `{'}'}` or `&rbrace;`?
components/oracle/OracleNeuralNetworkSection.tsx(1376,11): error TS17002: Expected corresponding JSX closing tag for 'div'.
components/oracle/OracleNeuralNetworkSection.tsx(1384,7): error TS1005: ')' expected.
components/oracle/OracleNeuralNetworkSection.tsx(1422,5): error TS1128: Declaration or statement expected.
components/oracle/OracleNeuralNetworkSection.tsx(1423,3): error TS1109: Expression expected.
components/oracle/OracleNeuralNetworkSection.tsx(1427,5): error TS2657: JSX expressions must have one parent element.
components/oracle/OracleNeuralNetworkSection.tsx(1436,101): error TS17002: Expected corresponding JSX closing tag for 'select'.
components/oracle/OracleNeuralNetworkSection.tsx(1437,15): error TS1381: Unexpected token. Did you mean `{'}'}` or `&rbrace;`?
components/oracle/OracleNeuralNetworkSection.tsx(1438,13): error TS17002: Expected corresponding JSX closing tag for 'div'.
components/oracle/OracleNeuralNetworkSection.tsx(1447,13): error TS1003: Identifier expected.
components/oracle/OracleNeuralNetworkSection.tsx(1450,13): error TS17002: Expected corresponding JSX closing tag for 'div'.
components/oracle/OracleNeuralNetworkSection.tsx(1464,7): error TS1005: ')' expected.
components/oracle/OracleNeuralNetworkSection.tsx(1466,33): error TS1005: ',' expected.
components/oracle/OracleNeuralNetworkSection.tsx(1673,8): error TS1128: Declaration or statement expected.
components/oracle/OracleNeuralNetworkSection.tsx(1674,5): error TS1128: Declaration or statement expected.
components/oracle/OracleNeuralNetworkSection.tsx(1675,3): error TS1109: Expression expected.
components/oracle/OracleNeuralNetworkSection.tsx(1754,1): error TS1128: Declaration or statement expected.
components/oracle/OraclePanel.tsx(69,3): error TS1005: ',' expected.
components/oracle/OraclePanel.tsx(87,3): error TS1005: ',' expected.
components/oracle/OraclePanel.tsx(99,6): error TS1005: ',' expected.
components/oracle/OraclePanel.tsx(241,6): error TS17008: JSX element 'div' has no corresponding closing tag.
components/oracle/OraclePanel.tsx(256,8): error TS17008: JSX element 'div' has no corresponding closing tag.
components/oracle/OraclePanel.tsx(260,46): error TS1003: Identifier expected.
components/oracle/OraclePanel.tsx(283,57): error TS1005: '</' expected.
components/oracle/OraclePanel.tsx(283,57): error TS1160: Unterminated template literal.
components/oracle/OraclePerformanceDashboard.tsx(281,13): error TS1005: ',' expected.
components/oracle/OraclePerformanceDashboard.tsx(282,5): error TS1128: Declaration or statement expected.
components/oracle/OraclePerformanceDashboard.tsx(286,3): error TS1005: ',' expected.
components/oracle/OraclePerformanceDashboard.tsx(286,15): error TS1005: ',' expected.
components/oracle/OraclePerformanceDashboard.tsx(290,1): error TS1005: ',' expected.
components/oracle/OraclePerformanceDashboard.tsx(304,6): error TS1128: Declaration or statement expected.
components/oracle/OraclePerformanceDashboard.tsx(304,19): error TS1005: ';' expected.
components/oracle/OraclePerformanceDashboard.tsx(408,29): error TS1005: '}' expected.
components/oracle/OraclePerformanceDashboard.tsx(460,65): error TS1003: Identifier expected.
components/oracle/OraclePerformanceDashboard.tsx(460,66): error TS1381: Unexpected token. Did you mean `{'}'}` or `&rbrace;`?
components/oracle/OraclePerformanceDashboard.tsx(461,21): error TS1382: Unexpected token. Did you mean `{'>'}` or `&gt;`?
components/oracle/OraclePerformanceDashboard.tsx(463,23): error TS17002: Expected corresponding JSX closing tag for 'div'.
components/oracle/OraclePerformanceDashboard.tsx(465,68): error TS1003: Identifier expected.
components/oracle/OraclePerformanceDashboard.tsx(465,69): error TS1381: Unexpected token. Did you mean `{'}'}` or `&rbrace;`?
components/oracle/OraclePerformanceDashboard.tsx(466,21): error TS1382: Unexpected token. Did you mean `{'>'}` or `&gt;`?
components/oracle/OraclePerformanceDashboard.tsx(468,23): error TS17002: Expected corresponding JSX closing tag for 'div'.
components/oracle/OraclePerformanceDashboard.tsx(470,13): error TS1005: ')' expected.
components/oracle/OraclePerformanceDashboard.tsx(489,13): error TS1128: Declaration or statement expected.
components/oracle/OraclePerformanceDashboard.tsx(492,30): error TS1005: ';' expected.
components/oracle/OraclePerformanceDashboard.tsx(502,13): error TS1128: Declaration or statement expected.
components/oracle/OraclePerformanceDashboard.tsx(503,9): error TS1109: Expression expected.
components/oracle/OraclePerformanceDashboard.tsx(504,5): error TS1109: Expression expected.
components/oracle/OraclePerformanceDashboard.tsx(508,1): error TS1005: '}' expected.
components/oracle/OraclePerformanceDashboard.tsx(508,1): error TS1160: Unterminated template literal.
components/oracle/OracleRealTimeDashboard.tsx(44,1): error TS1131: Property or signature expected.
components/oracle/OracleRealTimeDashboard.tsx(116,40): error TS1005: ';' expected.
components/oracle/OracleRealTimeDashboard.tsx(319,25): error TS1003: Identifier expected.
components/oracle/OracleRealTimeDashboard.tsx(319,26): error TS1381: Unexpected token. Did you mean `{'}'}` or `&rbrace;`?
components/oracle/OracleRealTimeDashboard.tsx(321,22): error TS1382: Unexpected token. Did you mean `{'>'}` or `&gt;`?
components/oracle/OracleRealTimeDashboard.tsx(560,1): error TS1005: '}' expected.
components/oracle/OracleRealTimePredictionInterface.tsx(33,1): error TS1128: Declaration or statement expected.
components/oracle/OracleRealTimePredictionInterface.tsx(99,13): error TS1128: Declaration or statement expected.
components/oracle/OracleRealTimePredictionInterface.tsx(127,13): error TS1128: Declaration or statement expected.
components/oracle/OracleRealTimePredictionInterface.tsx(150,13): error TS1128: Declaration or statement expected.
components/oracle/OracleRealTimePredictionInterface.tsx(158,13): error TS1128: Declaration or statement expected.
components/oracle/OracleRealTimePredictionInterface.tsx(160,6): error TS1128: Declaration or statement expected.
components/oracle/OracleRealTimePredictionInterface.tsx(160,14): error TS1005: ';' expected.
components/oracle/OracleRealTimePredictionInterface.tsx(270,18): error TS1128: Declaration or statement expected.
components/oracle/OracleRealTimePredictionInterface.tsx(307,21): error TS1005: ';' expected.
components/oracle/OracleRealTimePredictionInterface.tsx(308,24): error TS1005: ';' expected.
components/oracle/OracleRealTimePredictionInterface.tsx(309,26): error TS1005: ';' expected.
components/oracle/OracleRealTimePredictionInterface.tsx(310,14): error TS1128: Declaration or statement expected.
components/oracle/OracleRealTimePredictionInterface.tsx(326,9): error TS1128: Declaration or statement expected.
components/oracle/OracleRealTimePredictionInterface.tsx(328,5): error TS1128: Declaration or statement expected.
components/oracle/OracleRealTimePredictionInterface.tsx(328,6): error TS1128: Declaration or statement expected.
components/oracle/OracleRealTimePredictionInterface.tsx(328,81): error TS1005: ';' expected.
components/oracle/OracleRealTimePredictionInterface.tsx(486,41): error TS1003: Identifier expected.
components/oracle/OracleRealTimePredictionInterface.tsx(563,41): error TS1003: Identifier expected.
components/oracle/OracleRealTimePredictionInterface.tsx(597,1): error TS1005: '}' expected.
components/oracle/OracleRewardsDashboard.tsx(116,17): error TS1005: '}' expected.
components/oracle/OracleRewardsDashboard.tsx(218,7): error TS1005: ';' expected.
components/oracle/OracleRewardsDashboard.tsx(274,14): error TS1005: ';' expected.
components/oracle/OracleRewardsDashboard.tsx(298,29): error TS1109: Expression expected.
components/oracle/OracleRewardsDashboard.tsx(299,43): error TS1005: ',' expected.
components/oracle/OracleRewardsDashboard.tsx(300,29): error TS1128: Declaration or statement expected.
components/oracle/OracleRewardsDashboard.tsx(301,25): error TS1109: Expression expected.
components/oracle/OracleRewardsDashboard.tsx(301,26): error TS1128: Declaration or statement expected.
components/oracle/OracleRewardsDashboard.tsx(301,27): error TS1128: Declaration or statement expected.
components/oracle/OracleRewardsDashboard.tsx(302,21): error TS1128: Declaration or statement expected.
components/oracle/OracleRewardsDashboard.tsx(303,17): error TS1109: Expression expected.
components/oracle/OracleRewardsDashboard.tsx(317,13): error TS1128: Declaration or statement expected.
components/oracle/OracleRewardsDashboard.tsx(318,9): error TS1109: Expression expected.
components/oracle/OracleRewardsDashboard.tsx(319,5): error TS1109: Expression expected.
components/oracle/OracleRewardsDashboard.tsx(320,1): error TS1128: Declaration or statement expected.
components/oracle/PredictionCard.tsx(26,1): error TS1131: Property or signature expected.
components/oracle/PredictionCard.tsx(101,21): error TS1005: '}' expected.
components/oracle/PredictionCard.tsx(101,23): error TS1005: '...' expected.
components/oracle/PredictionCard.tsx(102,17): error TS1003: Identifier expected.
components/oracle/PredictionCard.tsx(106,30): error TS1005: ';' expected.
components/oracle/PredictionCard.tsx(106,49): error TS1434: Unexpected keyword or identifier.
components/oracle/PredictionCard.tsx(118,38): error TS1005: ';' expected.
components/oracle/PredictionCard.tsx(118,43): error TS1005: ';' expected.
components/oracle/PredictionCard.tsx(118,48): error TS1005: ';' expected.
components/oracle/PredictionCard.tsx(118,64): error TS1005: ';' expected.
components/oracle/PredictionCard.tsx(118,76): error TS1005: ';' expected.
components/oracle/PredictionCard.tsx(118,87): error TS1005: ';' expected.
components/oracle/PredictionCard.tsx(145,32): error TS1005: ';' expected.
components/oracle/PredictionCard.tsx(145,47): error TS1005: ';' expected.
components/oracle/PredictionCard.tsx(145,60): error TS1005: ';' expected.
components/oracle/PredictionCard.tsx(145,64): error TS1005: ';' expected.
components/oracle/PredictionCard.tsx(145,71): error TS1005: ';' expected.
components/oracle/PredictionCard.tsx(145,82): error TS1005: ';' expected.
components/oracle/PredictionCard.tsx(145,106): error TS1005: ';' expected.
components/oracle/PredictionCard.tsx(146,17): error TS1434: Unexpected keyword or identifier.
components/oracle/PredictionCard.tsx(150,17): error TS1434: Unexpected keyword or identifier.
components/oracle/PredictionCard.tsx(155,26): error TS1005: ';' expected.
components/oracle/PredictionCard.tsx(155,31): error TS1434: Unexpected keyword or identifier.
components/oracle/PredictionCard.tsx(155,43): error TS1005: '(' expected.
components/oracle/PredictionCard.tsx(155,53): error TS1005: ';' expected.
components/oracle/PredictionCard.tsx(155,55): error TS1434: Unexpected keyword or identifier.
components/oracle/PredictionCard.tsx(167,34): error TS1005: ';' expected.
components/oracle/PredictionCard.tsx(167,39): error TS1005: ';' expected.
components/oracle/PredictionCard.tsx(167,44): error TS1005: ';' expected.
components/oracle/PredictionCard.tsx(167,55): error TS1005: ';' expected.
components/oracle/PredictionCard.tsx(167,63): error TS1005: ';' expected.
components/oracle/PredictionCard.tsx(167,77): error TS1005: ';' expected.
components/oracle/PredictionCard.tsx(167,88): error TS1005: ';' expected.
components/oracle/PredictionCard.tsx(246,1): error TS1160: Unterminated template literal.
components/oracle/PredictionDetail.tsx(377,1): error TS1005: '}' expected.
components/oracle/RealtimeUpdatesWidget.tsx(212,1): error TS1005: '}' expected.
components/oracle/TrainingDataManager.tsx(250,10): error TS1128: Declaration or statement expected.
components/oracle/TrainingDataManager.tsx(476,10): error TS1128: Declaration or statement expected.
components/oracle/TrainingDataManager.tsx(476,31): error TS1005: ';' expected.
components/oracle/TrainingDataManager.tsx(529,10): error TS1128: Declaration or statement expected.
components/oracle/TrainingDataManager.tsx(529,39): error TS1005: ';' expected.
components/oracle/TrainingDataManager.tsx(563,13): error TS1128: Declaration or statement expected.
components/oracle/TrainingDataManager.tsx(575,10): error TS1128: Declaration or statement expected.
components/oracle/TrainingDataManager.tsx(575,38): error TS1005: ';' expected.
components/oracle/TrainingDataManager.tsx(618,6): error TS1005: ')' expected.
components/oracle/TrainingDataManager.tsx(680,6): error TS1128: Declaration or statement expected.
components/oracle/TrainingDataManager.tsx(680,42): error TS1005: ';' expected.
components/oracle/TrainingDataManager.tsx(718,10): error TS1128: Declaration or statement expected.
components/oracle/TrainingDataManager.tsx(718,33): error TS1005: ';' expected.
components/oracle/TrainingDataManager.tsx(872,18): error TS17008: JSX element 'div' has no corresponding closing tag.
components/oracle/TrainingDataManager.tsx(995,13): error TS1005: ')' expected.
components/oracle/TrainingDataManager.tsx(1075,9): error TS1128: Declaration or statement expected.
components/oracle/TrainingDataManager.tsx(1076,5): error TS1109: Expression expected.
components/oracle/TrainingDataManager.tsx(1555,38): error TS1005: ',' expected.
components/oracle/TrainingDataManager.tsx(1761,41): error TS1005: '}' expected.
components/oracle/TrainingDataManager.tsx(2038,29): error TS1005: ',' expected.
components/oracle/TrainingDataManager.tsx(2577,1): error TS1128: Declaration or statement expected.
components/oracle/TrainingDataManager.tsx(2577,2): error TS1128: Declaration or statement expected.
components/oracle/UserStatsWidget.tsx(61,5): error TS1005: ',' expected.
components/oracle/UserStatsWidget.tsx(135,1): error TS1005: '}' expected.
components/OracleOnlyApp.tsx(198,2): error TS1128: Declaration or statement expected.
components/payment/PaymentCheckout.tsx(33,7): error TS1005: 'try' expected.
components/payment/PaymentCheckout.tsx(36,7): error TS1005: 'try' expected.
components/payment/PaymentCheckout.tsx(55,7): error TS1128: Declaration or statement expected.
components/payment/PaymentCheckout.tsx(66,5): error TS2657: JSX expressions must have one parent element.
components/payment/PaymentCheckout.tsx(67,7): error TS1003: Identifier expected.
components/payment/PaymentCheckout.tsx(86,11): error TS1109: Expression expected.
components/payment/PaymentCheckout.tsx(90,7): error TS1005: ')' expected.
components/payment/PaymentCheckout.tsx(95,5): error TS1128: Declaration or statement expected.
components/payment/PaymentCheckout.tsx(96,3): error TS1109: Expression expected.
components/payment/PaymentCheckout.tsx(97,1): error TS1128: Declaration or statement expected.
components/payment/PaymentCheckout.tsx(129,55): error TS1005: ',' expected.
components/payment/PaymentCheckout.tsx(220,15): error TS1109: Expression expected.
components/payment/PaymentCheckout.tsx(223,20): error TS1005: ';' expected.
components/payment/PaymentCheckout.tsx(225,13): error TS1003: Identifier expected.
components/payment/PaymentCheckout.tsx(225,18): error TS1005: ',' expected.
components/payment/PaymentCheckout.tsx(227,15): error TS1005: ',' expected.
components/payment/PaymentCheckout.tsx(227,24): error TS1005: ',' expected.
components/payment/PaymentCheckout.tsx(227,36): error TS1005: ',' expected.
components/payment/PaymentCheckout.tsx(228,13): error TS1003: Identifier expected.
components/payment/PaymentCheckout.tsx(229,11): error TS1109: Expression expected.
components/payment/PaymentCheckout.tsx(229,13): error TS1128: Declaration or statement expected.
components/payment/PaymentCheckout.tsx(234,12): error TS1128: Declaration or statement expected.
components/payment/PaymentCheckout.tsx(235,9): error TS1128: Declaration or statement expected.
components/payment/PaymentCheckout.tsx(243,7): error TS1128: Declaration or statement expected.
components/payment/PaymentCheckout.tsx(253,5): error TS1128: Declaration or statement expected.
components/payment/PaymentCheckout.tsx(254,3): error TS1109: Expression expected.
components/payment/PaymentCheckout.tsx(255,1): error TS1128: Declaration or statement expected.
components/payment/PaymentCheckout.tsx(274,9): error TS1005: '}' expected.
components/player/AdvancedStatsTab.tsx(22,1): error TS1131: Property or signature expected.
components/player/AdvancedStatsTab.tsx(73,5): error TS1005: ',' expected.
components/player/AdvancedStatsTab.tsx(299,1): error TS1005: '}' expected.
components/player/NewsAndUpdatesTab.tsx(22,1): error TS1131: Property or signature expected.
components/player/NewsAndUpdatesTab.tsx(109,5): error TS1005: ',' expected.
components/player/NewsAndUpdatesTab.tsx(139,6): error TS1128: Declaration or statement expected.
components/player/NewsAndUpdatesTab.tsx(139,30): error TS1005: ';' expected.
components/player/NewsAndUpdatesTab.tsx(152,5): error TS1005: ',' expected.
components/player/NewsAndUpdatesTab.tsx(377,63): error TS1005: '}' expected.
components/player/PlayerCard.tsx(68,2): error TS1005: ',' expected.
components/player/PlayerCard.tsx(70,7): error TS1005: ':' expected.
components/player/PlayerCard.tsx(70,17): error TS1005: ',' expected.
components/player/PlayerCard.tsx(70,24): error TS1005: ',' expected.
components/player/PlayerCard.tsx(220,10): error TS1128: Declaration or statement expected.
components/player/PlayerCard.tsx(231,56): error TS1005: '}' expected.
components/player/PlayerComparisonTab.tsx(124,9): error TS1005: ',' expected.
components/player/PlayerComparisonTab.tsx(143,13): error TS1005: ',' expected.
components/player/PlayerComparisonTab.tsx(160,13): error TS1005: ',' expected.
components/player/PlayerComparisonTab.tsx(177,13): error TS1005: ',' expected.
components/player/PlayerComparisonTab.tsx(468,65): error TS1005: '}' expected.
components/player/PlayerPool.tsx(60,4): error TS1128: Declaration or statement expected.
components/player/PlayerPool.tsx(60,127): error TS1005: ';' expected.
components/player/PlayerPool.tsx(76,5): error TS2657: JSX expressions must have one parent element.
components/player/PlayerPool.tsx(97,25): error TS1003: Identifier expected.
components/player/PlayerPool.tsx(106,22): error TS1005: ',' expected.
components/player/PlayerPool.tsx(107,17): error TS1382: Unexpected token. Did you mean `{'>'}` or `&gt;`?
components/player/PlayerPool.tsx(111,19): error TS17002: Expected corresponding JSX closing tag for 'div'.
components/player/PlayerPool.tsx(149,5): error TS1005: ')' expected.
components/player/PlayerPool.tsx(150,3): error TS1109: Expression expected.
components/player/PlayerPool.tsx(151,1): error TS1128: Declaration or statement expected.
components/player/PlayerProfileView.tsx(63,5): error TS1005: ',' expected.
components/player/PlayerProfileView.tsx(137,77): error TS1003: Identifier expected.
components/player/PlayerProfileView.tsx(137,78): error TS1381: Unexpected token. Did you mean `{'}'}` or `&rbrace;`?
components/player/PlayerProfileView.tsx(138,29): error TS1382: Unexpected token. Did you mean `{'>'}` or `&gt;`?
components/player/PlayerProfileView.tsx(140,31): error TS17002: Expected corresponding JSX closing tag for 'div'.
components/player/PlayerProfileView.tsx(214,13): error TS1005: ')' expected.
components/player/PlayerProfileView.tsx(215,14): error TS17008: JSX element 'div' has no corresponding closing tag.
components/player/PlayerProfileView.tsx(216,18): error TS17008: JSX element 'div' has no corresponding closing tag.
components/player/PlayerProfileView.tsx(220,67): error TS1003: Identifier expected.
components/player/PlayerProfileView.tsx(393,1): error TS1005: '</' expected.
components/player/PlayerProfileView.tsx(393,1): error TS1160: Unterminated template literal.
components/player/PlayerResearchInterface.tsx(304,94): error TS1003: Identifier expected.
components/player/PlayerResearchInterface.tsx(350,65): error TS1005: ',' expected.
components/player/PlayerResearchInterface.tsx(350,76): error TS1005: ',' expected.
components/player/PlayerResearchInterface.tsx(350,80): error TS1005: ',' expected.
components/player/PlayerResearchInterface.tsx(350,87): error TS1005: ',' expected.
components/player/PlayerResearchInterface.tsx(350,88): error TS1005: ',' expected.
components/player/PlayerResearchInterface.tsx(350,112): error TS1005: ',' expected.
components/player/PlayerResearchInterface.tsx(350,117): error TS1005: ',' expected.
components/player/PlayerResearchInterface.tsx(350,120): error TS1381: Unexpected token. Did you mean `{'}'}` or `&rbrace;`?
components/player/PlayerResearchInterface.tsx(351,49): error TS1382: Unexpected token. Did you mean `{'>'}` or `&gt;`?
components/player/PlayerResearchInterface.tsx(358,47): error TS1381: Unexpected token. Did you mean `{'}'}` or `&rbrace;`?
components/player/PlayerResearchInterface.tsx(361,33): error TS1005: ')' expected.
components/player/PlayerResearchInterface.tsx(362,29): error TS1109: Expression expected.
components/player/PlayerResearchInterface.tsx(362,30): error TS1128: Declaration or statement expected.
components/player/PlayerResearchInterface.tsx(451,25): error TS1128: Declaration or statement expected.
components/player/PlayerResearchInterface.tsx(452,21): error TS1109: Expression expected.
components/player/PlayerResearchInterface.tsx(453,17): error TS1109: Expression expected.
components/player/PlayerResearchInterface.tsx(454,13): error TS1109: Expression expected.
components/player/PlayerResearchInterface.tsx(455,9): error TS1109: Expression expected.
components/player/PlayerResearchInterface.tsx(456,5): error TS1128: Declaration or statement expected.
components/player/PlayerResearchInterface.tsx(459,10): error TS17008: JSX element 'div' has no corresponding closing tag.
components/player/PlayerResearchInterface.tsx(460,14): error TS17008: JSX element 'Widget' has no corresponding closing tag.
components/player/PlayerResearchInterface.tsx(462,18): error TS17008: JSX element 'div' has no corresponding closing tag.
components/player/PlayerResearchInterface.tsx(468,84): error TS1003: Identifier expected.
components/player/PlayerResearchInterface.tsx(648,74): error TS1005: ';' expected.
components/player/PlayerResearchInterface.tsx(648,86): error TS1005: ';' expected.
components/player/PlayerResearchInterface.tsx(648,90): error TS1005: ';' expected.
components/player/PlayerResearchInterface.tsx(648,98): error TS1434: Unexpected keyword or identifier.
components/player/PlayerResearchInterface.tsx(659,74): error TS1005: ';' expected.
components/player/PlayerResearchInterface.tsx(659,86): error TS1005: ';' expected.
components/player/PlayerResearchInterface.tsx(659,90): error TS1005: ';' expected.
components/player/PlayerResearchInterface.tsx(659,98): error TS1434: Unexpected keyword or identifier.
components/player/PlayerResearchInterface.tsx(676,71): error TS1005: ';' expected.
components/player/PlayerResearchInterface.tsx(676,79): error TS1005: ';' expected.
components/player/PlayerResearchInterface.tsx(676,91): error TS1005: ';' expected.
components/player/PlayerResearchInterface.tsx(722,1): error TS1005: '</' expected.
components/player/PlayerResearchInterface.tsx(722,1): error TS1160: Unterminated template literal.
components/player/SeasonTrendsTab.tsx(22,1): error TS1131: Property or signature expected.
components/player/SeasonTrendsTab.tsx(84,5): error TS1005: ',' expected.
components/player/SeasonTrendsTab.tsx(324,1): error TS1005: '}' expected.
components/prep/DraftPreparationInterface.tsx(45,14): error TS1005: ';' expected.
components/prep/DraftPreparationInterface.tsx(96,6): error TS1128: Declaration or statement expected.
components/prep/DraftPreparationInterface.tsx(96,10): error TS1005: ';' expected.
components/prep/DraftPreparationInterface.tsx(251,34): error TS1005: ')' expected.
components/prep/DraftPreparationInterface.tsx(263,34): error TS1005: ')' expected.
components/prep/DraftPreparationInterface.tsx(275,34): error TS1005: ')' expected.
components/prep/DraftPreparationInterface.tsx(440,35): error TS1109: Expression expected.
components/prep/DraftPreparationInterface.tsx(440,53): error TS1005: '}' expected.
components/prep/DraftPreparationInterface.tsx(440,99): error TS1381: Unexpected token. Did you mean `{'}'}` or `&rbrace;`?
components/prep/DraftPreparationInterface.tsx(441,21): error TS1382: Unexpected token. Did you mean `{'>'}` or `&gt;`?
components/prep/DraftPreparationInterface.tsx(606,29): error TS1003: Identifier expected.
components/prep/DraftPreparationInterface.tsx(612,27): error TS17002: Expected corresponding JSX closing tag for 'div'.
components/prep/DraftPreparationInterface.tsx(617,13): error TS1005: ')' expected.
components/prep/DraftPreparationInterface.tsx(733,9): error TS1128: Declaration or statement expected.
components/prep/DraftPreparationInterface.tsx(734,5): error TS1109: Expression expected.
components/prep/DraftPreparationInterface.tsx(747,10): error TS17008: JSX element 'div' has no corresponding closing tag.
components/prep/DraftPreparationInterface.tsx(767,14): error TS17008: JSX element 'div' has no corresponding closing tag.
components/prep/DraftPreparationInterface.tsx(768,18): error TS17008: JSX element 'nav' has no corresponding closing tag.
components/prep/DraftPreparationInterface.tsx(788,76): error TS1003: Identifier expected.
components/prep/DraftPreparationInterface.tsx(816,1): error TS1005: '</' expected.
components/prep/DraftPreparationInterface.tsx(816,1): error TS1160: Unterminated template literal.
components/prep/MockDraftHistory.tsx(47,1): error TS1005: '}' expected.
components/prep/MyRankingsEditor.tsx(87,10): error TS17008: JSX element 'div' has no corresponding closing tag.
components/prep/MyRankingsEditor.tsx(88,14): error TS17008: JSX element 'div' has no corresponding closing tag.
components/prep/MyRankingsEditor.tsx(90,18): error TS17008: JSX element 'div' has no corresponding closing tag.
components/prep/MyRankingsEditor.tsx(94,67): error TS1003: Identifier expected.
components/prep/MyRankingsEditor.tsx(127,1): error TS1005: '</' expected.
components/prep/MyRankingsEditor.tsx(127,1): error TS1160: Unterminated template literal.
components/reports/AdvancedReportingInterface.tsx(33,1): error TS1131: Property or signature expected.
components/reports/AdvancedReportingInterface.tsx(34,1): error TS1128: Declaration or statement expected.
components/reports/AdvancedReportingInterface.tsx(77,17): error TS1128: Declaration or statement expected.
components/reports/AdvancedReportingInterface.tsx(84,17): error TS1128: Declaration or statement expected.
components/reports/AdvancedReportingInterface.tsx(92,7): error TS1005: 'try' expected.
components/reports/AdvancedReportingInterface.tsx(118,7): error TS1005: 'try' expected.
components/reports/AdvancedReportingInterface.tsx(141,25): error TS1472: 'catch' or 'finally' expected.
components/reports/AdvancedReportingInterface.tsx(142,29): error TS2657: JSX expressions must have one parent element.
components/reports/AdvancedReportingInterface.tsx(177,25): error TS1128: Declaration or statement expected.
components/reports/AdvancedReportingInterface.tsx(178,21): error TS1109: Expression expected.
components/reports/AdvancedReportingInterface.tsx(178,22): error TS1128: Declaration or statement expected.
components/reports/AdvancedReportingInterface.tsx(179,17): error TS1128: Declaration or statement expected.
components/reports/AdvancedReportingInterface.tsx(179,18): error TS1128: Declaration or statement expected.
components/reports/AdvancedReportingInterface.tsx(180,13): error TS1128: Declaration or statement expected.
components/reports/AdvancedReportingInterface.tsx(181,9): error TS1109: Expression expected.
components/reports/AdvancedReportingInterface.tsx(182,5): error TS1128: Declaration or statement expected.
components/reports/AdvancedReportingInterface.tsx(228,10): error TS17008: JSX element 'div' has no corresponding closing tag.
components/reports/AdvancedReportingInterface.tsx(229,14): error TS17008: JSX element 'Widget' has no corresponding closing tag.
components/reports/AdvancedReportingInterface.tsx(231,18): error TS17008: JSX element 'div' has no corresponding closing tag.
components/reports/AdvancedReportingInterface.tsx(237,85): error TS1003: Identifier expected.
components/reports/AdvancedReportingInterface.tsx(402,55): error TS1005: ';' expected.
components/reports/AdvancedReportingInterface.tsx(402,60): error TS1005: ';' expected.
components/reports/AdvancedReportingInterface.tsx(402,81): error TS1005: ';' expected.
components/reports/AdvancedReportingInterface.tsx(404,63): error TS1005: ';' expected.
components/reports/AdvancedReportingInterface.tsx(404,69): error TS1005: ';' expected.
components/reports/AdvancedReportingInterface.tsx(404,78): error TS1005: ';' expected.
components/reports/AdvancedReportingInterface.tsx(427,53): error TS1005: ';' expected.
components/reports/AdvancedReportingInterface.tsx(427,64): error TS1005: ';' expected.
components/reports/AdvancedReportingInterface.tsx(427,68): error TS1005: ';' expected.
components/reports/AdvancedReportingInterface.tsx(427,76): error TS1005: ';' expected.
components/reports/AdvancedReportingInterface.tsx(434,63): error TS1005: ';' expected.
components/reports/AdvancedReportingInterface.tsx(434,74): error TS1005: ';' expected.
components/reports/AdvancedReportingInterface.tsx(434,88): error TS1005: ';' expected.
components/reports/AdvancedReportingInterface.tsx(456,1): error TS1005: '</' expected.
components/reports/AdvancedReportingInterface.tsx(456,1): error TS1160: Unterminated template literal.
components/reports/RecapVideoPlayer.tsx(20,9): error TS1005: ';' expected.
components/reports/RecapVideoPlayer.tsx(20,35): error TS1005: ';' expected.
components/reports/RecapVideoPlayer.tsx(20,83): error TS1128: Declaration or statement expected.
components/reports/RecapVideoPlayer.tsx(20,84): error TS1109: Expression expected.
components/reports/RecapVideoPlayer.tsx(20,86): error TS1109: Expression expected.
components/reports/RecapVideoPlayer.tsx(130,14): error TS1128: Declaration or statement expected.
components/reports/RecapVideoPlayer.tsx(141,41): error TS1005: ';' expected.
components/season/WeeklyRecap.tsx(22,1): error TS1131: Property or signature expected.
components/season/WeeklyRecap.tsx(89,5): error TS1005: ',' expected.
components/season/WeeklyRecap.tsx(140,5): error TS1005: ',' expected.
components/season/WeeklyRecap.tsx(170,4): error TS1128: Declaration or statement expected.
components/season/WeeklyRecap.tsx(170,35): error TS1005: ';' expected.
components/season/WeeklyRecap.tsx(412,57): error TS1005: '}' expected.
components/Sidebar.tsx(15,7): error TS1005: ';' expected.
components/Sidebar.tsx(59,8): error TS1005: ';' expected.
components/Sidebar.tsx(59,16): error TS1005: ';' expected.
components/Sidebar.tsx(59,24): error TS1005: '}' expected.
components/social/CommunityHubIntegration.tsx(36,1): error TS1131: Property or signature expected.
components/social/CommunityHubIntegration.tsx(113,13): error TS1005: ',' expected.
components/social/CommunityHubIntegration.tsx(122,9): error TS1136: Property assignment expected.
components/social/CommunityHubIntegration.tsx(135,13): error TS1005: ',' expected.
components/social/CommunityHubIntegration.tsx(150,5): error TS1005: ',' expected.
components/social/CommunityHubIntegration.tsx(176,13): error TS1005: ',' expected.
components/social/CommunityHubIntegration.tsx(198,13): error TS1005: ',' expected.
components/social/CommunityHubIntegration.tsx(203,5): error TS1005: ',' expected.
components/social/CommunityHubIntegration.tsx(242,5): error TS1005: ',' expected.
components/social/CommunityHubIntegration.tsx(308,5): error TS1005: ',' expected.
components/social/CommunityHubIntegration.tsx(464,10): error TS17008: JSX element 'Widget' has no corresponding closing tag.
components/social/CommunityHubIntegration.tsx(466,14): error TS17008: JSX element 'div' has no corresponding closing tag.
components/social/CommunityHubIntegration.tsx(474,18): error TS17008: JSX element 'div' has no corresponding closing tag.
components/social/CommunityHubIntegration.tsx(478,85): error TS1003: Identifier expected.
components/social/CommunityHubIntegration.tsx(511,1): error TS1005: '</' expected.
components/social/CommunityHubIntegration.tsx(511,1): error TS1160: Unterminated template literal.
components/social/LeagueHistoryViewer.tsx(51,1): error TS1131: Property or signature expected.
components/social/LeagueHistoryViewer.tsx(81,1): error TS1131: Property or signature expected.
components/social/LeagueHistoryViewer.tsx(86,1): error TS1131: Property or signature expected.
components/social/LeagueHistoryViewer.tsx(94,1): error TS1131: Property or signature expected.
components/social/LeagueHistoryViewer.tsx(102,1): error TS1131: Property or signature expected.
components/social/LeagueHistoryViewer.tsx(110,1): error TS1131: Property or signature expected.
components/social/LeagueHistoryViewer.tsx(145,1): error TS1131: Property or signature expected.
components/social/LeagueHistoryViewer.tsx(212,6): error TS1128: Declaration or statement expected.
components/social/LeagueHistoryViewer.tsx(212,61): error TS1005: ';' expected.
components/social/LeagueHistoryViewer.tsx(633,17): error TS1005: '}' expected.
components/social/LeagueHistoryViewer.tsx(639,10): error TS17008: JSX element 'div' has no corresponding closing tag.
components/social/LeagueHistoryViewer.tsx(641,14): error TS17008: JSX element 'div' has no corresponding closing tag.
components/social/LeagueHistoryViewer.tsx(677,18): error TS17008: JSX element 'div' has no corresponding closing tag.
components/social/LeagueHistoryViewer.tsx(685,75): error TS1003: Identifier expected.
components/social/LeagueHistoryViewer.tsx(740,1): error TS1005: '</' expected.
components/social/LeagueHistoryViewer.tsx(740,1): error TS1160: Unterminated template literal.
components/social/SocialFeed.tsx(55,1): error TS1131: Property or signature expected.
components/social/SocialFeed.tsx(83,1): error TS1131: Property or signature expected.
components/social/SocialFeed.tsx(92,1): error TS1131: Property or signature expected.
components/social/SocialFeed.tsx(101,1): error TS1131: Property or signature expected.
components/social/SocialFeed.tsx(108,1): error TS1131: Property or signature expected.
components/social/SocialFeed.tsx(116,1): error TS1131: Property or signature expected.
components/social/SocialFeed.tsx(129,1): error TS1131: Property or signature expected.
components/social/SocialFeed.tsx(235,6): error TS1129: Statement expected.
components/social/SocialFeed.tsx(235,27): error TS1005: ';' expected.
components/social/SocialFeed.tsx(333,41): error TS1109: Expression expected.
components/social/SocialFeed.tsx(370,14): error TS17008: JSX element 'motion.div' has no corresponding closing tag.
components/social/SocialFeed.tsx(456,18): error TS17008: JSX element 'div' has no corresponding closing tag.
components/social/SocialFeed.tsx(457,22): error TS17008: JSX element 'div' has no corresponding closing tag.
components/social/SocialFeed.tsx(467,83): error TS1003: Identifier expected.
components/social/SocialFeed.tsx(592,26): error TS1005: ';' expected.
components/social/SocialFeed.tsx(592,33): error TS1005: ';' expected.
components/social/SocialFeed.tsx(592,47): error TS1005: ';' expected.
components/social/SocialFeed.tsx(592,51): error TS1137: Expression or comma expected.
components/social/SocialFeed.tsx(592,54): error TS1134: Variable declaration expected.
components/social/SocialFeed.tsx(592,66): error TS1005: ';' expected.
components/social/SocialFeed.tsx(592,81): error TS1381: Unexpected token. Did you mean `{'}'}` or `&rbrace;`?
components/social/SocialFeed.tsx(592,82): error TS1382: Unexpected token. Did you mean `{'>'}` or `&gt;`?
components/social/SocialFeed.tsx(621,124): error TS1005: ')' expected.
components/social/SocialFeed.tsx(636,127): error TS1005: ')' expected.
components/social/SocialFeed.tsx(654,131): error TS1005: ')' expected.
components/social/SocialFeed.tsx(682,1): error TS1381: Unexpected token. Did you mean `{'}'}` or `&rbrace;`?
components/social/SocialFeed.tsx(684,61): error TS1382: Unexpected token. Did you mean `{'>'}` or `&gt;`?
components/social/SocialFeed.tsx(691,1): error TS1005: '</' expected.
components/social/SocialHub.tsx(34,1): error TS1131: Property or signature expected.
components/social/SocialHub.tsx(34,105): error TS1128: Declaration or statement expected.
components/social/SocialHub.tsx(144,17): error TS1128: Declaration or statement expected.
components/social/SocialHub.tsx(153,17): error TS1128: Declaration or statement expected.
components/social/SocialHub.tsx(161,17): error TS1128: Declaration or statement expected.
components/social/SocialHub.tsx(166,17): error TS1128: Declaration or statement expected.
components/social/SocialHub.tsx(171,17): error TS1128: Declaration or statement expected.
components/social/SocialHub.tsx(177,7): error TS1005: 'try' expected.
components/social/SocialHub.tsx(240,12): error TS1109: Expression expected.
components/social/SocialHub.tsx(240,24): error TS1005: ')' expected.
components/social/SocialHub.tsx(241,5): error TS1005: ',' expected.
components/social/SocialHub.tsx(242,21): error TS1005: ',' expected.
components/social/SocialHub.tsx(243,10): error TS1005: ',' expected.
components/social/SocialHub.tsx(662,10): error TS17008: JSX element 'div' has no corresponding closing tag.
components/social/SocialHub.tsx(663,14): error TS17008: JSX element 'Widget' has no corresponding closing tag.
components/social/SocialHub.tsx(665,18): error TS17008: JSX element 'div' has no corresponding closing tag.
components/social/SocialHub.tsx(671,82): error TS1003: Identifier expected.
components/social/SocialHub.tsx(765,1): error TS1005: '</' expected.
components/social/SocialHub.tsx(765,1): error TS1160: Unterminated template literal.
components/social/SocialTab.tsx(671,38): error TS1005: ',' expected.
components/social/SocialTab.tsx(686,38): error TS1005: ',' expected.
components/social/SocialTab.tsx(708,38): error TS1005: ',' expected.
components/social/SocialTab.tsx(1678,14): error TS1128: Declaration or statement expected.
components/social/SocialTab.tsx(1911,1): error TS1005: '}' expected.
components/social/TeamStoryBuilder.tsx(218,10): error TS1005: ',' expected.
components/social/TeamStoryBuilder.tsx(220,30): error TS1005: ',' expected.
components/social/TeamStoryBuilder.tsx(226,10): error TS1005: ',' expected.
components/social/TeamStoryBuilder.tsx(226,11): error TS1136: Property assignment expected.
components/social/TeamStoryBuilder.tsx(226,12): error TS1136: Property assignment expected.
components/social/TeamStoryBuilder.tsx(228,36): error TS1005: ',' expected.
components/social/TeamStoryBuilder.tsx(228,39): error TS1005: ',' expected.
components/social/TeamStoryBuilder.tsx(228,40): error TS1136: Property assignment expected.
components/social/TeamStoryBuilder.tsx(229,6): error TS1005: ')' expected.
components/social/TeamStoryBuilder.tsx(263,10): error TS1005: ',' expected.
components/social/TeamStoryBuilder.tsx(273,10): error TS1005: ',' expected.
components/social/TeamStoryBuilder.tsx(329,25): error TS1109: Expression expected.
components/social/TeamStoryBuilder.tsx(792,1): error TS1005: '}' expected.
components/social/TradeNegotiationChat.tsx(43,1): error TS1131: Property or signature expected.
components/social/TradeNegotiationChat.tsx(51,1): error TS1131: Property or signature expected.
components/social/TradeNegotiationChat.tsx(88,1): error TS1131: Property or signature expected.
components/social/TradeNegotiationChat.tsx(101,7): error TS1005: ';' expected.
components/social/TradeNegotiationChat.tsx(303,29): error TS1109: Expression expected.
components/social/TradeNegotiationChat.tsx(425,21): error TS1003: Identifier expected.
components/social/TradeNegotiationChat.tsx(461,19): error TS17002: Expected corresponding JSX closing tag for 'div'.
components/social/TradeNegotiationChat.tsx(464,13): error TS1005: ')' expected.
components/social/TradeNegotiationChat.tsx(488,9): error TS1128: Declaration or statement expected.
components/social/TradeNegotiationChat.tsx(489,5): error TS1109: Expression expected.
components/social/TradeNegotiationChat.tsx(492,7): error TS1005: ';' expected.
components/social/TradeNegotiationChat.tsx(498,1): error TS1131: Property or signature expected.
components/strategy/WarRoomPanel.tsx(93,1): error TS1005: '}' expected.
components/team/AiCoManagerWidget.tsx(67,33): error TS1003: Identifier expected.
components/team/AiCoManagerWidget.tsx(91,1): error TS1005: '}' expected.
components/team/BriefingItemCard.tsx(111,62): error TS1005: '}' expected.
components/team/ChampionshipOddsWidget.tsx(33,95): error TS1005: ',' expected.
components/team/CurrentMatchupWidget.tsx(43,85): error TS1005: ',' expected.
components/team/CurrentMatchupWidget.tsx(60,1): error TS1005: '}' expected.
components/team/DailyBriefingWidget.tsx(78,6): error TS1128: Declaration or statement expected.
components/team/DailyBriefingWidget.tsx(78,50): error TS1005: ';' expected.
components/team/DailyBriefingWidget.tsx(104,10): error TS1005: ',' expected.
components/team/DailyBriefingWidget.tsx(156,3): error TS1005: '}' expected.
components/team/EnhancedRosterManager.tsx(31,1): error TS1131: Property or signature expected.
components/team/EnhancedRosterManager.tsx(48,9): error TS1005: ';' expected.
components/team/EnhancedRosterManager.tsx(48,35): error TS1005: ';' expected.
components/team/EnhancedRosterManager.tsx(48,146): error TS1109: Expression expected.
components/team/EnhancedRosterManager.tsx(48,176): error TS1109: Expression expected.
components/team/EnhancedRosterManager.tsx(48,186): error TS1128: Declaration or statement expected.
components/team/EnhancedRosterManager.tsx(48,187): error TS1109: Expression expected.
components/team/EnhancedRosterManager.tsx(48,189): error TS1109: Expression expected.
components/team/EnhancedRosterManager.tsx(214,3): error TS1005: ',' expected.
components/team/EnhancedRosterManager.tsx(229,13): error TS1005: ',' expected.
components/team/EnhancedRosterManager.tsx(229,21): error TS1005: ',' expected.
components/team/EnhancedRosterManager.tsx(273,14): error TS1005: ',' expected.
components/team/EnhancedRosterManager.tsx(291,13): error TS1128: Declaration or statement expected.
components/team/EnhancedRosterManager.tsx(473,1): error TS1005: '}' expected.
components/team/FuturePicksWidget.tsx(18,1): error TS1005: ',' expected.
components/team/FuturePicksWidget.tsx(18,8): error TS1005: ';' expected.
components/team/FuturePicksWidget.tsx(20,11): error TS1005: ',' expected.
components/team/FuturePicksWidget.tsx(20,14): error TS1005: ',' expected.
components/team/FuturePicksWidget.tsx(20,20): error TS1005: ',' expected.
components/team/FuturePicksWidget.tsx(20,35): error TS1005: ',' expected.
components/team/FuturePicksWidget.tsx(20,38): error TS1109: Expression expected.
components/team/FuturePicksWidget.tsx(42,1): error TS1128: Declaration or statement expected.
components/team/ManageTradeBlockModal.tsx(30,10): error TS1128: Declaration or statement expected.
components/team/ManageTradeBlockModal.tsx(39,10): error TS1128: Declaration or statement expected.
components/team/ManageTradeBlockModal.tsx(45,10): error TS1128: Declaration or statement expected.
components/team/ManageTradeBlockModal.tsx(57,58): error TS1003: Identifier expected.
components/team/ManageTradeBlockModal.tsx(58,39): error TS1005: '}' expected.
components/team/ManageTradeBlockModal.tsx(58,59): error TS1381: Unexpected token. Did you mean `{'}'}` or `&rbrace;`?
components/team/ManageTradeBlockModal.tsx(59,36): error TS1005: '}' expected.
components/team/ManageTradeBlockModal.tsx(59,60): error TS1381: Unexpected token. Did you mean `{'}'}` or `&rbrace;`?
components/team/ManageTradeBlockModal.tsx(60,17): error TS1381: Unexpected token. Did you mean `{'}'}` or `&rbrace;`?
components/team/ManageTradeBlockModal.tsx(60,18): error TS1381: Unexpected token. Did you mean `{'}'}` or `&rbrace;`?
components/team/ManageTradeBlockModal.tsx(61,13): error TS1382: Unexpected token. Did you mean `{'>'}` or `&gt;`?
components/team/ManageTradeBlockModal.tsx(90,15): error TS17002: Expected corresponding JSX closing tag for 'Modal'.
components/team/ManageTradeBlockModal.tsx(91,9): error TS1005: ')' expected.
components/team/ManageTradeBlockModal.tsx(92,5): error TS1109: Expression expected.
components/team/ManageTradeBlockModal.tsx(93,1): error TS1128: Declaration or statement expected.
components/team/MascotWidget.tsx(34,7): error TS1005: 'try' expected.
components/team/MascotWidget.tsx(67,2): error TS1472: 'catch' or 'finally' expected.
components/team/MascotWidget.tsx(68,1): error TS1005: '}' expected.
components/team/ProposeTradeModal.tsx(79,51): error TS1005: ';' expected.
components/team/ProposeTradeModal.tsx(79,62): error TS1472: 'catch' or 'finally' expected.
components/team/ProposeTradeModal.tsx(79,63): error TS1005: ',' expected.
components/team/ProposeTradeModal.tsx(181,63): error TS1005: '}' expected.
components/team/SeasonOutlookWidget.tsx(28,7): error TS1005: 'try' expected.
components/team/SeasonOutlookWidget.tsx(38,6): error TS1128: Declaration or statement expected.
components/team/SeasonOutlookWidget.tsx(38,62): error TS1005: ';' expected.
components/team/TeamChemistryWidget.tsx(28,7): error TS1005: 'try' expected.
components/team/TeamChemistryWidget.tsx(72,1): error TS1005: '}' expected.
components/team/TradeCenterWidget.tsx(20,9): error TS1005: ';' expected.
components/team/TradeCenterWidget.tsx(20,35): error TS1005: ';' expected.
components/team/TradeCenterWidget.tsx(20,118): error TS1128: Declaration or statement expected.
components/team/TradeCenterWidget.tsx(20,119): error TS1109: Expression expected.
components/team/TradeCenterWidget.tsx(20,121): error TS1109: Expression expected.
components/team/TradeCenterWidget.tsx(119,3): error TS1005: '}' expected.
components/team/TradeOfferCard.tsx(68,10): error TS1005: ',' expected.
components/team/TradeOfferCard.tsx(97,14): error TS1005: ',' expected.
components/team/TradeOfferCard.tsx(140,17): error TS2657: JSX expressions must have one parent element.
components/team/TradeOfferCard.tsx(143,21): error TS1003: Identifier expected.
components/team/TradeOfferCard.tsx(143,23): error TS17002: Expected corresponding JSX closing tag for 'div'.
components/team/TradeOfferCard.tsx(146,21): error TS1003: Identifier expected.
components/team/TradeOfferCard.tsx(146,21): error TS1005: ')' expected.
components/team/TradeOfferCard.tsx(146,23): error TS17002: Expected corresponding JSX closing tag for 'div'.
components/team/TradeOfferCard.tsx(147,19): error TS17015: Expected corresponding closing tag for JSX fragment.
components/team/TradeOfferCard.tsx(148,13): error TS1109: Expression expected.
components/team/TradeOfferCard.tsx(148,14): error TS1128: Declaration or statement expected.
components/team/TradeOfferCard.tsx(152,25): error TS1003: Identifier expected.
components/team/TradeOfferCard.tsx(153,23): error TS17002: Expected corresponding JSX closing tag for 'div'.
components/team/TradeOfferCard.tsx(154,17): error TS1005: ')' expected.
components/team/TradeOfferCard.tsx(155,13): error TS1109: Expression expected.
components/team/TradeOfferCard.tsx(156,9): error TS1128: Declaration or statement expected.
components/team/TradeOfferCard.tsx(166,9): error TS1128: Declaration or statement expected.
components/team/TradeOfferCard.tsx(166,11): error TS1109: Expression expected.
components/team/TradeOfferCard.tsx(167,5): error TS1109: Expression expected.
components/team/TradeOfferCard.tsx(168,1): error TS1128: Declaration or statement expected.
components/team/TradeWhispererWidget.tsx(59,33): error TS1003: Identifier expected.
components/team/TradeWhispererWidget.tsx(60,29): error TS1003: Identifier expected.
components/team/TradeWhispererWidget.tsx(83,1): error TS1005: '}' expected.
components/team/TransactionHistory.tsx(105,5): error TS1005: ',' expected.
components/team/TransactionHistory.tsx(402,1): error TS1005: '}' expected.
components/team/VisualRoster.tsx(56,12): error TS1109: Expression expected.
components/team/VisualRoster.tsx(56,56): error TS1005: '=>' expected.
components/team/VisualRoster.tsx(57,5): error TS1005: ',' expected.
components/team/VisualRoster.tsx(58,15): error TS1005: ':' expected.
components/team/VisualRoster.tsx(58,39): error TS1005: ',' expected.
components/team/VisualRoster.tsx(82,11): error TS1128: Declaration or statement expected.
components/team/VisualRoster.tsx(118,14): error TS1005: ',' expected.
components/team/VisualRoster.tsx(163,58): error TS1005: '}' expected.
components/team/WatchlistWidget.tsx(16,9): error TS1005: ';' expected.
components/team/WatchlistWidget.tsx(16,35): error TS1005: ';' expected.
components/team/WatchlistWidget.tsx(16,87): error TS1011: An element access expression should take an argument.
components/team/WatchlistWidget.tsx(16,89): error TS1128: Declaration or statement expected.
components/team/WatchlistWidget.tsx(16,90): error TS1109: Expression expected.
components/team/WatchlistWidget.tsx(16,92): error TS1109: Expression expected.
components/team/WatchlistWidget.tsx(24,3): error TS1005: ',' expected.
components/team/WatchlistWidget.tsx(24,4): error TS1128: Declaration or statement expected.
components/team/WatchlistWidget.tsx(24,10): error TS1005: ';' expected.
components/team/WatchlistWidget.tsx(27,18): error TS1005: ';' expected.
components/team/WatchlistWidget.tsx(79,7): error TS1005: 'try' expected.
components/team/WatchlistWidget.tsx(83,11): error TS1472: 'catch' or 'finally' expected.
components/team/WatchlistWidget.tsx(87,6): error TS1128: Declaration or statement expected.
components/team/WatchlistWidget.tsx(87,80): error TS1005: ';' expected.
components/team/WatchlistWidget.tsx(108,43): error TS1109: Expression expected.
components/team/WatchlistWidget.tsx(108,61): error TS1005: '}' expected.
components/team/WatchlistWidget.tsx(108,100): error TS1381: Unexpected token. Did you mean `{'}'}` or `&rbrace;`?
components/team/WatchlistWidget.tsx(110,29): error TS1382: Unexpected token. Did you mean `{'>'}` or `&gt;`?
components/TestEnvironmentSetup.tsx(30,4): error TS1128: Declaration or statement expected.
components/TestEnvironmentSetup.tsx(30,16): error TS1005: ';' expected.
components/TestEnvironmentSetup.tsx(83,66): error TS1005: '}' expected.
components/trade/AutomatedSuggestionsTab.tsx(102,6): error TS1128: Declaration or statement expected.
components/trade/AutomatedSuggestionsTab.tsx(102,28): error TS1005: ';' expected.
components/trade/AutomatedSuggestionsTab.tsx(133,9): error TS1005: ',' expected.
components/trade/AutomatedSuggestionsTab.tsx(424,1): error TS1005: '}' expected.
components/trade/FairnessAnalysisTab.tsx(66,9): error TS1005: ',' expected.
components/trade/FairnessAnalysisTab.tsx(360,1): error TS1005: '}' expected.
components/trade/ImpactAssessmentTab.tsx(71,9): error TS1005: ',' expected.
components/trade/ImpactAssessmentTab.tsx(94,9): error TS1005: ',' expected.
components/trade/ImpactAssessmentTab.tsx(184,41): error TS2657: JSX expressions must have one parent element.
components/trade/ImpactAssessmentTab.tsx(190,33): error TS1005: '}' expected.
components/trade/ImpactAssessmentTab.tsx(203,41): error TS2657: JSX expressions must have one parent element.
components/trade/ImpactAssessmentTab.tsx(209,33): error TS1005: '}' expected.
components/trade/ImpactAssessmentTab.tsx(396,1): error TS1005: '}' expected.
components/trade/TradeAnalysisDashboard.tsx(45,1): error TS1131: Property or signature expected.
components/trade/TradeAnalysisDashboard.tsx(97,7): error TS1005: 'try' expected.
components/trade/TradeAnalysisDashboard.tsx(100,7): error TS1005: 'try' expected.
components/trade/TradeAnalysisDashboard.tsx(113,5): error TS1005: ',' expected.
components/trade/TradeAnalysisDashboard.tsx(114,4): error TS1472: 'catch' or 'finally' expected.
components/trade/TradeAnalysisDashboard.tsx(124,5): error TS2657: JSX expressions must have one parent element.
components/trade/TradeAnalysisDashboard.tsx(139,9): error TS1003: Identifier expected.
components/trade/TradeAnalysisDashboard.tsx(139,11): error TS17002: Expected corresponding JSX closing tag for 'div'.
components/trade/TradeAnalysisDashboard.tsx(144,9): error TS1003: Identifier expected.
components/trade/TradeAnalysisDashboard.tsx(144,11): error TS17002: Expected corresponding JSX closing tag for 'div'.
components/trade/TradeAnalysisDashboard.tsx(149,9): error TS1003: Identifier expected.
components/trade/TradeAnalysisDashboard.tsx(149,9): error TS1005: ')' expected.
components/trade/TradeAnalysisDashboard.tsx(150,7): error TS1109: Expression expected.
components/trade/TradeAnalysisDashboard.tsx(153,12): error TS1005: ';' expected.
components/trade/TradeAnalysisDashboard.tsx(154,22): error TS1005: ',' expected.
components/trade/TradeAnalysisDashboard.tsx(169,10): error TS1128: Declaration or statement expected.
components/trade/TradeAnalysisDashboard.tsx(185,7): error TS1128: Declaration or statement expected.
components/trade/TradeAnalysisDashboard.tsx(186,5): error TS1109: Expression expected.
components/trade/TradeAnalysisDashboard.tsx(187,3): error TS1109: Expression expected.
components/trade/TradeAnalysisDashboard.tsx(188,1): error TS1128: Declaration or statement expected.
components/trade/TradeAnalysisDashboard.tsx(235,17): error TS1005: '}' expected.
components/trade/TradeAnalysisDashboard.tsx(670,17): error TS1127: Invalid character.
components/trade/TradeAnalysisDashboard.tsx(671,17): error TS17002: Expected corresponding JSX closing tag for 'div'.
components/trade/TradeAnalysisDashboard.tsx(672,13): error TS1005: ')' expected.
components/trade/TradeAnalysisDashboard.tsx(676,10): error TS1381: Unexpected token. Did you mean `{'}'}` or `&rbrace;`?
components/trade/TradeAnalysisDashboard.tsx(678,7): error TS1005: ')' expected.
components/trade/TradeAnalysisDashboard.tsx(679,5): error TS1128: Declaration or statement expected.
components/trade/TradeAnalysisDashboard.tsx(680,3): error TS1109: Expression expected.
components/trade/TradeAnalysisDashboard.tsx(681,1): error TS1128: Declaration or statement expected.
components/trade/TradeAnalysisInterface.tsx(67,13): error TS1136: Property assignment expected.
components/trade/TradeAnalysisInterface.tsx(85,13): error TS1136: Property assignment expected.
components/trade/TradeAnalysisInterface.tsx(103,9): error TS1136: Property assignment expected.
components/trade/TradeAnalysisInterface.tsx(114,9): error TS1137: Expression or comma expected.
components/trade/TradeAnalysisInterface.tsx(149,13): error TS1005: ',' expected.
components/trade/TradeAnalysisInterface.tsx(158,6): error TS1128: Declaration or statement expected.
components/trade/TradeAnalysisInterface.tsx(158,18): error TS1005: ';' expected.
components/trade/TradeAnalysisInterface.tsx(169,9): error TS2657: JSX expressions must have one parent element.
components/trade/TradeAnalysisInterface.tsx(178,68): error TS1003: Identifier expected.
components/trade/TradeAnalysisInterface.tsx(178,69): error TS1381: Unexpected token. Did you mean `{'}'}` or `&rbrace;`?
components/trade/TradeAnalysisInterface.tsx(179,25): error TS1382: Unexpected token. Did you mean `{'>'}` or `&gt;`?
components/trade/TradeAnalysisInterface.tsx(181,27): error TS17002: Expected corresponding JSX closing tag for 'div'.
components/trade/TradeAnalysisInterface.tsx(183,69): error TS1003: Identifier expected.
components/trade/TradeAnalysisInterface.tsx(183,70): error TS1381: Unexpected token. Did you mean `{'}'}` or `&rbrace;`?
components/trade/TradeAnalysisInterface.tsx(185,25): error TS1382: Unexpected token. Did you mean `{'>'}` or `&gt;`?
components/trade/TradeAnalysisInterface.tsx(187,27): error TS17002: Expected corresponding JSX closing tag for 'div'.
components/trade/TradeAnalysisInterface.tsx(189,19): error TS17002: Expected corresponding JSX closing tag for 'Widget'.
components/trade/TradeAnalysisInterface.tsx(387,13): error TS1005: ')' expected.
components/trade/TradeAnalysisInterface.tsx(388,9): error TS1109: Expression expected.
components/trade/TradeAnalysisInterface.tsx(389,5): error TS1109: Expression expected.
components/trade/TradeAnalysisInterface.tsx(390,1): error TS1128: Declaration or statement expected.
components/trade/TradeAnalysisInterfaceClean.tsx(67,13): error TS1136: Property assignment expected.
components/trade/TradeAnalysisInterfaceClean.tsx(85,13): error TS1136: Property assignment expected.
components/trade/TradeAnalysisInterfaceClean.tsx(103,9): error TS1136: Property assignment expected.
components/trade/TradeAnalysisInterfaceClean.tsx(114,9): error TS1137: Expression or comma expected.
components/trade/TradeAnalysisInterfaceClean.tsx(149,13): error TS1005: ',' expected.
components/trade/TradeAnalysisInterfaceClean.tsx(158,6): error TS1128: Declaration or statement expected.
components/trade/TradeAnalysisInterfaceClean.tsx(158,18): error TS1005: ';' expected.
components/trade/TradeAnalysisInterfaceClean.tsx(169,9): error TS2657: JSX expressions must have one parent element.
components/trade/TradeAnalysisInterfaceClean.tsx(178,68): error TS1003: Identifier expected.
components/trade/TradeAnalysisInterfaceClean.tsx(178,69): error TS1381: Unexpected token. Did you mean `{'}'}` or `&rbrace;`?
components/trade/TradeAnalysisInterfaceClean.tsx(179,25): error TS1382: Unexpected token. Did you mean `{'>'}` or `&gt;`?
components/trade/TradeAnalysisInterfaceClean.tsx(181,27): error TS17002: Expected corresponding JSX closing tag for 'div'.
components/trade/TradeAnalysisInterfaceClean.tsx(183,69): error TS1003: Identifier expected.
components/trade/TradeAnalysisInterfaceClean.tsx(183,70): error TS1381: Unexpected token. Did you mean `{'}'}` or `&rbrace;`?
components/trade/TradeAnalysisInterfaceClean.tsx(185,25): error TS1382: Unexpected token. Did you mean `{'>'}` or `&gt;`?
components/trade/TradeAnalysisInterfaceClean.tsx(187,27): error TS17002: Expected corresponding JSX closing tag for 'div'.
components/trade/TradeAnalysisInterfaceClean.tsx(189,19): error TS17002: Expected corresponding JSX closing tag for 'Widget'.
components/trade/TradeAnalysisInterfaceClean.tsx(387,13): error TS1005: ')' expected.
components/trade/TradeAnalysisInterfaceClean.tsx(388,9): error TS1109: Expression expected.
components/trade/TradeAnalysisInterfaceClean.tsx(389,5): error TS1109: Expression expected.
components/trade/TradeAnalysisInterfaceClean.tsx(390,1): error TS1128: Declaration or statement expected.
components/trade/TradeAnalyzerView.tsx(30,1): error TS1131: Property or signature expected.
components/trade/TradeAnalyzerView.tsx(43,1): error TS1131: Property or signature expected.
components/trade/TradeAnalyzerView.tsx(92,1): error TS1131: Property or signature expected.
components/trade/TradeAnalyzerView.tsx(101,1): error TS1131: Property or signature expected.
components/trade/TradeAnalyzerView.tsx(110,1): error TS1131: Property or signature expected.
components/trade/TradeAnalyzerView.tsx(118,1): error TS1131: Property or signature expected.
components/trade/TradeAnalyzerView.tsx(166,5): error TS1005: ',' expected.
components/trade/TradeAnalyzerView.tsx(189,6): error TS1128: Declaration or statement expected.
components/trade/TradeAnalyzerView.tsx(189,47): error TS1005: ';' expected.
components/trade/TradeAnalyzerView.tsx(223,10): error TS17008: JSX element 'div' has no corresponding closing tag.
components/trade/TradeAnalyzerView.tsx(269,14): error TS17008: JSX element 'div' has no corresponding closing tag.
components/trade/TradeAnalyzerView.tsx(270,18): error TS17008: JSX element 'div' has no corresponding closing tag.
components/trade/TradeAnalyzerView.tsx(274,74): error TS1003: Identifier expected.
components/trade/TradeAnalyzerView.tsx(444,1): error TS1005: '</' expected.
components/trade/TradeAnalyzerView.tsx(444,1): error TS1160: Unterminated template literal.
components/trade/TradeBuilderTab.tsx(107,5): error TS1005: ',' expected.
components/trade/TradeBuilderTab.tsx(139,6): error TS1128: Declaration or statement expected.
components/trade/TradeBuilderTab.tsx(139,111): error TS1005: ';' expected.
components/trade/TradeBuilderTab.tsx(438,37): error TS1005: '}' expected.
components/trade/TradeBuilderTab.tsx(555,1): error TS1005: '}' expected.
components/trends/PlayerPerformanceChart.tsx(26,6): error TS1128: Declaration or statement expected.
components/trends/PlayerPerformanceChart.tsx(26,24): error TS1005: ';' expected.
components/trends/PlayerPerformanceChart.tsx(77,1): error TS1005: '}' expected.
components/trends/SeasonalTrendsChart.tsx(452,1): error TS1005: '}' expected.
components/trends/WeeklyScoreChart.tsx(27,6): error TS1128: Declaration or statement expected.
components/trends/WeeklyScoreChart.tsx(27,22): error TS1005: ';' expected.
components/trends/WeeklyScoreChart.tsx(150,1): error TS1005: '}' expected.
components/ui/accessible/AccessibleButton.tsx(24,1): error TS1131: Property or signature expected.
components/ui/accessible/AccessibleInput.tsx(21,1): error TS1131: Property or signature expected.
components/ui/accessible/AccessibleTable.tsx(18,1): error TS1131: Property or signature expected.
components/ui/accessible/AccessibleTable.tsx(36,1): error TS1131: Property or signature expected.
components/ui/accessible/AccessibleTable.tsx(305,32): error TS1005: '}' expected.
components/ui/AccessibleButton.tsx(231,1): error TS1005: '}' expected.
components/ui/AccessibleModal.tsx(31,9): error TS1005: ':' expected.
components/ui/AccessibleModal.tsx(31,58): error TS1005: ',' expected.
components/ui/AccessibleModal.tsx(76,62): error TS1005: ';' expected.
components/ui/AccessibleModal.tsx(83,4): error TS1128: Declaration or statement expected.
components/ui/AccessibleModal.tsx(83,31): error TS1005: ';' expected.
components/ui/AccessibleModal.tsx(92,4): error TS1128: Declaration or statement expected.
components/ui/AccessibleModal.tsx(92,42): error TS1005: ';' expected.
components/ui/AccessibleModal.tsx(104,4): error TS1128: Declaration or statement expected.
components/ui/AccessibleModal.tsx(104,14): error TS1005: ';' expected.
components/ui/Accordion.tsx(81,3): error TS1005: '}' expected.
components/ui/Chart.tsx(9,14): error TS1005: ';' expected.
components/ui/Chart.tsx(50,3): error TS1005: '}' expected.
components/ui/Checkbox.tsx(6,14): error TS1005: ';' expected.
components/ui/Checkbox.tsx(38,3): error TS1005: '}' expected.
components/ui/enhanced/AccessibilitySystem.tsx(54,1): error TS1131: Property or signature expected.
components/ui/enhanced/AccessibilitySystem.tsx(54,75): error TS1128: Declaration or statement expected.
components/ui/enhanced/AccessibilitySystem.tsx(135,30): error TS1109: Expression expected.
components/ui/enhanced/AccessibilitySystem.tsx(136,3): error TS1005: ',' expected.
components/ui/enhanced/AccessibilitySystem.tsx(137,15): error TS1005: ',' expected.
components/ui/enhanced/AccessibilitySystem.tsx(138,6): error TS1005: ')' expected.
components/ui/enhanced/AccessibilitySystem.tsx(147,8): error TS1005: ',' expected.
components/ui/enhanced/AccessibilitySystem.tsx(169,8): error TS1005: ',' expected.
components/ui/enhanced/AccessibilitySystem.tsx(187,4): error TS1128: Declaration or statement expected.
components/ui/enhanced/AccessibilitySystem.tsx(187,18): error TS1005: ';' expected.
components/ui/enhanced/AccessibilitySystem.tsx(219,4): error TS1128: Declaration or statement expected.
components/ui/enhanced/AccessibilitySystem.tsx(219,13): error TS1005: ';' expected.
components/ui/enhanced/AccessibilitySystem.tsx(279,4): error TS1005: ',' expected.
components/ui/enhanced/AccessibilitySystem.tsx(281,9): error TS1005: ':' expected.
components/ui/enhanced/AccessibilitySystem.tsx(281,21): error TS1005: ',' expected.
components/ui/enhanced/AccessibilitySystem.tsx(284,4): error TS1005: ',' expected.
components/ui/enhanced/AccessibilitySystem.tsx(287,5): error TS1003: Identifier expected.
components/ui/enhanced/AccessibilitySystem.tsx(287,26): error TS1005: ',' expected.
components/ui/enhanced/AccessibilitySystem.tsx(287,36): error TS1005: ',' expected.
components/ui/enhanced/AccessibilitySystem.tsx(289,19): error TS1005: ',' expected.
components/ui/enhanced/AccessibilitySystem.tsx(289,39): error TS1005: ',' expected.
components/ui/enhanced/AccessibilitySystem.tsx(289,56): error TS1109: Expression expected.
components/ui/enhanced/AccessibilitySystem.tsx(290,5): error TS1109: Expression expected.
components/ui/enhanced/AccessibilitySystem.tsx(291,3): error TS1109: Expression expected.
components/ui/enhanced/AccessibilitySystem.tsx(292,1): error TS1128: Declaration or statement expected.
components/ui/enhanced/AccessibilitySystem.tsx(318,7): error TS1005: '}' expected.
components/ui/enhanced/AccessibilitySystem.tsx(333,7): error TS1005: '}' expected.
components/ui/enhanced/AccessibilitySystem.tsx(641,28): error TS1005: ';' expected.
components/ui/enhanced/AccessibilitySystem.tsx(819,3): error TS1005: '}' expected.
components/ui/enhanced/DashboardSystem.tsx(66,1): error TS1131: Property or signature expected.
components/ui/enhanced/DashboardSystem.tsx(143,2): error TS1005: ',' expected.
components/ui/enhanced/DashboardSystem.tsx(149,11): error TS1005: ',' expected.
components/ui/enhanced/DashboardSystem.tsx(149,31): error TS1005: ',' expected.
components/ui/enhanced/DashboardSystem.tsx(150,17): error TS1005: ',' expected.
components/ui/enhanced/DashboardSystem.tsx(153,10): error TS1109: Expression expected.
components/ui/enhanced/DashboardSystem.tsx(153,36): error TS1109: Expression expected.
components/ui/enhanced/DashboardSystem.tsx(154,12): error TS1109: Expression expected.
components/ui/enhanced/DashboardSystem.tsx(154,40): error TS1109: Expression expected.
components/ui/enhanced/DashboardSystem.tsx(155,12): error TS1109: Expression expected.
components/ui/enhanced/DashboardSystem.tsx(155,58): error TS1109: Expression expected.
components/ui/enhanced/DashboardSystem.tsx(454,4): error TS1128: Declaration or statement expected.
components/ui/enhanced/DashboardSystem.tsx(454,31): error TS1005: ';' expected.
components/ui/enhanced/DashboardSystem.tsx(659,9): error TS1005: ',' expected.
components/ui/enhanced/DashboardSystem.tsx(662,4): error TS1005: ',' expected.
components/ui/enhanced/DashboardSystem.tsx(665,8): error TS1005: ',' expected.
components/ui/enhanced/DashboardSystem.tsx(676,16): error TS1005: ';' expected.
components/ui/enhanced/DashboardSystem.tsx(677,16): error TS1005: ';' expected.
components/ui/enhanced/DashboardSystem.tsx(678,16): error TS1005: ';' expected.
components/ui/enhanced/DashboardSystem.tsx(679,17): error TS1005: ';' expected.
components/ui/enhanced/DashboardSystem.tsx(680,8): error TS1472: 'catch' or 'finally' expected.
components/ui/enhanced/DashboardSystem.tsx(682,6): error TS1128: Declaration or statement expected.
components/ui/enhanced/DashboardSystem.tsx(689,6): error TS1128: Declaration or statement expected.
components/ui/enhanced/DashboardSystem.tsx(697,6): error TS1128: Declaration or statement expected.
components/ui/enhanced/DashboardSystem.tsx(704,6): error TS1128: Declaration or statement expected.
components/ui/enhanced/DashboardSystem.tsx(724,17): error TS1005: ';' expected.
components/ui/enhanced/DashboardSystem.tsx(739,17): error TS1005: ';' expected.
components/ui/enhanced/DashboardSystem.tsx(752,19): error TS1005: ';' expected.
components/ui/enhanced/DashboardSystem.tsx(756,17): error TS1005: ';' expected.
components/ui/enhanced/DashboardSystem.tsx(760,17): error TS1005: ';' expected.
components/ui/enhanced/DashboardSystem.tsx(768,7): error TS1005: 'try' expected.
components/ui/enhanced/DashboardSystem.tsx(771,6): error TS1128: Declaration or statement expected.
components/ui/enhanced/DashboardSystem.tsx(804,3): error TS1005: '}' expected.
components/ui/enhanced/EnhancedButton.tsx(52,1): error TS1131: Property or signature expected.
components/ui/enhanced/EnhancedButton.tsx(369,1): error TS1128: Declaration or statement expected.
components/ui/enhanced/EnhancedButton.tsx(426,10): error TS1128: Declaration or statement expected.
components/ui/enhanced/EnhancedButton.tsx(446,14): error TS1005: ';' expected.
components/ui/enhanced/EnhancedButton.tsx(483,7): error TS1005: ';' expected.
components/ui/enhanced/EnhancedButton.tsx(489,1): error TS1131: Property or signature expected.
components/ui/enhanced/EnhancedButton.tsx(498,3): error TS1005: '}' expected.
components/ui/enhanced/EnhancedCard.tsx(55,1): error TS1131: Property or signature expected.
components/ui/enhanced/EnhancedCard.tsx(352,1): error TS1128: Declaration or statement expected.
components/ui/enhanced/EnhancedCard.tsx(454,14): error TS1005: ';' expected.
components/ui/enhanced/EnhancedCard.tsx(502,1): error TS1131: Property or signature expected.
components/ui/enhanced/EnhancedCard.tsx(514,14): error TS1005: ';' expected.
components/ui/enhanced/EnhancedCard.tsx(584,1): error TS1131: Property or signature expected.
components/ui/enhanced/EnhancedCard.tsx(653,3): error TS1005: '}' expected.
components/ui/enhanced/index.ts(300,2): error TS1005: ',' expected.
components/ui/enhanced/index.ts(303,14): error TS1005: ':' expected.
components/ui/enhanced/index.ts(320,2): error TS1005: ',' expected.
components/ui/enhanced/index.ts(323,14): error TS1005: ':' expected.
components/ui/enhanced/index.ts(347,2): error TS1005: ',' expected.
components/ui/enhanced/index.ts(350,14): error TS1005: ':' expected.
components/ui/enhanced/index.ts(366,2): error TS1005: ',' expected.
components/ui/enhanced/index.ts(369,14): error TS1005: ':' expected.
components/ui/enhanced/index.ts(380,2): error TS1005: ',' expected.
components/ui/enhanced/index.ts(383,14): error TS1005: ':' expected.
components/ui/enhanced/index.ts(393,2): error TS1005: ',' expected.
components/ui/enhanced/index.ts(398,14): error TS1005: ':' expected.
components/ui/enhanced/index.ts(398,43): error TS1005: ',' expected.
components/ui/enhanced/index.ts(399,14): error TS1005: ':' expected.
components/ui/enhanced/index.ts(399,57): error TS1005: ',' expected.
components/ui/enhanced/index.ts(401,14): error TS1005: ':' expected.
components/ui/enhanced/index.ts(416,2): error TS1005: ',' expected.
components/ui/enhanced/index.ts(421,8): error TS1005: ':' expected.
components/ui/enhanced/index.ts(421,16): error TS1005: ':' expected.
components/ui/enhanced/index.ts(430,2): error TS1005: ',' expected.
components/ui/enhanced/index.ts(430,3): error TS1005: '}' expected.
components/ui/enhanced/MobileTouchSystem.tsx(564,4): error TS1128: Declaration or statement expected.
components/ui/enhanced/MobileTouchSystem.tsx(564,8): error TS1005: ';' expected.
components/ui/enhanced/ResponsiveLayout.tsx(15,9): error TS1005: ':' expected.
components/ui/enhanced/ResponsiveLayout.tsx(15,58): error TS1005: ',' expected.
components/ui/enhanced/ResponsiveLayout.tsx(92,8): error TS1005: ',' expected.
components/ui/enhanced/ResponsiveLayout.tsx(164,14): error TS1005: ';' expected.
components/ui/enhanced/ResponsiveLayout.tsx(180,4): error TS1128: Declaration or statement expected.
components/ui/enhanced/ResponsiveLayout.tsx(192,6): error TS1128: Declaration or statement expected.
components/ui/enhanced/ResponsiveLayout.tsx(300,1): error TS1131: Property or signature expected.
components/ui/enhanced/ResponsiveLayout.tsx(437,6): error TS1128: Declaration or statement expected.
components/ui/enhanced/ResponsiveLayout.tsx(585,3): error TS1005: '}' expected.
components/ui/EnhancedErrorBoundary.tsx(12,1): error TS1131: Property or signature expected.
components/ui/EnhancedErrorBoundary.tsx(17,3): error TS1128: Declaration or statement expected.
components/ui/EnhancedErrorBoundary.tsx(20,26): error TS1005: ',' expected.
components/ui/EnhancedErrorBoundary.tsx(20,44): error TS1005: ',' expected.
components/ui/EnhancedErrorBoundary.tsx(20,63): error TS1005: ';' expected.
components/ui/EnhancedErrorBoundary.tsx(26,12): error TS1005: ';' expected.
components/ui/EnhancedErrorBoundary.tsx(56,1): error TS1005: '}' expected.
components/ui/GroundingCitations.tsx(45,1): error TS1005: '}' expected.
components/ui/Input.tsx(8,14): error TS1005: ';' expected.
components/ui/Input.tsx(64,3): error TS1005: '}' expected.
components/ui/InstallPrompt.tsx(44,7): error TS1005: 'try' expected.
components/ui/InstallPrompt.tsx(158,4): error TS1128: Declaration or statement expected.
components/ui/InstallPrompt.tsx(158,17): error TS1005: ';' expected.
components/ui/InstallPrompt.tsx(200,1): error TS1005: '}' expected.
components/ui/Loading.tsx(36,3): error TS1005: '}' expected.
components/ui/MobilePatterns.tsx(302,13): error TS1109: Expression expected.
components/ui/MobilePatterns.tsx(337,14): error TS1005: ';' expected.
components/ui/MobilePatterns.tsx(351,4): error TS1128: Declaration or statement expected.
components/ui/MobilePatterns.tsx(351,36): error TS1005: ';' expected.
components/ui/MobilePatterns.tsx(354,6): error TS17008: JSX element 'div' has no corresponding closing tag.
components/ui/MobilePatterns.tsx(367,11): error TS1003: Identifier expected.
components/ui/MobilePatterns.tsx(434,6): error TS1005: ',' expected.
components/ui/MobilePatterns.tsx(434,13): error TS1005: ',' expected.
components/ui/MobilePatterns.tsx(434,22): error TS1005: ',' expected.
components/ui/MobilePatterns.tsx(434,30): error TS1005: ',' expected.
components/ui/MobilePatterns.tsx(434,44): error TS1005: ',' expected.
components/ui/MobilePatterns.tsx(434,47): error TS1005: '(' expected.
components/ui/MobilePatterns.tsx(434,48): error TS1005: ',' expected.
components/ui/MobilePatterns.tsx(442,19): error TS1005: ',' expected.
components/ui/MobilePatterns.tsx(442,28): error TS1005: ',' expected.
components/ui/MobilePatterns.tsx(442,44): error TS1005: ',' expected.
components/ui/MobilePatterns.tsx(442,45): error TS1005: ',' expected.
components/ui/MobilePatterns.tsx(446,21): error TS1005: ',' expected.
components/ui/MobilePatterns.tsx(446,33): error TS1005: ',' expected.
components/ui/MobilePatterns.tsx(446,38): error TS1005: ',' expected.
components/ui/MobilePatterns.tsx(446,67): error TS1005: ',' expected.
components/ui/MobilePatterns.tsx(468,1): error TS1005: '</' expected.
components/ui/MobilePatterns.tsx(468,1): error TS1160: Unterminated template literal.
components/ui/MobilePatternsSimple.tsx(58,4): error TS1128: Declaration or statement expected.
components/ui/MobilePatternsSimple.tsx(58,23): error TS1005: ';' expected.
components/ui/MobilePatternsSimple.tsx(84,7): error TS1128: Declaration or statement expected.
components/ui/MobilePatternsSimple.tsx(112,9): error TS1005: '>' expected.
components/ui/MobilePatternsSimple.tsx(112,21): error TS1382: Unexpected token. Did you mean `{'>'}` or `&gt;`?
components/ui/MobilePatternsSimple.tsx(231,14): error TS1005: ';' expected.
components/ui/MobilePatternsSimple.tsx(245,6): error TS17008: JSX element 'div' has no corresponding closing tag.
components/ui/MobilePatternsSimple.tsx(279,1): error TS1005: '</' expected.
components/ui/MobilePatternsSimple.tsx(279,1): error TS1160: Unterminated template literal.
components/ui/Navigation.tsx(77,14): error TS1005: ';' expected.
components/ui/Navigation.tsx(107,1): error TS1131: Property or signature expected.
components/ui/Navigation.tsx(217,1): error TS1005: '}' expected.
components/ui/NewsTicker.tsx(25,3): error TS1005: ',' expected.
components/ui/NewsTicker.tsx(25,4): error TS1128: Declaration or statement expected.
components/ui/NewsTicker.tsx(25,10): error TS1005: ';' expected.
components/ui/NewsTicker.tsx(28,18): error TS1005: ',' expected.
components/ui/NewsTicker.tsx(28,26): error TS1005: ',' expected.
components/ui/Notification.tsx(52,58): error TS1005: '}' expected.
components/ui/NotificationManager.tsx(25,6): error TS1128: Declaration or statement expected.
components/ui/NotificationManager.tsx(25,62): error TS1005: ';' expected.
components/ui/PremiumCard.tsx(12,14): error TS1005: ';' expected.
components/ui/PremiumCard.tsx(123,14): error TS1005: ';' expected.
components/ui/PremiumCard.tsx(132,14): error TS1005: ';' expected.
components/ui/PremiumCard.tsx(141,14): error TS1005: ';' expected.
components/ui/PremiumCard.tsx(150,14): error TS1005: ';' expected.
components/ui/PremiumCard.tsx(159,14): error TS1005: ';' expected.
components/ui/PremiumCard.tsx(169,14): error TS1005: ';' expected.
components/ui/PremiumCard.tsx(213,3): error TS1005: '}' expected.
components/ui/PremiumNavigation.tsx(42,8): error TS1005: ',' expected.
components/ui/PremiumNavigation.tsx(97,3): error TS1005: ',' expected.
components/ui/PremiumNavigation.tsx(240,9): error TS1005: '}' expected.
components/ui/PremiumNavigation.tsx(242,11): error TS1005: '...' expected.
components/ui/PremiumNavigation.tsx(255,13): error TS1005: '}' expected.
components/ui/PremiumNavigation.tsx(255,22): error TS1003: Identifier expected.
components/ui/PremiumNavigation.tsx(287,9): error TS1005: '}' expected.
components/ui/PremiumNavigation.tsx(301,28): error TS1005: '}' expected.
components/ui/PremiumNavigation.tsx(301,87): error TS1381: Unexpected token. Did you mean `{'}'}` or `&rbrace;`?
components/ui/PremiumNavigation.tsx(301,88): error TS1382: Unexpected token. Did you mean `{'>'}` or `&gt;`?
components/ui/PremiumNavigation.tsx(303,15): error TS17015: Expected corresponding closing tag for JSX fragment.
components/ui/PremiumNavigation.tsx(305,11): error TS1128: Declaration or statement expected.
components/ui/PremiumNavigation.tsx(306,9): error TS1109: Expression expected.
components/ui/PremiumNavigation.tsx(307,14): error TS1005: ',' expected.
components/ui/PremiumNavigation.tsx(346,26): error TS1005: '}' expected.
components/ui/PremiumNavigation.tsx(346,71): error TS1005: '...' expected.
components/ui/PremiumNavigation.tsx(346,104): error TS1003: Identifier expected.
components/ui/PremiumNavigation.tsx(380,3): error TS1160: Unterminated template literal.
components/ui/PullToRefresh.tsx(56,41): error TS1005: ',' expected.
components/ui/ResponsiveGrid.tsx(13,14): error TS1005: ';' expected.
components/ui/ResponsiveGrid.tsx(40,3): error TS1005: '}' expected.
components/ui/Select.tsx(8,14): error TS1005: ';' expected.
components/ui/Select.tsx(45,3): error TS1005: '}' expected.
components/ui/ShadcnTabs.tsx(9,1): error TS1131: Property or signature expected.
components/ui/ShadcnTabs.tsx(59,46): error TS1005: '...' expected.
components/ui/ShadcnTabs.tsx(59,56): error TS1003: Identifier expected.
components/ui/ShadcnTabs.tsx(77,22): error TS1005: ';' expected.
components/ui/ShadcnTabs.tsx(77,27): error TS1005: ';' expected.
components/ui/ShadcnTabs.tsx(77,50): error TS1005: ';' expected.
components/ui/ShadcnTabs.tsx(77,63): error TS1005: ';' expected.
components/ui/ShadcnTabs.tsx(77,77): error TS1005: ';' expected.
components/ui/ShadcnTabs.tsx(77,90): error TS1005: ';' expected.
components/ui/ShadcnTabs.tsx(77,98): error TS1005: ';' expected.
components/ui/ShadcnTabs.tsx(77,111): error TS1005: ';' expected.
components/ui/ShadcnTabs.tsx(77,122): error TS1005: ';' expected.
components/ui/ShadcnTabs.tsx(77,135): error TS1005: ';' expected.
components/ui/ShadcnTabs.tsx(77,150): error TS1005: ';' expected.
components/ui/ShadcnTabs.tsx(82,1): error TS1160: Unterminated template literal.
components/ui/SmartErrorBoundary.tsx(139,1): error TS1434: Unexpected keyword or identifier.
components/ui/SmartErrorBoundary.tsx(139,8): error TS1434: Unexpected keyword or identifier.
components/ui/SmartErrorBoundary.tsx(139,16): error TS1434: Unexpected keyword or identifier.
components/ui/SmartErrorBoundary.tsx(139,21): error TS1068: Unexpected token. A constructor, method, accessor, or property was expected.
components/ui/SmartErrorBoundary.tsx(139,64): error TS1005: '}' expected.
components/ui/Table.tsx(9,1): error TS1131: Property or signature expected.
components/ui/Table.tsx(16,1): error TS1131: Property or signature expected.
components/ui/Table.tsx(52,1): error TS1005: '}' expected.
components/ui/TeamSwitcher.tsx(35,4): error TS1128: Declaration or statement expected.
components/ui/TeamSwitcher.tsx(35,18): error TS1005: ';' expected.
components/ui/TeamSwitcher.tsx(95,1): error TS1005: '}' expected.
components/ui/Textarea.tsx(7,14): error TS1005: ';' expected.
components/ui/Textarea.tsx(47,3): error TS1005: '}' expected.
components/ui/Toast.tsx(71,3): error TS1005: '}' expected.
components/ui/ToggleSwitch.tsx(24,23): error TS1109: Expression expected.
components/ui/ToggleSwitch.tsx(24,38): error TS1005: ':' expected.
components/ui/VirtualComponents.tsx(19,1): error TS1131: Property or signature expected.
components/ui/VirtualComponents.tsx(50,6): error TS1128: Declaration or statement expected.
components/ui/VirtualComponents.tsx(50,38): error TS1005: ';' expected.
components/ui/VirtualComponents.tsx(64,6): error TS1128: Declaration or statement expected.
components/ui/VirtualComponents.tsx(64,29): error TS1005: ';' expected.
components/ui/VirtualComponents.tsx(107,1): error TS1131: Property or signature expected.
components/ui/VirtualComponents.tsx(146,6): error TS1128: Declaration or statement expected.
components/ui/VirtualComponents.tsx(164,6): error TS1128: Declaration or statement expected.
components/ui/VirtualComponents.tsx(164,71): error TS1005: ';' expected.
components/ui/VirtualComponents.tsx(207,2): error TS1128: Declaration or statement expected.
components/ui/VirtualizedList.tsx(10,1): error TS1131: Property or signature expected.
components/ui/VirtualizedList.tsx(52,1): error TS1005: '}' expected.
contexts/AuthContext.new.tsx(121,9): error TS1128: Declaration or statement expected.
contexts/AuthContext.new.tsx(184,23): error TS1005: 'try' expected.
contexts/AuthContext.new.tsx(190,19): error TS1128: Declaration or statement expected.
contexts/AuthContext.new.tsx(193,15): error TS1005: 'try' expected.
contexts/AuthContext.new.tsx(199,6): error TS1472: 'catch' or 'finally' expected.
contexts/AuthContext.new.tsx(199,10): error TS1005: ';' expected.
contexts/AuthContext.new.tsx(222,11): error TS1005: 'try' expected.
contexts/AuthContext.new.tsx(256,11): error TS1005: 'try' expected.
contexts/AuthContext.new.tsx(300,11): error TS1005: 'try' expected.
contexts/AuthContext.new.tsx(328,11): error TS1005: 'try' expected.
contexts/AuthContext.new.tsx(360,2): error TS1472: 'catch' or 'finally' expected.
contexts/AuthContext.new.tsx(401,1): error TS1005: '}' expected.
contexts/AuthContext.tsx(121,9): error TS1128: Declaration or statement expected.
contexts/AuthContext.tsx(182,23): error TS1005: 'try' expected.
contexts/AuthContext.tsx(188,19): error TS1128: Declaration or statement expected.
contexts/AuthContext.tsx(191,15): error TS1005: 'try' expected.
contexts/AuthContext.tsx(197,6): error TS1472: 'catch' or 'finally' expected.
contexts/AuthContext.tsx(197,10): error TS1005: ';' expected.
contexts/AuthContext.tsx(220,11): error TS1005: 'try' expected.
contexts/AuthContext.tsx(254,11): error TS1005: 'try' expected.
contexts/AuthContext.tsx(299,11): error TS1005: 'try' expected.
contexts/AuthContext.tsx(327,11): error TS1005: 'try' expected.
contexts/AuthContext.tsx(359,2): error TS1472: 'catch' or 'finally' expected.
contexts/AuthContext.tsx(400,1): error TS1005: '}' expected.
contexts/NotificationContext.tsx(87,6): error TS1128: Declaration or statement expected.
contexts/NotificationContext.tsx(87,31): error TS1005: ';' expected.
contexts/NotificationContext.tsx(136,6): error TS1128: Declaration or statement expected.
contexts/NotificationContext.tsx(136,14): error TS1005: ';' expected.
contexts/NotificationContext.tsx(150,6): error TS1128: Declaration or statement expected.
contexts/NotificationContext.tsx(150,14): error TS1005: ';' expected.
contexts/NotificationContext.tsx(161,6): error TS1128: Declaration or statement expected.
contexts/NotificationContext.tsx(161,14): error TS1005: ';' expected.
contexts/NotificationContext.tsx(172,6): error TS1128: Declaration or statement expected.
contexts/NotificationContext.tsx(172,14): error TS1005: ';' expected.
contexts/NotificationContext.tsx(183,6): error TS1128: Declaration or statement expected.
contexts/NotificationContext.tsx(183,14): error TS1005: ';' expected.
contexts/NotificationContext.tsx(194,6): error TS1128: Declaration or statement expected.
contexts/NotificationContext.tsx(194,14): error TS1005: ';' expected.
contexts/NotificationContext.tsx(206,6): error TS1128: Declaration or statement expected.
contexts/NotificationContext.tsx(206,31): error TS1005: ';' expected.
contexts/NotificationContext.tsx(228,6): error TS1128: Declaration or statement expected.
contexts/NotificationContext.tsx(228,14): error TS1005: ';' expected.
contexts/NotificationContext.tsx(240,6): error TS1128: Declaration or statement expected.
contexts/NotificationContext.tsx(240,14): error TS1005: ';' expected.
contexts/NotificationContext.tsx(292,1): error TS1005: '}' expected.
contexts/OptimizedContexts.tsx(15,1): error TS1131: Property or signature expected.
contexts/OptimizedContexts.tsx(20,85): error TS1128: Declaration or statement expected.
contexts/OptimizedContexts.tsx(97,1): error TS1131: Property or signature expected.
contexts/OptimizedContexts.tsx(102,91): error TS1128: Declaration or statement expected.
contexts/OptimizedContexts.tsx(170,1): error TS1131: Property or signature expected.
contexts/OptimizedContexts.tsx(181,79): error TS1128: Declaration or statement expected.
contexts/OptimizedContexts.tsx(282,1): error TS1131: Property or signature expected.
contexts/OptimizedContexts.tsx(290,103): error TS1128: Declaration or statement expected.
contexts/OptimizedContexts.tsx(400,1): error TS1005: '}' expected.
contexts/PaymentContext.tsx(23,1): error TS1131: Property or signature expected.
contexts/PaymentContext.tsx(31,1): error TS1131: Property or signature expected.
contexts/PaymentContext.tsx(130,8): error TS1005: ',' expected.
contexts/PaymentContext.tsx(144,7): error TS1005: 'try' expected.
contexts/PaymentContext.tsx(151,4): error TS1472: 'catch' or 'finally' expected.
contexts/PaymentContext.tsx(151,8): error TS1005: ';' expected.
contexts/PaymentContext.tsx(178,10): error TS1128: Declaration or statement expected.
contexts/PaymentContext.tsx(180,8): error TS1472: 'catch' or 'finally' expected.
contexts/PaymentContext.tsx(199,8): error TS1005: ';' expected.
contexts/PaymentContext.tsx(211,8): error TS1128: Declaration or statement expected.
contexts/PaymentContext.tsx(224,8): error TS1128: Declaration or statement expected.
contexts/PaymentContext.tsx(234,7): error TS1005: 'try' expected.
contexts/PaymentContext.tsx(330,1): error TS1005: '}' expected.
contexts/SimpleAuthContext.tsx(44,7): error TS1005: 'try' expected.
contexts/SimpleAuthContext.tsx(52,6): error TS1472: 'catch' or 'finally' expected.
contexts/SimpleAuthContext.tsx(52,10): error TS1005: ';' expected.
contexts/SimpleAuthContext.tsx(75,7): error TS1005: 'try' expected.
contexts/SimpleAuthContext.tsx(79,6): error TS1128: Declaration or statement expected.
contexts/SimpleAuthContext.tsx(79,14): error TS1005: ';' expected.
contexts/SimpleAuthContext.tsx(91,7): error TS1005: 'try' expected.
contexts/SimpleAuthContext.tsx(95,6): error TS1128: Declaration or statement expected.
contexts/SimpleAuthContext.tsx(95,14): error TS1005: ';' expected.
contexts/SimpleAuthContext.tsx(110,7): error TS1005: 'try' expected.
contexts/SimpleAuthContext.tsx(114,6): error TS1128: Declaration or statement expected.
contexts/SimpleAuthContext.tsx(114,14): error TS1005: ';' expected.
contexts/SimpleAuthContext.tsx(126,7): error TS1005: 'try' expected.
contexts/SimpleAuthContext.tsx(130,6): error TS1128: Declaration or statement expected.
contexts/SimpleAuthContext.tsx(130,14): error TS1005: ';' expected.
contexts/SimpleAuthContext.tsx(166,1): error TS1005: '}' expected.
data/nflDatabase.ts(67,1): error TS1131: Property or signature expected.
data/nflDatabase.ts(146,1): error TS1131: Property or signature expected.
data/nflDatabase.ts(1549,1): error TS1434: Unexpected keyword or identifier.
data/nflDatabase.ts(1549,8): error TS1434: Unexpected keyword or identifier.
data/nflDatabase.ts(1549,28): error TS1005: '}' expected.
hooks/useAdvancedTouch.ts(14,1): error TS1131: Property or signature expected.
hooks/useAutoSave.ts(13,1): error TS1131: Property or signature expected.
hooks/useAutoSave.ts(42,7): error TS1005: 'try' expected.
hooks/useAutoSave.ts(100,28): error TS1005: '}' expected.
hooks/useDataPersistence.ts(14,1): error TS1131: Property or signature expected.
hooks/useDataPersistence.ts(21,1): error TS1131: Property or signature expected.
hooks/useDataPersistence.ts(27,1): error TS1131: Property or signature expected.
hooks/useDataPersistence.ts(35,1): error TS1131: Property or signature expected.
hooks/useDataPersistence.ts(62,7): error TS1005: 'try' expected.
hooks/useDataPersistence.ts(70,1): error TS1131: Property or signature expected.
hooks/useDataPersistence.ts(76,1): error TS1131: Property or signature expected.
hooks/useDataPersistence.ts(82,1): error TS1131: Property or signature expected.
hooks/useDataPersistence.ts(191,7): error TS1005: 'try' expected.
hooks/useDataPersistence.ts(203,7): error TS1005: 'try' expected.
hooks/useDataPersistence.ts(447,1): error TS1005: '}' expected.
hooks/useDraftRoom.ts(60,1): error TS1131: Property or signature expected.
hooks/useDraftRoom.ts(81,7): error TS1005: 'try' expected.
hooks/useDraftRoom.ts(113,7): error TS1005: 'try' expected.
hooks/useDraftRoom.ts(131,7): error TS1005: 'try' expected.
hooks/useDraftRoom.ts(149,7): error TS1005: 'try' expected.
hooks/useDraftRoom.ts(330,1): error TS1005: '}' expected.
hooks/useEnhancedAiDraftCoach.ts(43,1): error TS1131: Property or signature expected.
hooks/useEnhancedAiDraftCoach.ts(51,1): error TS1131: Property or signature expected.
hooks/useEnhancedAiDraftCoach.ts(58,1): error TS1131: Property or signature expected.
hooks/useEnhancedAiDraftCoach.ts(64,1): error TS1131: Property or signature expected.
hooks/useEnhancedAiDraftCoach.ts(95,1): error TS1131: Property or signature expected.
hooks/useEnhancedAnalytics.ts(15,1): error TS1131: Property or signature expected.
hooks/useEnhancedAnalytics.ts(73,7): error TS1005: 'try' expected.
hooks/useEnhancedAnalytics.ts(95,7): error TS1005: 'try' expected.
hooks/useEnhancedAnalytics.ts(127,3): error TS1005: ',' expected.
hooks/useEnhancedAnalytics.ts(130,68): error TS1005: ',' expected.
hooks/useEnhancedAnalytics.ts(167,1): error TS1128: Declaration or statement expected.
hooks/useEnhancedMatchupAnalytics.ts(241,1): error TS1005: '}' expected.
hooks/useEnhancedRealTimeDraft.ts(265,7): error TS1005: 'try' expected.
hooks/useEnhancedRealTimeDraft.ts(303,7): error TS1005: 'try' expected.
hooks/useEnhancedRealTimeDraft.ts(321,7): error TS1005: 'try' expected.
hooks/useEnhancedRealTimeDraft.ts(339,7): error TS1005: 'try' expected.
hooks/useEnhancedRealTimeDraft.ts(357,7): error TS1005: 'try' expected.
hooks/useEnhancedRealTimeDraft.ts(375,7): error TS1005: 'try' expected.
hooks/useEnhancedRealTimeDraft.ts(393,7): error TS1005: 'try' expected.
hooks/useEnhancedRealTimeDraft.ts(436,1): error TS1005: '}' expected.
hooks/useHistoricalAnalytics.ts(15,1): error TS1131: Property or signature expected.
hooks/useHistoricalAnalytics.ts(19,1): error TS1131: Property or signature expected.
hooks/useHistoricalAnalytics.ts(44,1): error TS1131: Property or signature expected.
hooks/useHistoricalAnalytics.ts(64,1): error TS1131: Property or signature expected.
hooks/useHistoricalAnalytics.ts(82,1): error TS1131: Property or signature expected.
hooks/useHistoricalAnalytics.ts(110,1): error TS1131: Property or signature expected.
hooks/useHistoricalAnalytics.ts(289,8): error TS1472: 'catch' or 'finally' expected.
hooks/useHistoricalAnalytics.ts(289,9): error TS1005: ',' expected.
hooks/useHistoricalAnalytics.ts(291,3): error TS1128: Declaration or statement expected.
hooks/useHistoricalAnalytics.ts(291,4): error TS1128: Declaration or statement expected.
hooks/useHistoricalAnalytics.ts(291,8): error TS1005: ';' expected.
hooks/useHistoricalAnalytics.ts(321,8): error TS1472: 'catch' or 'finally' expected.
hooks/useHistoricalAnalytics.ts(321,9): error TS1005: ',' expected.
hooks/useHistoricalAnalytics.ts(323,5): error TS1128: Declaration or statement expected.
hooks/useHistoricalAnalytics.ts(324,3): error TS1128: Declaration or statement expected.
hooks/useHistoricalAnalytics.ts(324,4): error TS1128: Declaration or statement expected.
hooks/useHistoricalAnalytics.ts(324,65): error TS1005: ';' expected.
hooks/useHistoricalAnalytics.ts(350,8): error TS1472: 'catch' or 'finally' expected.
hooks/useHistoricalAnalytics.ts(350,9): error TS1005: ',' expected.
hooks/useHistoricalAnalytics.ts(352,5): error TS1128: Declaration or statement expected.
hooks/useHistoricalAnalytics.ts(353,3): error TS1128: Declaration or statement expected.
hooks/useHistoricalAnalytics.ts(353,4): error TS1128: Declaration or statement expected.
hooks/useHistoricalAnalytics.ts(353,8): error TS1005: ';' expected.
hooks/useHistoricalAnalytics.ts(391,8): error TS1472: 'catch' or 'finally' expected.
hooks/useHistoricalAnalytics.ts(391,9): error TS1005: ',' expected.
hooks/useHistoricalAnalytics.ts(392,5): error TS1128: Declaration or statement expected.
hooks/useHistoricalAnalytics.ts(393,3): error TS1128: Declaration or statement expected.
hooks/useHistoricalAnalytics.ts(393,4): error TS1128: Declaration or statement expected.
hooks/useHistoricalAnalytics.ts(393,21): error TS1005: ';' expected.
hooks/useHistoricalAnalytics.ts(431,8): error TS1472: 'catch' or 'finally' expected.
hooks/useHistoricalAnalytics.ts(431,9): error TS1005: ',' expected.
hooks/useHistoricalAnalytics.ts(432,5): error TS1128: Declaration or statement expected.
hooks/useHistoricalAnalytics.ts(433,3): error TS1128: Declaration or statement expected.
hooks/useHistoricalAnalytics.ts(433,4): error TS1128: Declaration or statement expected.
hooks/useHistoricalAnalytics.ts(433,8): error TS1005: ';' expected.
hooks/useKeyboardShortcuts.ts(23,9): error TS1127: Invalid character.
hooks/useKeyboardShortcuts.ts(23,11): error TS1127: Invalid character.
hooks/useKeyboardShortcuts.ts(24,9): error TS1127: Invalid character.
hooks/useKeyboardShortcuts.ts(24,11): error TS1127: Invalid character.
hooks/useKeyboardShortcuts.ts(25,9): error TS1127: Invalid character.
hooks/useKeyboardShortcuts.ts(25,11): error TS1127: Invalid character.
hooks/useKeyboardShortcuts.ts(26,9): error TS1127: Invalid character.
hooks/useKeyboardShortcuts.ts(26,11): error TS1127: Invalid character.
hooks/useKeyboardShortcuts.ts(27,7): error TS1128: Declaration or statement expected.
hooks/useKeyboardShortcuts.ts(28,5): error TS1128: Declaration or statement expected.
hooks/useKeyboardShortcuts.ts(28,6): error TS1128: Declaration or statement expected.
hooks/useKeyboardShortcuts.ts(34,3): error TS1128: Declaration or statement expected.
hooks/useKeyboardShortcuts.ts(34,4): error TS1128: Declaration or statement expected.
hooks/useKeyboardShortcuts.ts(34,17): error TS1005: ';' expected.
hooks/useKeyboardShortcuts.ts(40,1): error TS1128: Declaration or statement expected.
hooks/useMemoryCleanup.ts(460,1): error TS1005: '}' expected.
hooks/useMLPlayerPredictions.ts(32,1): error TS1131: Property or signature expected.
hooks/useMLPlayerPredictions.ts(60,1): error TS1131: Property or signature expected.
hooks/useMLPlayerPredictions.ts(161,7): error TS1005: 'try' expected.
hooks/useMLPlayerPredictions.ts(170,4): error TS1128: Declaration or statement expected.
hooks/useMLPlayerPredictions.ts(170,51): error TS1005: ';' expected.
hooks/useMLPlayerPredictions.ts(193,7): error TS1005: 'try' expected.
hooks/useMLPlayerPredictions.ts(273,3): error TS1005: ',' expected.
hooks/useMLPlayerPredictions.ts(276,58): error TS1005: ',' expected.
hooks/useMLPlayerPredictions.ts(296,1): error TS1128: Declaration or statement expected.
hooks/useMobileViewport.ts(22,1): error TS1131: Property or signature expected.
hooks/useOracleDashboard.ts(62,7): error TS1005: 'try' expected.
hooks/useOracleMobileHooks.ts(298,7): error TS1005: 'try' expected.
hooks/useOracleWebSocket.ts(12,1): error TS1131: Property or signature expected.
hooks/useOracleWebSocket.ts(19,1): error TS1131: Property or signature expected.
hooks/useOracleWebSocket.ts(19,76): error TS1128: Declaration or statement expected.
hooks/useOracleWebSocket.ts(48,7): error TS1005: 'try' expected.
hooks/useOracleWebSocket.ts(103,7): error TS1005: 'try' expected.
hooks/usePlayerComparison.ts(55,1): error TS1131: Property or signature expected.
hooks/usePlayerComparison.ts(165,4): error TS1128: Declaration or statement expected.
hooks/usePlayerComparison.ts(165,8): error TS1005: ',' expected.
hooks/usePlayerComparison.ts(165,10): error TS1389: 'null' is not allowed as a variable declaration name.
hooks/useSeasonContest.ts(39,1): error TS1131: Property or signature expected.
hooks/useSeasonContest.ts(74,7): error TS1005: 'try' expected.
hooks/useSeasonContest.ts(175,7): error TS1005: 'try' expected.
hooks/useSeasonContest.ts(210,7): error TS1005: 'try' expected.
hooks/useSeasonContest.ts(245,7): error TS1005: 'try' expected.
hooks/useSeasonContest.ts(324,1): error TS1005: '}' expected.
hooks/useSnakeDraft.ts(321,7): error TS1005: 'try' expected.
hooks/useSnakeDraft.ts(448,1): error TS1005: '}' expected.
hooks/useSound.ts(44,7): error TS1005: 'try' expected.
hooks/useTradeAnalysis.ts(36,1): error TS1131: Property or signature expected.
hooks/useTradeAnalysis.ts(145,4): error TS1128: Declaration or statement expected.
hooks/useTradeAnalysis.ts(145,28): error TS1005: ';' expected.
hooks/useTradeAnalysis.ts(227,51): error TS1005: ';' expected.
hooks/useTradeAnalysis.ts(251,19): error TS1005: ';' expected.
hooks/useTradeAnalysis.ts(252,19): error TS1005: ';' expected.
hooks/useTradeAnalysis.ts(253,22): error TS1005: ';' expected.
hooks/useTradeAnalysis.ts(254,25): error TS1005: ';' expected.
hooks/useTradeAnalysis.ts(255,15): error TS1005: ';' expected.
hooks/useTradeAnalysis.ts(256,19): error TS1005: ';' expected.
hooks/useTradeAnalysis.ts(257,18): error TS1005: ';' expected.
hooks/useTradeAnalysis.ts(259,7): error TS1109: Expression expected.
hooks/useTradeAnalysis.ts(270,5): error TS1128: Declaration or statement expected.
hooks/useTradeAnalysis.ts(270,7): error TS1005: 'try' expected.
hooks/useTradeAnalysis.ts(277,3): error TS1128: Declaration or statement expected.
hooks/useTradeAnalysis.ts(277,4): error TS1128: Declaration or statement expected.
hooks/useTradeAnalysis.ts(277,8): error TS1005: ';' expected.
hooks/useTradeAnalysis.ts(347,7): error TS1005: 'try' expected.
hooks/useTradeAnalysis.ts(359,1): error TS1005: '}' expected.
hooks/useVirtualScroll.ts(27,1): error TS1131: Property or signature expected.
security-emergency-patch.ts(69,1): error TS1068: Unexpected token. A constructor, method, accessor, or property was expected.
security-emergency-patch.ts(201,1): error TS1068: Unexpected token. A constructor, method, accessor, or property was expected.
security-emergency-patch.ts(257,1): error TS1068: Unexpected token. A constructor, method, accessor, or property was expected.
security-emergency-patch.ts(297,1): error TS1068: Unexpected token. A constructor, method, accessor, or property was expected.
security-emergency-patch.ts(324,1): error TS1068: Unexpected token. A constructor, method, accessor, or property was expected.
security-emergency-patch.ts(353,1): error TS1068: Unexpected token. A constructor, method, accessor, or property was expected.
security-emergency-patch.ts(423,1): error TS1068: Unexpected token. A constructor, method, accessor, or property was expected.
services/accessibilityMonitoringService.ts(28,1): error TS1131: Property or signature expected.
services/accessibilityMonitoringService.ts(45,1): error TS1131: Property or signature expected.
services/accessibilityMonitoringService.ts(66,1): error TS1131: Property or signature expected.
services/accessibilityMonitoringService.ts(451,1): error TS1005: '}' expected.
services/adminService.ts(25,1): error TS1131: Property or signature expected.
services/adminService.ts(29,1): error TS1131: Property or signature expected.
services/adminService.ts(43,1): error TS1131: Property or signature expected.
services/adminService.ts(50,1): error TS1131: Property or signature expected.
services/adminService.ts(64,1): error TS1131: Property or signature expected.
services/adminService.ts(70,1): error TS1131: Property or signature expected.
services/adminService.ts(111,1): error TS1131: Property or signature expected.
services/adminService.ts(126,1): error TS1131: Property or signature expected.
services/adminService.ts(161,1): error TS1131: Property or signature expected.
services/adminService.ts(758,1): error TS1434: Unexpected keyword or identifier.
services/adminService.ts(758,8): error TS1434: Unexpected keyword or identifier.
services/adminService.ts(759,1): error TS1005: '}' expected.
services/advancedAnalyticsDashboardService.ts(52,1): error TS1131: Property or signature expected.
services/advancedAnalyticsDashboardService.ts(65,1): error TS1131: Property or signature expected.
services/advancedAnalyticsDashboardService.ts(73,1): error TS1131: Property or signature expected.
services/advancedAnalyticsDashboardService.ts(97,1): error TS1131: Property or signature expected.
services/advancedAnalyticsDashboardService.ts(108,1): error TS1131: Property or signature expected.
services/advancedAnalyticsDashboardService.ts(121,1): error TS1131: Property or signature expected.
services/advancedAnalyticsDashboardService.ts(146,1): error TS1131: Property or signature expected.
services/advancedAnalyticsDashboardService.ts(158,1): error TS1131: Property or signature expected.
services/advancedAnalyticsDashboardService.ts(172,1): error TS1131: Property or signature expected.
services/advancedAnalyticsDashboardService.ts(188,1): error TS1131: Property or signature expected.
services/advancedAnalyticsDashboardService.ts(202,1): error TS1131: Property or signature expected.
services/advancedAnalyticsDashboardService.ts(213,1): error TS1131: Property or signature expected.
services/advancedAnalyticsDashboardService.ts(234,1): error TS1131: Property or signature expected.
services/advancedAnalyticsDashboardService.ts(254,1): error TS1131: Property or signature expected.
services/advancedAnalyticsDashboardService.ts(1384,1): error TS1434: Unexpected keyword or identifier.
services/advancedAnalyticsDashboardService.ts(1384,8): error TS1434: Unexpected keyword or identifier.
services/advancedAnalyticsDashboardService.ts(1384,50): error TS1005: '}' expected.
services/advancedAnalyticsEngine.ts(229,1): error TS1068: Unexpected token. A constructor, method, accessor, or property was expected.
services/advancedAnalyticsEngine.ts(469,1): error TS1068: Unexpected token. A constructor, method, accessor, or property was expected.
services/advancedAnalyticsEngine.ts(657,1): error TS1068: Unexpected token. A constructor, method, accessor, or property was expected.
services/advancedAnalyticsEngine.ts(671,1): error TS1131: Property or signature expected.
services/advancedAnalyticsEngine.ts(686,1): error TS1131: Property or signature expected.
services/advancedAnalyticsEngine.ts(691,1): error TS1131: Property or signature expected.
services/advancedAnalyticsEngine.ts(696,1): error TS1131: Property or signature expected.
services/advancedAnalyticsEngine.ts(701,1): error TS1131: Property or signature expected.
services/advancedAnalyticsEngine.ts(707,1): error TS1131: Property or signature expected.
services/advancedAnalyticsEngine.ts(715,1): error TS1131: Property or signature expected.
services/advancedAnalyticsEngine.ts(720,1): error TS1131: Property or signature expected.
services/advancedAnalyticsEngine.ts(736,101): error TS1128: Declaration or statement expected.
services/advancedDraftTechnologiesService.ts(46,1): error TS1131: Property or signature expected.
services/advancedDraftTechnologiesService.ts(65,1): error TS1131: Property or signature expected.
services/advancedDraftTechnologiesService.ts(94,1): error TS1131: Property or signature expected.
services/advancedDraftTechnologiesService.ts(100,1): error TS1131: Property or signature expected.
services/advancedDraftTechnologiesService.ts(107,1): error TS1131: Property or signature expected.
services/advancedDraftTechnologiesService.ts(141,1): error TS1131: Property or signature expected.
services/advancedDraftTechnologiesService.ts(166,1): error TS1131: Property or signature expected.
services/advancedDraftTechnologiesService.ts(199,1): error TS1131: Property or signature expected.
services/advancedDraftTechnologiesService.ts(221,1): error TS1131: Property or signature expected.
services/advancedDraftTechnologiesService.ts(228,1): error TS1131: Property or signature expected.
services/advancedDraftTechnologiesService.ts(235,1): error TS1131: Property or signature expected.
services/advancedDraftTechnologiesService.ts(242,1): error TS1131: Property or signature expected.
services/advancedDraftTechnologiesService.ts(1324,1): error TS1434: Unexpected keyword or identifier.
services/advancedDraftTechnologiesService.ts(1324,8): error TS1434: Unexpected keyword or identifier.
services/advancedDraftTechnologiesService.ts(1324,49): error TS1005: '}' expected.
services/advancedReportingService.ts(19,1): error TS1131: Property or signature expected.
services/advancedReportingService.ts(67,1): error TS1131: Property or signature expected.
services/advancedReportingService.ts(105,1): error TS1131: Property or signature expected.
services/advancedReportingService.ts(111,1): error TS1131: Property or signature expected.
services/advancedReportingService.ts(122,1): error TS1131: Property or signature expected.
services/advancedReportingService.ts(132,78): error TS1128: Declaration or statement expected.
services/advancedReportingService.ts(161,1): error TS1131: Property or signature expected.
services/advancedReportingService.ts(711,1): error TS1005: '}' expected.
services/advancedTeamOptimizer.ts(26,1): error TS1131: Property or signature expected.
services/advancedTeamOptimizer.ts(36,1): error TS1131: Property or signature expected.
services/advancedTeamOptimizer.ts(44,1): error TS1131: Property or signature expected.
services/advancedTeamOptimizer.ts(56,1): error TS1131: Property or signature expected.
services/advancedTeamOptimizer.ts(66,1): error TS1131: Property or signature expected.
services/advancedTeamOptimizer.ts(74,1): error TS1131: Property or signature expected.
services/advancedTeamOptimizer.ts(80,1): error TS1131: Property or signature expected.
services/advancedTeamOptimizer.ts(87,1): error TS1131: Property or signature expected.
services/advancedTeamOptimizer.ts(95,1): error TS1131: Property or signature expected.
services/advancedTeamOptimizer.ts(104,1): error TS1131: Property or signature expected.
services/advancedTeamOptimizer.ts(111,1): error TS1131: Property or signature expected.
services/advancedTeamOptimizer.ts(117,1): error TS1131: Property or signature expected.
services/advancedTeamOptimizer.ts(125,1): error TS1131: Property or signature expected.
services/advancedTeamOptimizer.ts(131,1): error TS1131: Property or signature expected.
services/advancedTeamOptimizer.ts(137,1): error TS1131: Property or signature expected.
services/advancedTeamOptimizer.ts(143,1): error TS1131: Property or signature expected.
services/advancedTeamOptimizer.ts(149,1): error TS1131: Property or signature expected.
services/advancedTeamOptimizer.ts(155,1): error TS1131: Property or signature expected.
services/advancedTeamOptimizer.ts(162,1): error TS1131: Property or signature expected.
services/advancedTeamOptimizer.ts(170,1): error TS1131: Property or signature expected.
services/advancedTeamOptimizer.ts(178,1): error TS1131: Property or signature expected.
services/advancedTeamOptimizer.ts(184,1): error TS1131: Property or signature expected.
services/advancedTeamOptimizer.ts(191,1): error TS1131: Property or signature expected.
services/advancedTeamOptimizer.ts(198,1): error TS1131: Property or signature expected.
services/advancedTeamOptimizer.ts(205,1): error TS1131: Property or signature expected.
services/advancedTeamOptimizer.ts(211,1): error TS1131: Property or signature expected.
services/advancedTeamOptimizer.ts(218,1): error TS1131: Property or signature expected.
services/advancedTeamOptimizer.ts(224,1): error TS1131: Property or signature expected.
services/advancedTeamOptimizer.ts(233,1): error TS1131: Property or signature expected.
services/advancedTeamOptimizer.ts(240,1): error TS1131: Property or signature expected.
services/advancedTeamOptimizer.ts(248,1): error TS1131: Property or signature expected.
services/advancedTeamOptimizer.ts(276,1): error TS1131: Property or signature expected.
services/advancedTeamOptimizer.ts(286,1): error TS1131: Property or signature expected.
services/advancedTeamOptimizer.ts(1325,1): error TS1434: Unexpected keyword or identifier.
services/advancedTeamOptimizer.ts(1325,8): error TS1434: Unexpected keyword or identifier.
services/advancedTeamOptimizer.ts(1325,38): error TS1005: '}' expected.
services/advancedTradeMarketplaceService.ts(28,1): error TS1131: Property or signature expected.
services/advancedTradeMarketplaceService.ts(44,1): error TS1131: Property or signature expected.
services/advancedTradeMarketplaceService.ts(51,1): error TS1131: Property or signature expected.
services/advancedTradeMarketplaceService.ts(66,1): error TS1131: Property or signature expected.
services/advancedTradeMarketplaceService.ts(94,1): error TS1131: Property or signature expected.
services/advancedTradeMarketplaceService.ts(102,1): error TS1131: Property or signature expected.
services/advancedTradeMarketplaceService.ts(107,1): error TS1131: Property or signature expected.
services/advancedTradeMarketplaceService.ts(119,1): error TS1131: Property or signature expected.
services/advancedTradeMarketplaceService.ts(125,1): error TS1131: Property or signature expected.
services/advancedTradeMarketplaceService.ts(133,1): error TS1131: Property or signature expected.
services/advancedTradeMarketplaceService.ts(140,1): error TS1131: Property or signature expected.
services/advancedTradeMarketplaceService.ts(147,1): error TS1131: Property or signature expected.
services/advancedTradeMarketplaceService.ts(154,1): error TS1131: Property or signature expected.
services/advancedTradeMarketplaceService.ts(165,1): error TS1131: Property or signature expected.
services/advancedTradeMarketplaceService.ts(1129,1): error TS1434: Unexpected keyword or identifier.
services/advancedTradeMarketplaceService.ts(1129,8): error TS1434: Unexpected keyword or identifier.
services/advancedTradeMarketplaceService.ts(1129,48): error TS1005: '}' expected.
services/aiDraftAnalysisService.ts(22,1): error TS1131: Property or signature expected.
services/aiDraftAnalysisService.ts(30,1): error TS1131: Property or signature expected.
services/aiDraftAnalysisService.ts(38,1): error TS1131: Property or signature expected.
services/aiDraftAnalysisService.ts(46,1): error TS1131: Property or signature expected.
services/aiDraftAnalysisService.ts(52,1): error TS1131: Property or signature expected.
services/aiDraftAnalysisService.ts(59,1): error TS1131: Property or signature expected.
services/aiDraftAnalysisService.ts(1060,68): error TS1005: '}' expected.
services/aiDraftCoachService.ts(20,1): error TS1131: Property or signature expected.
services/aiDraftCoachService.ts(31,1): error TS1131: Property or signature expected.
services/aiDraftCoachService.ts(41,1): error TS1131: Property or signature expected.
services/aiDraftCoachService.ts(1020,62): error TS1005: '}' expected.
services/aiRecommendationEngine.ts(30,1): error TS1131: Property or signature expected.
services/aiRecommendationEngine.ts(47,1): error TS1131: Property or signature expected.
services/aiRecommendationEngine.ts(76,1): error TS1131: Property or signature expected.
services/aiRecommendationEngine.ts(1080,68): error TS1005: '}' expected.
services/aiTradeAnalyzer.ts(30,1): error TS1131: Property or signature expected.
services/aiTradeAnalyzer.ts(60,1): error TS1131: Property or signature expected.
services/aiTradeAnalyzer.ts(67,1): error TS1131: Property or signature expected.
services/aiTradeAnalyzer.ts(73,1): error TS1131: Property or signature expected.
services/aiTradeAnalyzer.ts(79,1): error TS1131: Property or signature expected.
services/aiTradeAnalyzer.ts(85,1): error TS1131: Property or signature expected.
services/aiTradeAnalyzer.ts(635,1): error TS1434: Unexpected keyword or identifier.
services/aiTradeAnalyzer.ts(635,8): error TS1434: Unexpected keyword or identifier.
services/aiTradeAnalyzer.ts(635,32): error TS1005: '}' expected.
services/apiService.ts(14,1): error TS1131: Property or signature expected.
services/apiService.ts(64,1): error TS1131: Property or signature expected.
services/apiService.ts(425,1): error TS1434: Unexpected keyword or identifier.
services/apiService.ts(425,8): error TS1434: Unexpected keyword or identifier.
services/apiService.ts(428,1): error TS1068: Unexpected token. A constructor, method, accessor, or property was expected.
services/authService.ts(23,1): error TS1131: Property or signature expected.
services/authService.ts(28,1): error TS1131: Property or signature expected.
services/authService.ts(322,3): error TS1128: Declaration or statement expected.
services/authService.ts(322,29): error TS1005: ';' expected.
services/authService.ts(323,9): error TS1005: ':' expected.
services/authService.ts(329,7): error TS1005: ',' expected.
services/authService.ts(335,3): error TS1128: Declaration or statement expected.
services/authService.ts(335,26): error TS1005: ';' expected.
services/authService.ts(336,9): error TS1005: ':' expected.
services/authService.ts(339,15): error TS1005: ',' expected.
services/authService.ts(339,27): error TS1005: ',' expected.
services/authService.ts(339,29): error TS1136: Property assignment expected.
services/authService.ts(351,5): error TS1128: Declaration or statement expected.
services/authService.ts(351,7): error TS1005: 'try' expected.
services/authService.ts(354,3): error TS1128: Declaration or statement expected.
services/authService.ts(356,3): error TS1128: Declaration or statement expected.
services/authService.ts(356,28): error TS1005: ';' expected.
services/authService.ts(357,9): error TS1005: ':' expected.
services/authService.ts(359,13): error TS1005: ':' expected.
services/authService.ts(359,69): error TS1005: ',' expected.
services/authService.ts(367,7): error TS1005: ',' expected.
services/authService.ts(373,3): error TS1128: Declaration or statement expected.
services/authService.ts(373,25): error TS1005: ';' expected.
services/authService.ts(374,9): error TS1005: ':' expected.
services/authService.ts(376,21): error TS1005: ',' expected.
services/authService.ts(376,55): error TS1005: ',' expected.
services/authService.ts(377,21): error TS1005: ',' expected.
services/authService.ts(377,56): error TS1005: ',' expected.
services/authService.ts(379,19): error TS1005: ',' expected.
services/authService.ts(379,53): error TS1005: ',' expected.
services/authService.ts(380,19): error TS1005: ',' expected.
services/authService.ts(380,54): error TS1005: ',' expected.
services/authService.ts(381,7): error TS1005: ',' expected.
services/autoDraftService.ts(29,1): error TS1131: Property or signature expected.
services/autoDraftService.ts(47,1): error TS1131: Property or signature expected.
services/autoDraftService.ts(943,1): error TS1434: Unexpected keyword or identifier.
services/autoDraftService.ts(943,8): error TS1434: Unexpected keyword or identifier.
services/autoDraftService.ts(943,33): error TS1005: '}' expected.
services/cacheService.ts(13,1): error TS1131: Property or signature expected.
services/cacheService.ts(321,1): error TS1434: Unexpected keyword or identifier.
services/cacheService.ts(321,8): error TS1434: Unexpected keyword or identifier.
services/cacheService.ts(322,1): error TS1005: '}' expected.
services/celebrityDraftPersonas.ts(26,14): error TS1005: ';' expected.
services/celebrityDraftPersonas.ts(329,1): error TS1131: Property or signature expected.
services/celebrityDraftPersonas.ts(456,1): error TS1005: '}' expected.
services/contestScoringService.ts(60,1): error TS1131: Property or signature expected.
services/contestScoringService.ts(66,1): error TS1131: Property or signature expected.
services/contestScoringService.ts(72,1): error TS1131: Property or signature expected.
services/contestScoringService.ts(83,1): error TS1131: Property or signature expected.
services/contestScoringService.ts(93,1): error TS1131: Property or signature expected.
services/contestScoringService.ts(104,1): error TS1131: Property or signature expected.
services/contestScoringService.ts(110,1): error TS1131: Property or signature expected.
services/contestScoringService.ts(128,1): error TS1131: Property or signature expected.
services/contestScoringService.ts(135,1): error TS1131: Property or signature expected.
services/contestScoringService.ts(142,1): error TS1131: Property or signature expected.
services/contestScoringService.ts(148,1): error TS1131: Property or signature expected.
services/contestScoringService.ts(162,1): error TS1131: Property or signature expected.
services/contestScoringService.ts(172,1): error TS1131: Property or signature expected.
services/contestScoringService.ts(179,1): error TS1131: Property or signature expected.
services/contestScoringService.ts(220,1): error TS1131: Property or signature expected.
services/contestScoringService.ts(1100,1): error TS1434: Unexpected keyword or identifier.
services/contestScoringService.ts(1100,8): error TS1434: Unexpected keyword or identifier.
services/contestScoringService.ts(1101,1): error TS1005: '}' expected.
services/core/DynastyLeagueService.ts(29,1): error TS1131: Property or signature expected.
services/core/DynastyLeagueService.ts(40,1): error TS1131: Property or signature expected.
services/core/DynastyLeagueService.ts(65,1): error TS1131: Property or signature expected.
services/core/DynastyLeagueService.ts(78,1): error TS1131: Property or signature expected.
services/core/DynastyLeagueService.ts(91,1): error TS1131: Property or signature expected.
services/core/DynastyLeagueService.ts(101,1): error TS1131: Property or signature expected.
services/core/DynastyLeagueService.ts(120,1): error TS1131: Property or signature expected.
services/core/DynastyLeagueService.ts(134,1): error TS1131: Property or signature expected.
services/core/DynastyLeagueService.ts(687,64): error TS1005: '}' expected.
services/core/FantasyDataService.ts(26,1): error TS1131: Property or signature expected.
services/core/FantasyDataService.ts(44,1): error TS1131: Property or signature expected.
services/core/FantasyDataService.ts(58,1): error TS1131: Property or signature expected.
services/core/FantasyDataService.ts(580,1): error TS1068: Unexpected token. A constructor, method, accessor, or property was expected.
services/core/MLTradeAnalyzer.ts(59,1): error TS1131: Property or signature expected.
services/core/MLTradeAnalyzer.ts(76,1): error TS1131: Property or signature expected.
services/core/MLTradeAnalyzer.ts(90,1): error TS1131: Property or signature expected.
services/core/MLTradeAnalyzer.ts(663,54): error TS1005: '}' expected.
services/databaseOptimization.ts(24,1): error TS1131: Property or signature expected.
services/databaseOptimization.ts(42,1): error TS1131: Property or signature expected.
services/databaseOptimization.ts(370,1): error TS1005: '}' expected.
services/dataPersistenceService.ts(30,1): error TS1131: Property or signature expected.
services/dataPersistenceService.ts(43,1): error TS1131: Property or signature expected.
services/dataPersistenceService.ts(50,1): error TS1131: Property or signature expected.
services/dataPersistenceService.ts(61,1): error TS1131: Property or signature expected.
services/dataPersistenceService.ts(458,1): error TS1005: '}' expected.
services/draftPreparationService.ts(35,1): error TS1131: Property or signature expected.
services/draftPreparationService.ts(46,1): error TS1131: Property or signature expected.
services/draftPreparationService.ts(55,1): error TS1131: Property or signature expected.
services/draftPreparationService.ts(66,1): error TS1131: Property or signature expected.
services/draftPreparationService.ts(73,1): error TS1131: Property or signature expected.
services/draftPreparationService.ts(80,1): error TS1131: Property or signature expected.
services/draftPreparationService.ts(91,1): error TS1131: Property or signature expected.
services/draftPreparationService.ts(99,1): error TS1131: Property or signature expected.
services/draftPreparationService.ts(108,1): error TS1131: Property or signature expected.
services/draftPreparationService.ts(118,1): error TS1131: Property or signature expected.
services/draftPreparationService.ts(127,1): error TS1131: Property or signature expected.
services/draftPreparationService.ts(135,1): error TS1131: Property or signature expected.
services/draftPreparationService.ts(149,1): error TS1131: Property or signature expected.
services/draftPreparationService.ts(157,1): error TS1131: Property or signature expected.
services/draftPreparationService.ts(172,1): error TS1131: Property or signature expected.
services/draftPreparationService.ts(179,1): error TS1131: Property or signature expected.
services/draftPreparationService.ts(187,1): error TS1131: Property or signature expected.
services/draftPreparationService.ts(199,1): error TS1131: Property or signature expected.
services/draftPreparationService.ts(208,1): error TS1131: Property or signature expected.
services/draftPreparationService.ts(769,1): error TS1434: Unexpected keyword or identifier.
services/draftPreparationService.ts(769,8): error TS1434: Unexpected keyword or identifier.
services/draftPreparationService.ts(770,1): error TS1005: '}' expected.
services/draftSimulationEngine.ts(22,1): error TS1131: Property or signature expected.
services/draftSimulationEngine.ts(35,1): error TS1131: Property or signature expected.
services/draftSimulationEngine.ts(43,1): error TS1131: Property or signature expected.
services/draftSimulationEngine.ts(53,1): error TS1131: Property or signature expected.
services/draftSimulationEngine.ts(63,1): error TS1131: Property or signature expected.
services/draftSimulationEngine.ts(98,1): error TS1131: Property or signature expected.
services/draftSimulationEngine.ts(113,1): error TS1131: Property or signature expected.
services/draftSimulationEngine.ts(113,57): error TS1128: Declaration or statement expected.
services/draftSimulationEngine.ts(334,1): error TS1068: Unexpected token. A constructor, method, accessor, or property was expected.
services/draftSimulationEngine.ts(730,1): error TS1434: Unexpected keyword or identifier.
services/draftSimulationEngine.ts(730,8): error TS1434: Unexpected keyword or identifier.
services/draftSimulationEngine.ts(731,1): error TS1005: '}' expected.
services/draftWebSocketService.ts(17,1): error TS1131: Property or signature expected.
services/draftWebSocketService.ts(27,1): error TS1131: Property or signature expected.
services/draftWebSocketService.ts(42,1): error TS1131: Property or signature expected.
services/draftWebSocketService.ts(51,1): error TS1131: Property or signature expected.
services/draftWebSocketService.ts(60,1): error TS1131: Property or signature expected.
services/draftWebSocketService.ts(70,1): error TS1131: Property or signature expected.
services/draftWebSocketService.ts(106,1): error TS1131: Property or signature expected.
services/draftWebSocketService.ts(519,1): error TS1434: Unexpected keyword or identifier.
services/draftWebSocketService.ts(519,8): error TS1434: Unexpected keyword or identifier.
services/draftWebSocketService.ts(520,1): error TS1005: '}' expected.
services/enhancedAnalyticsService.ts(12,1): error TS1131: Property or signature expected.
services/enhancedAnalyticsService.ts(55,1): error TS1131: Property or signature expected.
services/enhancedAnalyticsService.ts(135,1): error TS1434: Unexpected keyword or identifier.
services/enhancedAnalyticsService.ts(135,8): error TS1434: Unexpected keyword or identifier.
services/enhancedAnalyticsService.ts(135,41): error TS1005: '}' expected.
services/enhancedAuthService.ts(119,1): error TS1131: Property or signature expected.
services/enhancedAuthService.ts(539,1): error TS1434: Unexpected keyword or identifier.
services/enhancedAuthService.ts(539,8): error TS1434: Unexpected keyword or identifier.
services/enhancedAuthService.ts(540,1): error TS1005: '}' expected.
services/enhancedCacheService.ts(30,1): error TS1131: Property or signature expected.
services/enhancedCacheService.ts(540,5): error TS1359: Identifier expected. 'typeof' is a reserved word that cannot be used here.
services/enhancedCacheService.ts(540,19): error TS1005: ',' expected.
services/enhancedCacheService.ts(540,34): error TS1005: ';' expected.
services/enhancedCacheService.ts(544,1): error TS1005: '}' expected.
services/enhancedDraftEngine.ts(22,1): error TS1131: Property or signature expected.
services/enhancedDraftEngine.ts(42,1): error TS1131: Property or signature expected.
services/enhancedDraftEngine.ts(49,1): error TS1131: Property or signature expected.
services/enhancedDraftEngine.ts(68,1): error TS1131: Property or signature expected.
services/enhancedDraftEngine.ts(80,1): error TS1131: Property or signature expected.
services/enhancedDraftEngine.ts(93,1): error TS1131: Property or signature expected.
services/enhancedDraftEngine.ts(1005,1): error TS1005: '}' expected.
services/enhancedDraftSimulationEngine.ts(25,1): error TS1131: Property or signature expected.
services/enhancedDraftSimulationEngine.ts(34,1): error TS1131: Property or signature expected.
services/enhancedDraftSimulationEngine.ts(67,1): error TS1131: Property or signature expected.
services/enhancedDraftSimulationEngine.ts(508,1): error TS1068: Unexpected token. A constructor, method, accessor, or property was expected.
services/enhancedDraftSimulationEngine.ts(532,1): error TS1068: Unexpected token. A constructor, method, accessor, or property was expected.
services/enhancedDraftSimulationEngine.ts(646,1): error TS1434: Unexpected keyword or identifier.
services/enhancedDraftSimulationEngine.ts(646,8): error TS1434: Unexpected keyword or identifier.
services/enhancedDraftSimulationEngine.ts(647,1): error TS1005: '}' expected.
services/enhancedNotificationService.ts(97,1): error TS1131: Property or signature expected.
services/enhancedNotificationService.ts(120,1): error TS1131: Property or signature expected.
services/enhancedNotificationService.ts(884,1): error TS1434: Unexpected keyword or identifier.
services/enhancedNotificationService.ts(884,8): error TS1434: Unexpected keyword or identifier.
services/enhancedNotificationService.ts(885,1): error TS1005: '}' expected.
services/enhancedRealTimeSyncService.ts(46,1): error TS1131: Property or signature expected.
services/enhancedRealTimeSyncService.ts(61,1): error TS1131: Property or signature expected.
services/enhancedRealTimeSyncService.ts(944,1): error TS1434: Unexpected keyword or identifier.
services/enhancedRealTimeSyncService.ts(944,8): error TS1434: Unexpected keyword or identifier.
services/enhancedRealTimeSyncService.ts(945,1): error TS1005: '}' expected.
services/geniusAiAssistant.ts(19,1): error TS1131: Property or signature expected.
services/geniusAiAssistant.ts(26,1): error TS1131: Property or signature expected.
services/geniusAiAssistant.ts(751,1): error TS1005: '}' expected.
services/injuryTrackingService.ts(42,1): error TS1131: Property or signature expected.
services/injuryTrackingService.ts(52,1): error TS1131: Property or signature expected.
services/injuryTrackingService.ts(60,1): error TS1131: Property or signature expected.
services/injuryTrackingService.ts(67,1): error TS1131: Property or signature expected.
services/injuryTrackingService.ts(73,1): error TS1131: Property or signature expected.
services/injuryTrackingService.ts(80,1): error TS1131: Property or signature expected.
services/injuryTrackingService.ts(90,1): error TS1131: Property or signature expected.
services/injuryTrackingService.ts(103,1): error TS1131: Property or signature expected.
services/injuryTrackingService.ts(111,1): error TS1131: Property or signature expected.
services/injuryTrackingService.ts(138,1): error TS1131: Property or signature expected.
services/injuryTrackingService.ts(1289,1): error TS1434: Unexpected keyword or identifier.
services/injuryTrackingService.ts(1289,8): error TS1434: Unexpected keyword or identifier.
services/injuryTrackingService.ts(1290,1): error TS1005: '}' expected.
services/leagueInitializationService.ts(203,1): error TS1005: '}' expected.
services/leagueManagementService.ts(89,1): error TS1131: Property or signature expected.
services/leagueManagementService.ts(103,1): error TS1131: Property or signature expected.
services/leagueManagementService.ts(108,1): error TS1131: Property or signature expected.
services/leagueManagementService.ts(142,1): error TS1131: Property or signature expected.
services/leagueManagementService.ts(151,1): error TS1131: Property or signature expected.
services/leagueManagementService.ts(660,1): error TS1005: '}' expected.
services/lineupOptimizerEngine.ts(780,1): error TS1068: Unexpected token. A constructor, method, accessor, or property was expected.
services/lineupOptimizerEngine.ts(786,1): error TS1131: Property or signature expected.
services/lineupOptimizerEngine.ts(792,1): error TS1131: Property or signature expected.
services/lineupOptimizerEngine.ts(798,1): error TS1131: Property or signature expected.
services/lineupOptimizerEngine.ts(826,1): error TS1131: Property or signature expected.
services/lineupOptimizerEngine.ts(833,1): error TS1131: Property or signature expected.
services/lineupOptimizerEngine.ts(840,1): error TS1131: Property or signature expected.
services/lineupOptimizerEngine.ts(847,1): error TS1131: Property or signature expected.
services/liveScoringService.ts(29,1): error TS1131: Property or signature expected.
services/liveScoringService.ts(83,1): error TS1131: Property or signature expected.
services/liveScoringService.ts(102,1): error TS1131: Property or signature expected.
services/liveScoringService.ts(160,1): error TS1131: Property or signature expected.
services/liveScoringService.ts(195,1): error TS1131: Property or signature expected.
services/liveScoringService.ts(218,1): error TS1131: Property or signature expected.
services/liveScoringService.ts(948,1): error TS1434: Unexpected keyword or identifier.
services/liveScoringService.ts(948,8): error TS1434: Unexpected keyword or identifier.
services/liveScoringService.ts(948,35): error TS1005: '}' expected.
services/machineLearningPlayerPredictionService.ts(55,1): error TS1131: Property or signature expected.
services/machineLearningPlayerPredictionService.ts(62,1): error TS1131: Property or signature expected.
services/machineLearningPlayerPredictionService.ts(95,1): error TS1131: Property or signature expected.
services/machineLearningPlayerPredictionService.ts(101,1): error TS1131: Property or signature expected.
services/machineLearningPlayerPredictionService.ts(126,1): error TS1131: Property or signature expected.
services/machineLearningPlayerPredictionService.ts(133,1): error TS1131: Property or signature expected.
services/machineLearningPlayerPredictionService.ts(1317,1): error TS1434: Unexpected keyword or identifier.
services/machineLearningPlayerPredictionService.ts(1317,8): error TS1434: Unexpected keyword or identifier.
services/machineLearningPlayerPredictionService.ts(1318,1): error TS1005: '}' expected.
services/marketInefficiencyDetector.ts(22,1): error TS1131: Property or signature expected.
services/marketInefficiencyDetector.ts(30,1): error TS1131: Property or signature expected.
services/marketInefficiencyDetector.ts(475,1): error TS1434: Unexpected keyword or identifier.
services/marketInefficiencyDetector.ts(475,8): error TS1434: Unexpected keyword or identifier.
services/marketInefficiencyDetector.ts(476,1): error TS1005: '}' expected.
services/matchupDifficultyAnalyzer.ts(68,1): error TS1131: Property or signature expected.
services/matchupDifficultyAnalyzer.ts(91,1): error TS1131: Property or signature expected.
services/matchupDifficultyAnalyzer.ts(107,1): error TS1131: Property or signature expected.
services/matchupDifficultyAnalyzer.ts(126,1): error TS1131: Property or signature expected.
services/matchupDifficultyAnalyzer.ts(140,1): error TS1131: Property or signature expected.
services/matchupDifficultyAnalyzer.ts(180,1): error TS1131: Property or signature expected.
services/matchupDifficultyAnalyzer.ts(1025,1): error TS1005: '}' expected.
services/mobileOfflineService.ts(17,1): error TS1131: Property or signature expected.
services/mobileOfflineService.ts(25,1): error TS1131: Property or signature expected.
services/mobileOfflineService.ts(442,5): error TS1128: Declaration or statement expected.
services/mobileOfflineService.ts(442,32): error TS1005: ';' expected.
services/mobileOfflineService.ts(443,13): error TS1005: ':' expected.
services/mobileOfflineService.ts(449,11): error TS1005: ',' expected.
services/mobileOfflineService.ts(455,15): error TS1005: ';' expected.
services/mobileOfflineService.ts(455,17): error TS1434: Unexpected keyword or identifier.
services/mobileOfflineService.ts(462,23): error TS1005: ';' expected.
services/mobileOfflineService.ts(463,13): error TS1005: ':' expected.
services/mobileOfflineService.ts(464,19): error TS1005: ',' expected.
services/mobileOfflineService.ts(466,15): error TS1005: ',' expected.
services/mobileOfflineService.ts(468,17): error TS1005: ':' expected.
services/mobileOfflineService.ts(474,14): error TS1005: ',' expected.
services/mobileOfflineService.ts(476,20): error TS1005: ',' expected.
services/mobileOfflineService.ts(476,50): error TS1005: ',' expected.
services/mobileOfflineService.ts(477,11): error TS1005: ',' expected.
services/mobileOfflineService.ts(485,14): error TS1005: ';' expected.
services/mobileOfflineService.ts(486,17): error TS1005: ',' expected.
services/mobileOfflineService.ts(486,39): error TS1005: ',' expected.
services/mobileOfflineService.ts(486,41): error TS1136: Property assignment expected.
services/mobileOfflineService.ts(491,5): error TS1128: Declaration or statement expected.
services/netlifyAuthService.ts(13,1): error TS1131: Property or signature expected.
services/netlifyAuthService.ts(17,1): error TS1131: Property or signature expected.
services/netlifyAuthService.ts(406,1): error TS1068: Unexpected token. A constructor, method, accessor, or property was expected.
services/nflDataExpansion.ts(704,1): error TS1434: Unexpected keyword or identifier.
services/nflDataExpansion.ts(704,8): error TS1434: Unexpected keyword or identifier.
services/nflDataExpansion.ts(704,33): error TS1005: '}' expected.
services/notificationService.ts(29,1): error TS1131: Property or signature expected.
services/notificationService.ts(348,1): error TS1434: Unexpected keyword or identifier.
services/notificationService.ts(348,8): error TS1434: Unexpected keyword or identifier.
services/notificationService.ts(349,1): error TS1005: '}' expected.
services/oauthService.ts(16,1): error TS1131: Property or signature expected.
services/oauthService.ts(315,1): error TS1434: Unexpected keyword or identifier.
services/oauthService.ts(315,8): error TS1434: Unexpected keyword or identifier.
services/oauthService.ts(316,1): error TS1005: '}' expected.
services/optimizedOracleQueries.ts(32,1): error TS1131: Property or signature expected.
services/optimizedOracleQueries.ts(532,1): error TS1005: '}' expected.
services/oracleAdvancedAnalyticsService.ts(20,1): error TS1131: Property or signature expected.
services/oracleAdvancedAnalyticsService.ts(35,1): error TS1131: Property or signature expected.
services/oracleAdvancedAnalyticsService.ts(112,1): error TS1131: Property or signature expected.
services/oracleAdvancedAnalyticsService.ts(125,1): error TS1131: Property or signature expected.
services/oracleAdvancedAnalyticsService.ts(459,1): error TS1434: Unexpected keyword or identifier.
services/oracleAdvancedAnalyticsService.ts(459,8): error TS1434: Unexpected keyword or identifier.
services/oracleAdvancedAnalyticsService.ts(459,47): error TS1005: '}' expected.
services/oracleAnalyticsService.ts(16,1): error TS1131: Property or signature expected.
services/oracleAnalyticsService.ts(22,1): error TS1131: Property or signature expected.
services/oracleAnalyticsService.ts(29,1): error TS1131: Property or signature expected.
services/oracleAnalyticsService.ts(502,1): error TS1434: Unexpected keyword or identifier.
services/oracleAnalyticsService.ts(502,8): error TS1434: Unexpected keyword or identifier.
services/oracleAnalyticsService.ts(503,1): error TS1005: '}' expected.
services/oracleApiClient.ts(34,1): error TS1131: Property or signature expected.
services/oracleApiClient.ts(53,1): error TS1131: Property or signature expected.
services/oracleApiClient.ts(60,1): error TS1131: Property or signature expected.
services/oracleApiClient.ts(66,1): error TS1131: Property or signature expected.
services/oracleApiClient.ts(73,1): error TS1131: Property or signature expected.
services/oracleApiClient.ts(83,1): error TS1131: Property or signature expected.
services/oracleApiClient.ts(328,1): error TS1434: Unexpected keyword or identifier.
services/oracleApiClient.ts(328,8): error TS1434: Unexpected keyword or identifier.
services/oracleApiClient.ts(329,1): error TS1005: '}' expected.
services/oracleEducationService.ts(20,1): error TS1131: Property or signature expected.
services/oracleEducationService.ts(27,1): error TS1131: Property or signature expected.
services/oracleEducationService.ts(35,1): error TS1131: Property or signature expected.
services/oracleEducationService.ts(43,1): error TS1131: Property or signature expected.
services/oracleEducationService.ts(51,1): error TS1131: Property or signature expected.
services/oracleEducationService.ts(60,1): error TS1131: Property or signature expected.
services/oracleEducationService.ts(71,1): error TS1131: Property or signature expected.
services/oracleEducationService.ts(80,1): error TS1131: Property or signature expected.
services/oracleEducationService.ts(91,1): error TS1131: Property or signature expected.
services/oracleEducationService.ts(99,32): error TS1128: Declaration or statement expected.
services/oracleEducationService.ts(101,83): error TS1128: Declaration or statement expected.
services/oracleEducationService.ts(1342,1): error TS1434: Unexpected keyword or identifier.
services/oracleEducationService.ts(1342,8): error TS1434: Unexpected keyword or identifier.
services/oracleEducationService.ts(1343,1): error TS1005: '}' expected.
services/oracleMachineLearningService.ts(35,1): error TS1131: Property or signature expected.
services/oracleMachineLearningService.ts(57,1): error TS1131: Property or signature expected.
services/oracleMachineLearningService.ts(62,1): error TS1131: Property or signature expected.
services/oracleMachineLearningService.ts(67,1): error TS1131: Property or signature expected.
services/oracleMachineLearningService.ts(452,1): error TS1434: Unexpected keyword or identifier.
services/oracleMachineLearningService.ts(452,8): error TS1434: Unexpected keyword or identifier.
services/oracleMachineLearningService.ts(455,1): error TS1068: Unexpected token. A constructor, method, accessor, or property was expected.
services/oraclePerformanceIndex.ts(214,1): error TS1005: '}' expected.
services/oraclePerformanceOptimizationService.ts(17,1): error TS1131: Property or signature expected.
services/oraclePerformanceOptimizationService.ts(25,1): error TS1131: Property or signature expected.
services/oraclePerformanceOptimizationService.ts(30,1): error TS1131: Property or signature expected.
services/oraclePerformanceOptimizationService.ts(38,1): error TS1131: Property or signature expected.
services/oraclePerformanceOptimizationService.ts(70,1): error TS1131: Property or signature expected.
services/oraclePerformanceOptimizationService.ts(606,1): error TS1005: '}' expected.
services/oracleRewardsService.ts(19,1): error TS1131: Property or signature expected.
services/oracleRewardsService.ts(25,1): error TS1131: Property or signature expected.
services/oracleRewardsService.ts(34,1): error TS1131: Property or signature expected.
services/oracleRewardsService.ts(42,1): error TS1131: Property or signature expected.
services/oracleRewardsService.ts(54,1): error TS1131: Property or signature expected.
services/oracleRewardsService.ts(555,1): error TS1434: Unexpected keyword or identifier.
services/oracleRewardsService.ts(555,8): error TS1434: Unexpected keyword or identifier.
services/oracleRewardsService.ts(556,1): error TS1005: '}' expected.
services/oracleScoringService.ts(15,1): error TS1131: Property or signature expected.
services/oracleScoringService.ts(22,1): error TS1131: Property or signature expected.
services/oracleScoringService.ts(58,1): error TS1131: Property or signature expected.
services/oracleScoringService.ts(580,1): error TS1434: Unexpected keyword or identifier.
services/oracleScoringService.ts(580,8): error TS1434: Unexpected keyword or identifier.
services/oracleScoringService.ts(581,1): error TS1005: '}' expected.
services/oracleSocialService.ts(28,1): error TS1131: Property or signature expected.
services/oracleSocialService.ts(38,1): error TS1131: Property or signature expected.
services/oracleSocialService.ts(85,1): error TS1131: Property or signature expected.
services/oracleSocialService.ts(95,1): error TS1131: Property or signature expected.
services/oracleSocialService.ts(117,1): error TS1131: Property or signature expected.
services/oracleSocialService.ts(126,1): error TS1131: Property or signature expected.
services/oracleSocialService.ts(141,1): error TS1131: Property or signature expected.
services/oracleSocialService.ts(151,1): error TS1131: Property or signature expected.
services/oracleSocialService.ts(156,1): error TS1131: Property or signature expected.
services/oracleSocialService.ts(162,1): error TS1131: Property or signature expected.
services/oracleSocialService.ts(172,1): error TS1131: Property or signature expected.
services/oracleSocialService.ts(223,1): error TS1131: Property or signature expected.
services/oracleSocialService.ts(891,1): error TS1434: Unexpected keyword or identifier.
services/oracleSocialService.ts(891,8): error TS1434: Unexpected keyword or identifier.
services/oracleSocialService.ts(892,1): error TS1005: '}' expected.
services/paymentService.ts(81,1): error TS1131: Property or signature expected.
services/paymentService.ts(90,1): error TS1131: Property or signature expected.
services/paymentService.ts(608,1): error TS1434: Unexpected keyword or identifier.
services/paymentService.ts(608,8): error TS1434: Unexpected keyword or identifier.
services/paymentService.ts(609,1): error TS1005: '}' expected.
services/performanceMonitoringService.ts(16,1): error TS1131: Property or signature expected.
services/performanceMonitoringService.ts(23,1): error TS1131: Property or signature expected.
services/performanceMonitoringService.ts(30,1): error TS1131: Property or signature expected.
services/performanceMonitoringService.ts(310,1): error TS1434: Unexpected keyword or identifier.
services/performanceMonitoringService.ts(310,8): error TS1434: Unexpected keyword or identifier.
services/performanceMonitoringService.ts(311,1): error TS1005: '}' expected.
services/playerComparisonService.ts(27,1): error TS1131: Property or signature expected.
services/playerComparisonService.ts(40,1): error TS1131: Property or signature expected.
services/playerComparisonService.ts(52,1): error TS1131: Property or signature expected.
services/playerComparisonService.ts(61,1): error TS1131: Property or signature expected.
services/playerComparisonService.ts(71,1): error TS1131: Property or signature expected.
services/playerComparisonService.ts(78,1): error TS1131: Property or signature expected.
services/playerComparisonService.ts(85,1): error TS1131: Property or signature expected.
services/playerComparisonService.ts(113,1): error TS1131: Property or signature expected.
services/playerComparisonService.ts(328,5): error TS1109: Expression expected.
services/playerComparisonService.ts(763,1): error TS1434: Unexpected keyword or identifier.
services/playerComparisonService.ts(763,8): error TS1434: Unexpected keyword or identifier.
services/playerComparisonService.ts(764,1): error TS1005: '}' expected.
services/playerCorrelationOptimizationEngine.ts(56,1): error TS1131: Property or signature expected.
services/playerCorrelationOptimizationEngine.ts(93,1): error TS1131: Property or signature expected.
services/playerCorrelationOptimizationEngine.ts(114,1): error TS1131: Property or signature expected.
services/playerCorrelationOptimizationEngine.ts(128,1): error TS1131: Property or signature expected.
services/playerCorrelationOptimizationEngine.ts(148,1): error TS1131: Property or signature expected.
services/playerCorrelationOptimizationEngine.ts(173,1): error TS1131: Property or signature expected.
services/playerCorrelationOptimizationEngine.ts(1043,1): error TS1005: '}' expected.
services/playerResearchService.ts(22,1): error TS1131: Property or signature expected.
services/playerResearchService.ts(37,1): error TS1131: Property or signature expected.
services/playerResearchService.ts(52,1): error TS1131: Property or signature expected.
services/playerResearchService.ts(58,1): error TS1131: Property or signature expected.
services/playerResearchService.ts(74,1): error TS1131: Property or signature expected.
services/playerResearchService.ts(86,1): error TS1131: Property or signature expected.
services/playerResearchService.ts(113,1): error TS1131: Property or signature expected.
services/playerResearchService.ts(119,1): error TS1131: Property or signature expected.
services/playerResearchService.ts(660,1): error TS1434: Unexpected keyword or identifier.
services/playerResearchService.ts(660,8): error TS1434: Unexpected keyword or identifier.
services/playerResearchService.ts(661,1): error TS1005: '}' expected.
services/premiumFeatureService.ts(35,1): error TS1357: An enum member name must be followed by a ',', '=', or '}'.
services/premiumFeatureService.ts(35,8): error TS1357: An enum member name must be followed by a ',', '=', or '}'.
services/premiumFeatureService.ts(35,14): error TS1357: An enum member name must be followed by a ',', '=', or '}'.
services/premiumFeatureService.ts(109,2): error TS1357: An enum member name must be followed by a ',', '=', or '}'.
services/premiumFeatureService.ts(111,8): error TS1357: An enum member name must be followed by a ',', '=', or '}'.
services/premiumFeatureService.ts(111,13): error TS1357: An enum member name must be followed by a ',', '=', or '}'.
services/premiumFeatureService.ts(111,33): error TS1357: An enum member name must be followed by a ',', '=', or '}'.
services/premiumFeatureService.ts(111,40): error TS1357: An enum member name must be followed by a ',', '=', or '}'.
services/premiumFeatureService.ts(111,48): error TS1357: An enum member name must be followed by a ',', '=', or '}'.
services/premiumFeatureService.ts(113,8): error TS1357: An enum member name must be followed by a ',', '=', or '}'.
services/premiumFeatureService.ts(113,18): error TS1357: An enum member name must be followed by a ',', '=', or '}'.
services/premiumFeatureService.ts(113,32): error TS1357: An enum member name must be followed by a ',', '=', or '}'.
services/premiumFeatureService.ts(119,21): error TS1109: Expression expected.
services/premiumFeatureService.ts(329,1): error TS1068: Unexpected token. A constructor, method, accessor, or property was expected.
services/productionOraclePredictionService.ts(33,1): error TS1131: Property or signature expected.
services/productionOraclePredictionService.ts(40,1): error TS1131: Property or signature expected.
services/productionOraclePredictionService.ts(48,1): error TS1131: Property or signature expected.
services/productionOraclePredictionService.ts(610,1): error TS1434: Unexpected keyword or identifier.
services/productionOraclePredictionService.ts(610,8): error TS1434: Unexpected keyword or identifier.
services/productionOraclePredictionService.ts(611,1): error TS1005: '}' expected.
services/productionSportsDataServiceSecure.ts(36,1): error TS1131: Property or signature expected.
services/productionSportsDataServiceSecure.ts(46,1): error TS1131: Property or signature expected.
services/productionSportsDataServiceSecure.ts(57,1): error TS1131: Property or signature expected.
services/productionSportsDataServiceSecure.ts(66,1): error TS1131: Property or signature expected.
services/productionSportsDataServiceSecure.ts(96,1): error TS1131: Property or signature expected.
services/productionSportsDataServiceSecure.ts(106,1): error TS1131: Property or signature expected.
services/productionSportsDataServiceSecure.ts(347,1): error TS1434: Unexpected keyword or identifier.
services/productionSportsDataServiceSecure.ts(347,8): error TS1434: Unexpected keyword or identifier.
services/productionSportsDataServiceSecure.ts(347,50): error TS1005: '}' expected.
services/pushNotificationService.ts(408,1): error TS1434: Unexpected keyword or identifier.
services/pushNotificationService.ts(408,8): error TS1434: Unexpected keyword or identifier.
services/pushNotificationService.ts(408,40): error TS1005: '}' expected.
services/rbacService.ts(15,1): error TS1357: An enum member name must be followed by a ',', '=', or '}'.
services/rbacService.ts(15,8): error TS1357: An enum member name must be followed by a ',', '=', or '}'.
services/rbacService.ts(15,13): error TS1357: An enum member name must be followed by a ',', '=', or '}'.
services/rbacService.ts(15,24): error TS1357: An enum member name must be followed by a ',', '=', or '}'.
services/rbacService.ts(353,1): error TS1434: Unexpected keyword or identifier.
services/rbacService.ts(353,8): error TS1434: Unexpected keyword or identifier.
services/rbacService.ts(356,1): error TS1068: Unexpected token. A constructor, method, accessor, or property was expected.
services/rbacService.ts(358,1): error TS1005: '}' expected.
services/realTimeDataService.ts(22,1): error TS1131: Property or signature expected.
services/realTimeDataService.ts(32,1): error TS1131: Property or signature expected.
services/realTimeDataService.ts(42,1): error TS1131: Property or signature expected.
services/realTimeDataService.ts(49,52): error TS1128: Declaration or statement expected.
services/realTimeDataService.ts(473,1): error TS1434: Unexpected keyword or identifier.
services/realTimeDataService.ts(473,8): error TS1434: Unexpected keyword or identifier.
services/realTimeDataService.ts(474,1): error TS1005: '}' expected.
services/realTimeDataServiceV2.ts(20,1): error TS1131: Property or signature expected.
services/realTimeDataServiceV2.ts(30,1): error TS1131: Property or signature expected.
services/realTimeDataServiceV2.ts(40,1): error TS1131: Property or signature expected.
services/realTimeDataServiceV2.ts(47,52): error TS1128: Declaration or statement expected.
services/realTimeDataServiceV2.ts(464,1): error TS1434: Unexpected keyword or identifier.
services/realTimeDataServiceV2.ts(464,8): error TS1434: Unexpected keyword or identifier.
services/realTimeDataServiceV2.ts(465,1): error TS1005: '}' expected.
services/realTimeDraftService.ts(44,1): error TS1131: Property or signature expected.
services/realTimeDraftService.ts(50,1): error TS1131: Property or signature expected.
services/realTimeDraftService.ts(517,1): error TS1434: Unexpected keyword or identifier.
services/realTimeDraftService.ts(517,8): error TS1434: Unexpected keyword or identifier.
services/realTimeDraftService.ts(518,1): error TS1005: '}' expected.
services/realtimeNotificationService.ts(19,46): error TS1128: Declaration or statement expected.
services/realtimeNotificationService.ts(28,1): error TS1131: Property or signature expected.
services/realtimeNotificationService.ts(664,1): error TS1068: Unexpected token. A constructor, method, accessor, or property was expected.
services/realTimeStrategyAdjustmentService.ts(23,1): error TS1131: Property or signature expected.
services/realTimeStrategyAdjustmentService.ts(31,1): error TS1131: Property or signature expected.
services/realTimeStrategyAdjustmentService.ts(52,1): error TS1131: Property or signature expected.
services/realTimeStrategyAdjustmentService.ts(65,1): error TS1131: Property or signature expected.
services/realTimeStrategyAdjustmentService.ts(636,1): error TS1434: Unexpected keyword or identifier.
services/realTimeStrategyAdjustmentService.ts(636,8): error TS1434: Unexpected keyword or identifier.
services/realTimeStrategyAdjustmentService.ts(637,1): error TS1005: '}' expected.
services/seasonalTrendsAnalysisService.ts(23,1): error TS1131: Property or signature expected.
services/seasonalTrendsAnalysisService.ts(58,1): error TS1131: Property or signature expected.
services/seasonalTrendsAnalysisService.ts(540,1): error TS1434: Unexpected keyword or identifier.
services/seasonalTrendsAnalysisService.ts(540,8): error TS1434: Unexpected keyword or identifier.
services/seasonalTrendsAnalysisService.ts(541,1): error TS1005: '}' expected.
services/seasonContestService.ts(41,1): error TS1131: Property or signature expected.
services/seasonContestService.ts(59,1): error TS1131: Property or signature expected.
services/seasonContestService.ts(67,1): error TS1131: Property or signature expected.
services/seasonContestService.ts(76,1): error TS1131: Property or signature expected.
services/seasonContestService.ts(100,1): error TS1131: Property or signature expected.
services/seasonContestService.ts(108,1): error TS1131: Property or signature expected.
services/seasonContestService.ts(117,1): error TS1131: Property or signature expected.
services/seasonContestService.ts(125,1): error TS1131: Property or signature expected.
services/seasonContestService.ts(150,1): error TS1131: Property or signature expected.
services/seasonContestService.ts(164,1): error TS1131: Property or signature expected.
services/seasonContestService.ts(172,1): error TS1131: Property or signature expected.
services/seasonContestService.ts(176,1): error TS1131: Property or signature expected.
services/seasonContestService.ts(185,1): error TS1131: Property or signature expected.
services/seasonContestService.ts(193,1): error TS1131: Property or signature expected.
services/seasonContestService.ts(202,1): error TS1131: Property or signature expected.
services/seasonContestService.ts(209,1): error TS1131: Property or signature expected.
services/seasonContestService.ts(216,1): error TS1131: Property or signature expected.
services/seasonContestService.ts(222,1): error TS1131: Property or signature expected.
services/seasonContestService.ts(229,1): error TS1131: Property or signature expected.
services/seasonContestService.ts(241,1): error TS1131: Property or signature expected.
services/seasonContestService.ts(248,1): error TS1131: Property or signature expected.
services/seasonContestService.ts(256,1): error TS1131: Property or signature expected.
services/seasonContestService.ts(282,1): error TS1131: Property or signature expected.
services/seasonContestService.ts(1218,1): error TS1434: Unexpected keyword or identifier.
services/seasonContestService.ts(1218,8): error TS1434: Unexpected keyword or identifier.
services/seasonContestService.ts(1219,1): error TS1005: '}' expected.
services/seasonSyncService.ts(35,1): error TS1131: Property or signature expected.
services/seasonSyncService.ts(301,1): error TS1005: '}' expected.
services/socialInteractionService.ts(22,1): error TS1131: Property or signature expected.
services/socialInteractionService.ts(29,1): error TS1131: Property or signature expected.
services/socialInteractionService.ts(38,1): error TS1131: Property or signature expected.
services/socialInteractionService.ts(56,1): error TS1131: Property or signature expected.
services/socialInteractionService.ts(63,23): error TS1128: Declaration or statement expected.
services/socialInteractionService.ts(82,1): error TS1131: Property or signature expected.
services/socialInteractionService.ts(130,1): error TS1131: Property or signature expected.
services/socialInteractionService.ts(150,1): error TS1131: Property or signature expected.
services/socialInteractionService.ts(197,1): error TS1131: Property or signature expected.
services/socialInteractionService.ts(696,1): error TS1005: '}' expected.
services/tradeAnalysisEngine.ts(60,1): error TS1131: Property or signature expected.
services/tradeAnalysisEngine.ts(69,1): error TS1131: Property or signature expected.
services/tradeAnalysisEngine.ts(76,1): error TS1131: Property or signature expected.
services/tradeAnalysisEngine.ts(82,1): error TS1131: Property or signature expected.
services/tradeAnalysisEngine.ts(89,1): error TS1131: Property or signature expected.
services/tradeAnalysisEngine.ts(95,1): error TS1131: Property or signature expected.
services/tradeAnalysisEngine.ts(101,1): error TS1131: Property or signature expected.
services/tradeAnalysisEngine.ts(107,1): error TS1131: Property or signature expected.
services/tradeAnalysisEngine.ts(113,1): error TS1131: Property or signature expected.
services/tradeAnalysisEngine.ts(119,1): error TS1131: Property or signature expected.
services/tradeAnalysisEngine.ts(780,1): error TS1068: Unexpected token. A constructor, method, accessor, or property was expected.
services/tradeAnalysisService.ts(28,1): error TS1131: Property or signature expected.
services/tradeAnalysisService.ts(43,1): error TS1131: Property or signature expected.
services/tradeAnalysisService.ts(59,1): error TS1131: Property or signature expected.
services/tradeAnalysisService.ts(76,1): error TS1131: Property or signature expected.
services/tradeAnalysisService.ts(91,1): error TS1131: Property or signature expected.
services/tradeAnalysisService.ts(115,1): error TS1131: Property or signature expected.
services/tradeAnalysisService.ts(124,1): error TS1131: Property or signature expected.
services/tradeAnalysisService.ts(131,1): error TS1131: Property or signature expected.
services/tradeAnalysisService.ts(137,1): error TS1131: Property or signature expected.
services/tradeAnalysisService.ts(162,1): error TS1131: Property or signature expected.
services/tradeAnalysisService.ts(1084,1): error TS1434: Unexpected keyword or identifier.
services/tradeAnalysisService.ts(1084,8): error TS1434: Unexpected keyword or identifier.
services/tradeAnalysisService.ts(1085,1): error TS1005: '}' expected.
services/waiverWireAnalyzer.ts(27,1): error TS1131: Property or signature expected.
services/waiverWireAnalyzer.ts(36,1): error TS1131: Property or signature expected.
services/waiverWireAnalyzer.ts(46,1): error TS1131: Property or signature expected.
services/waiverWireAnalyzer.ts(55,1): error TS1131: Property or signature expected.
services/waiverWireAnalyzer.ts(64,1): error TS1131: Property or signature expected.
services/waiverWireAnalyzer.ts(73,1): error TS1131: Property or signature expected.
services/waiverWireAnalyzer.ts(80,1): error TS1131: Property or signature expected.
services/waiverWireAnalyzer.ts(87,1): error TS1131: Property or signature expected.
services/waiverWireAnalyzer.ts(94,1): error TS1131: Property or signature expected.
services/waiverWireAnalyzer.ts(101,1): error TS1131: Property or signature expected.
services/waiverWireAnalyzer.ts(108,1): error TS1131: Property or signature expected.
services/waiverWireAnalyzer.ts(116,1): error TS1131: Property or signature expected.
services/waiverWireAnalyzer.ts(123,1): error TS1131: Property or signature expected.
services/waiverWireAnalyzer.ts(130,1): error TS1131: Property or signature expected.
services/waiverWireAnalyzer.ts(137,1): error TS1131: Property or signature expected.
services/waiverWireAnalyzer.ts(144,1): error TS1131: Property or signature expected.
services/waiverWireAnalyzer.ts(156,1): error TS1131: Property or signature expected.
services/waiverWireAnalyzer.ts(166,1): error TS1131: Property or signature expected.
services/waiverWireAnalyzer.ts(173,1): error TS1131: Property or signature expected.
services/waiverWireAnalyzer.ts(180,1): error TS1131: Property or signature expected.
services/waiverWireAnalyzer.ts(189,1): error TS1131: Property or signature expected.
services/waiverWireAnalyzer.ts(198,1): error TS1131: Property or signature expected.
services/waiverWireAnalyzer.ts(207,1): error TS1131: Property or signature expected.
services/waiverWireAnalyzer.ts(854,1): error TS1434: Unexpected keyword or identifier.
services/waiverWireAnalyzer.ts(854,8): error TS1434: Unexpected keyword or identifier.
services/waiverWireAnalyzer.ts(855,1): error TS1005: '}' expected.
services/waiverWireEngine.ts(494,1): error TS1068: Unexpected token. A constructor, method, accessor, or property was expected.
services/waiverWireEngine.ts(503,1): error TS1131: Property or signature expected.
services/waiverWireEngine.ts(521,1): error TS1131: Property or signature expected.
services/waiverWireEngine.ts(528,1): error TS1131: Property or signature expected.
services/waiverWireEngine.ts(534,1): error TS1131: Property or signature expected.
services/waiverWireEngine.ts(544,1): error TS1131: Property or signature expected.
services/waiverWireEngine.ts(544,100): error TS1128: Declaration or statement expected.
services/waiverWireEngine.ts(547,56): error TS1128: Declaration or statement expected.
services/websocketService.ts(494,5): error TS1359: Identifier expected. 'typeof' is a reserved word that cannot be used here.
services/websocketService.ts(494,19): error TS1005: ',' expected.
services/websocketService.ts(494,34): error TS1005: ';' expected.
services/websocketService.ts(508,33): error TS1005: '}' expected.
test-index.tsx(40,1): error TS1005: '}' expected.
types/index.ts(32,1): error TS1131: Property or signature expected.
types/index.ts(62,1): error TS1131: Property or signature expected.
types/index.ts(79,1): error TS1131: Property or signature expected.
types/index.ts(87,1): error TS1131: Property or signature expected.
types/index.ts(103,1): error TS1131: Property or signature expected.
types/index.ts(142,1): error TS1131: Property or signature expected.
types/index.ts(155,1): error TS1131: Property or signature expected.
types/index.ts(163,1): error TS1131: Property or signature expected.
types/index.ts(170,1): error TS1131: Property or signature expected.
types/index.ts(177,1): error TS1131: Property or signature expected.
types/index.ts(184,1): error TS1131: Property or signature expected.
types/index.ts(191,1): error TS1131: Property or signature expected.
types/index.ts(201,1): error TS1131: Property or signature expected.
types/index.ts(211,1): error TS1131: Property or signature expected.
types/index.ts(221,1): error TS1131: Property or signature expected.
types/index.ts(235,1): error TS1131: Property or signature expected.
types/index.ts(246,1): error TS1131: Property or signature expected.
types/index.ts(257,1): error TS1131: Property or signature expected.
types/index.ts(270,1): error TS1131: Property or signature expected.
types/index.ts(277,1): error TS1131: Property or signature expected.
utils/accessibility.ts(272,1): error TS1005: '}' expected.
utils/bundleAnalyzer.ts(29,1): error TS1131: Property or signature expected.
utils/bundleAnalyzer.ts(472,1): error TS1434: Unexpected keyword or identifier.
utils/bundleAnalyzer.ts(472,8): error TS1434: Unexpected keyword or identifier.
utils/bundleAnalyzer.ts(472,31): error TS1005: '}' expected.
utils/extensionEnhancementFramework.ts(83,7): error TS1005: 'try' expected.
utils/extensionEnhancementFramework.ts(99,7): error TS1005: 'try' expected.
utils/extensionEnhancementFramework.ts(115,7): error TS1005: 'try' expected.
utils/extensionEnhancementFramework.ts(194,1): error TS1068: Unexpected token. A constructor, method, accessor, or property was expected.
utils/extensionEnhancementFramework.ts(293,1): error TS1068: Unexpected token. A constructor, method, accessor, or property was expected.
utils/extensionEnhancementFramework.ts(411,1): error TS1068: Unexpected token. A constructor, method, accessor, or property was expected.
utils/extensionEnhancementFramework.ts(554,1): error TS1068: Unexpected token. A constructor, method, accessor, or property was expected.
utils/extensionEnhancementFramework.ts(650,1): error TS1068: Unexpected token. A constructor, method, accessor, or property was expected.
utils/extensionEnhancementFramework.ts(767,7): error TS1005: 'try' expected.
utils/extensionEnhancementFramework.ts(785,5): error TS1359: Identifier expected. 'typeof' is a reserved word that cannot be used here.
utils/extensionEnhancementFramework.ts(785,19): error TS1005: ',' expected.
utils/extensionEnhancementFramework.ts(785,34): error TS1005: ';' expected.
utils/extensionEnhancementFramework.ts(789,1): error TS1005: '}' expected.
utils/finalSystemIntegrator.ts(88,7): error TS1005: 'try' expected.
utils/finalSystemIntegrator.ts(308,78): error TS1005: ';' expected.
utils/finalSystemIntegrator.ts(311,5): error TS1472: 'catch' or 'finally' expected.
utils/finalSystemIntegrator.ts(379,1): error TS1434: Unexpected keyword or identifier.
utils/finalSystemIntegrator.ts(379,8): error TS1434: Unexpected keyword or identifier.
utils/finalSystemIntegrator.ts(379,38): error TS1005: '}' expected.
utils/imageOptimization.ts(21,7): error TS1005: ';' expected.
utils/imageOptimization.ts(31,1): error TS1131: Property or signature expected.
utils/imageOptimization.ts(79,1): error TS1131: Property or signature expected.
utils/imageOptimization.ts(251,1): error TS1068: Unexpected token. A constructor, method, accessor, or property was expected.
utils/imageOptimization.ts(366,12): error TS1005: '}' expected.
utils/keyboardNavigation.ts(18,1): error TS1131: Property or signature expected.
utils/lazyLoading.tsx(13,1): error TS1131: Property or signature expected.
utils/lazyLoading.tsx(295,1): error TS1434: Unexpected keyword or identifier.
utils/lazyLoading.tsx(295,8): error TS1434: Unexpected keyword or identifier.
utils/lazyLoading.tsx(296,1): error TS1005: '}' expected.
utils/memoryCleanup.ts(192,11): error TS1005: ',' expected.
utils/memoryCleanup.ts(193,9): error TS1005: ',' expected.
utils/memoryCleanup.ts(194,13): error TS1005: ',' expected.
utils/memoryCleanup.ts(195,13): error TS1109: Expression expected.
utils/memoryCleanup.ts(196,5): error TS1005: ';' expected.
utils/memoryCleanup.ts(218,108): error TS1005: '?' expected.
utils/memoryCleanup.ts(219,13): error TS1005: ',' expected.
utils/memoryCleanup.ts(220,4): error TS1005: ';' expected.
utils/memoryCleanup.ts(220,6): error TS1434: Unexpected keyword or identifier.
utils/memoryCleanup.ts(228,30): error TS1005: ',' expected.
utils/memoryCleanup.ts(228,112): error TS1005: ';' expected.
utils/memoryCleanup.ts(238,26): error TS1005: ';' expected.
utils/memoryCleanup.ts(238,28): error TS1434: Unexpected keyword or identifier.
utils/memoryCleanup.ts(247,27): error TS1005: ',' expected.
utils/memoryCleanup.ts(247,39): error TS1109: Expression expected.
utils/memoryCleanup.ts(247,41): error TS1005: ';' expected.
utils/memoryCleanup.ts(254,13): error TS1005: ';' expected.
utils/memoryCleanup.ts(303,20): error TS1005: ';' expected.
utils/memoryCleanup.ts(322,16): error TS1005: ';' expected.
utils/memoryCleanup.ts(322,18): error TS1434: Unexpected keyword or identifier.
utils/memoryCleanup.ts(445,5): error TS1359: Identifier expected. 'typeof' is a reserved word that cannot be used here.
utils/memoryCleanup.ts(445,19): error TS1005: ',' expected.
utils/memoryCleanup.ts(445,34): error TS1005: ';' expected.
utils/memoryCleanup.ts(461,1): error TS1005: '}' expected.
utils/memoryLeakTester.ts(524,35): error TS1005: '}' expected.
utils/mobileCSSOptimizer.ts(14,1): error TS1131: Property or signature expected.
utils/mobileCSSOptimizer.ts(164,1): error TS1434: Unexpected keyword or identifier.
utils/mobileCSSOptimizer.ts(164,8): error TS1434: Unexpected keyword or identifier.
utils/mobileCSSOptimizer.ts(165,1): error TS1005: '}' expected.
utils/mobileFormEnhancement.ts(14,1): error TS1131: Property or signature expected.
utils/mobileFormEnhancement.ts(262,1): error TS1005: '}' expected.
utils/mobileLazyLoader.ts(34,3): error TS1005: ',' expected.
utils/mobileLazyLoader.ts(34,4): error TS1128: Declaration or statement expected.
utils/mobileLazyLoader.ts(34,6): error TS1434: Unexpected keyword or identifier.
utils/mobileLazyLoader.ts(34,15): error TS1128: Declaration or statement expected.
utils/mobileLazyLoader.ts(38,5): error TS1005: ',' expected.
utils/mobileLazyLoader.ts(38,6): error TS1128: Declaration or statement expected.
utils/mobileLazyLoader.ts(38,55): error TS1005: ';' expected.
utils/mobileLazyLoader.ts(45,3): error TS1128: Declaration or statement expected.
utils/mobileLazyLoader.ts(45,4): error TS1128: Declaration or statement expected.
utils/mobileLazyLoader.ts(127,59): error TS1005: ';' expected.
utils/mobileLazyLoader.ts(129,3): error TS1472: 'catch' or 'finally' expected.
utils/mobileLazyLoader.ts(144,1): error TS1068: Unexpected token. A constructor, method, accessor, or property was expected.
utils/mobileLazyLoader.ts(144,56): error TS1144: '{' or ';' expected.
utils/mobileLazyLoader.ts(144,59): error TS1005: '=>' expected.
utils/mobileLazyLoader.ts(244,1): error TS1068: Unexpected token. A constructor, method, accessor, or property was expected.
utils/mobileLazyLoader.ts(246,1): error TS1005: '}' expected.
utils/mobilePerformanceMonitor.ts(16,1): error TS1131: Property or signature expected.
utils/mobilePerformanceMonitor.ts(223,20): error TS1005: ';' expected.
utils/mobilePerformanceMonitor.ts(226,5): error TS1472: 'catch' or 'finally' expected.
utils/mobilePerformanceMonitor.ts(280,7): error TS1005: 'try' expected.
utils/mobilePerformanceMonitor.ts(368,1): error TS1434: Unexpected keyword or identifier.
utils/mobilePerformanceMonitor.ts(368,8): error TS1434: Unexpected keyword or identifier.
utils/mobilePerformanceMonitor.ts(369,1): error TS1005: '}' expected.
utils/mobilePerformanceOptimizations.ts(29,1): error TS1131: Property or signature expected.
utils/mobilePerformanceOptimizations.ts(83,1): error TS1068: Unexpected token. A constructor, method, accessor, or property was expected.
utils/mobilePerformanceOptimizations.ts(155,1): error TS1068: Unexpected token. A constructor, method, accessor, or property was expected.
utils/mobilePerformanceOptimizations.ts(245,1): error TS1068: Unexpected token. A constructor, method, accessor, or property was expected.
utils/mobilePerformanceOptimizations.ts(349,1): error TS1068: Unexpected token. A constructor, method, accessor, or property was expected.
utils/mobilePerformanceOptimizations.ts(430,1): error TS1068: Unexpected token. A constructor, method, accessor, or property was expected.
utils/mobilePerformanceOptimizations.ts(556,72): error TS1005: '}' expected.
utils/mobileTestingSuite.ts(20,1): error TS1131: Property or signature expected.
utils/mobileTestingSuite.ts(411,1): error TS1434: Unexpected keyword or identifier.
utils/mobileTestingSuite.ts(411,8): error TS1434: Unexpected keyword or identifier.
utils/mobileTestingSuite.ts(412,1): error TS1005: '}' expected.
utils/notifications.ts(24,1): error TS1005: '}' expected.
utils/passwordUpdateUtility.ts(160,1): error TS1434: Unexpected keyword or identifier.
utils/passwordUpdateUtility.ts(160,8): error TS1434: Unexpected keyword or identifier.
utils/passwordUpdateUtility.ts(160,38): error TS1005: '}' expected.
utils/performanceOptimization.ts(79,1): error TS1068: Unexpected token. A constructor, method, accessor, or property was expected.
utils/performanceOptimization.ts(303,5): error TS1003: Identifier expected.
utils/performanceOptimization.ts(303,6): error TS1138: Parameter declaration expected.
utils/performanceOptimization.ts(303,39): error TS1005: ';' expected.
utils/performanceOptimization.ts(383,3): error TS1005: '}' expected.
utils/performanceOptimizer.ts(415,53): error TS1005: ';' expected.
utils/performanceOptimizer.ts(420,1): error TS1434: Unexpected keyword or identifier.
utils/performanceOptimizer.ts(420,8): error TS1434: Unexpected keyword or identifier.
utils/performanceOptimizer.ts(420,37): error TS1005: '}' expected.
utils/preloadManager.ts(124,35): error TS1005: ';' expected.
utils/preloadManager.ts(340,1): error TS1434: Unexpected keyword or identifier.
utils/preloadManager.ts(340,8): error TS1434: Unexpected keyword or identifier.
utils/preloadManager.ts(340,31): error TS1005: '}' expected.
utils/pwa.ts(19,1): error TS1131: Property or signature expected.
utils/pwa.ts(74,7): error TS1005: 'try' expected.
utils/pwa.ts(167,7): error TS1005: 'try' expected.
utils/pwa.ts(288,7): error TS1005: 'try' expected.
utils/pwa.ts(332,7): error TS1005: 'try' expected.
utils/runMobileTests.ts(69,1): error TS1005: '}' expected.
utils/stats.ts(13,1): error TS1131: Property or signature expected.
utils/story.ts(11,1): error TS1131: Property or signature expected.
utils/story.ts(69,1): error TS1005: '}' expected.
views/AnalyticsHubView.tsx(183,1): error TS1005: '}' expected.
views/AssistantView.tsx(66,11): error TS1005: 'try' expected.
views/AssistantView.tsx(154,30): error TS1005: '}' expected.
views/AuthView.tsx(34,55): error TS1005: ',' expected.
views/AuthView.tsx(34,56): error TS1005: ',' expected.
views/AuthView.tsx(93,18): error TS1005: ',' expected.
views/AuthView.tsx(101,18): error TS1005: ',' expected.
views/AuthView.tsx(105,11): error TS1005: 'try' expected.
views/AuthView.tsx(125,7): error TS1005: 'try' expected.
views/AuthView.tsx(130,25): error TS1109: Expression expected.
views/AuthView.tsx(132,25): error TS1109: Expression expected.
views/AuthView.tsx(135,64): error TS1003: Identifier expected.
views/AuthView.tsx(313,1): error TS1160: Unterminated template literal.
views/AutoDraftView.tsx(53,3): error TS1005: ',' expected.
views/AutoDraftView.tsx(89,69): error TS1003: Identifier expected.
views/AutoDraftView.tsx(89,70): error TS1002: Unterminated string literal.
views/AutoDraftView.tsx(90,15): error TS1382: Unexpected token. Did you mean `{'>'}` or `&gt;`?
views/AutoDraftView.tsx(93,17): error TS17002: Expected corresponding JSX closing tag for 'div'.
views/AutoDraftView.tsx(99,7): error TS1005: ')' expected.
views/AutoDraftView.tsx(158,41): error TS1003: Identifier expected.
views/AutoDraftView.tsx(158,42): error TS1002: Unterminated string literal.
views/AutoDraftView.tsx(159,15): error TS1382: Unexpected token. Did you mean `{'>'}` or `&gt;`?
views/AutoDraftView.tsx(162,17): error TS17002: Expected corresponding JSX closing tag for 'div'.
views/AutoDraftView.tsx(165,9): error TS1005: ')' expected.
views/AutoDraftView.tsx(166,7): error TS1109: Expression expected.
views/AutoDraftView.tsx(166,8): error TS1128: Declaration or statement expected.
views/AutoDraftView.tsx(214,57): error TS1003: Identifier expected.
views/AutoDraftView.tsx(214,58): error TS1002: Unterminated string literal.
views/AutoDraftView.tsx(215,15): error TS1382: Unexpected token. Did you mean `{'>'}` or `&gt;`?
views/AutoDraftView.tsx(217,17): error TS17002: Expected corresponding JSX closing tag for 'div'.
views/AutoDraftView.tsx(220,57): error TS1003: Identifier expected.
views/AutoDraftView.tsx(220,58): error TS1002: Unterminated string literal.
views/AutoDraftView.tsx(221,15): error TS1382: Unexpected token. Did you mean `{'>'}` or `&gt;`?
views/AutoDraftView.tsx(223,17): error TS17002: Expected corresponding JSX closing tag for 'div'.
views/AutoDraftView.tsx(225,11): error TS1005: ')' expected.
views/AutoDraftView.tsx(226,9): error TS1109: Expression expected.
views/AutoDraftView.tsx(227,7): error TS1109: Expression expected.
views/AutoDraftView.tsx(228,5): error TS1128: Declaration or statement expected.
views/AutoDraftView.tsx(229,3): error TS1109: Expression expected.
views/AutoDraftView.tsx(230,1): error TS1128: Declaration or statement expected.
views/BeatTheOracleView.tsx(59,9): error TS1005: ',' expected.
views/BeatTheOracleView.tsx(59,10): error TS1005: ',' expected.
views/BeatTheOracleView.tsx(59,11): error TS1472: 'catch' or 'finally' expected.
views/BeatTheOracleView.tsx(61,7): error TS1005: ',' expected.
views/BeatTheOracleView.tsx(250,14): error TS1005: ',' expected.
views/BeatTheOracleView.tsx(269,11): error TS1005: ',' expected.
views/BeatTheOracleView.tsx(272,5): error TS1128: Declaration or statement expected.
views/BeatTheOracleView.tsx(499,30): error TS17008: JSX element 'Widget' has no corresponding closing tag.
views/BeatTheOracleView.tsx(548,23): error TS17002: Expected corresponding JSX closing tag for 'div'.
views/BeatTheOracleView.tsx(593,23): error TS17015: Expected corresponding closing tag for JSX fragment.
views/BeatTheOracleView.tsx(593,26): error TS1382: Unexpected token. Did you mean `{'>'}` or `&gt;`?
views/BeatTheOracleView.tsx(595,17): error TS1005: ')' expected.
views/BeatTheOracleView.tsx(595,19): error TS1109: Expression expected.
views/BeatTheOracleView.tsx(596,13): error TS1109: Expression expected.
views/BeatTheOracleView.tsx(596,15): error TS1128: Declaration or statement expected.
views/BeatTheOracleView.tsx(596,21): error TS1128: Declaration or statement expected.
views/BeatTheOracleView.tsx(716,9): error TS1128: Declaration or statement expected.
views/BeatTheOracleView.tsx(717,5): error TS1109: Expression expected.
views/BeatTheOracleView.tsx(718,1): error TS1128: Declaration or statement expected.
views/ChampionshipOddsView.tsx(34,18): error TS1128: Declaration or statement expected.
views/ChampionshipOddsView.tsx(37,6): error TS1128: Declaration or statement expected.
views/ChampionshipOddsView.tsx(37,26): error TS1005: ';' expected.
views/ChampionshipOddsView.tsx(111,1): error TS1005: '}' expected.
views/CommissionerToolsView.tsx(63,9): error TS2657: JSX expressions must have one parent element.
views/CommissionerToolsView.tsx(68,29): error TS1003: Identifier expected.
views/CommissionerToolsView.tsx(70,27): error TS17002: Expected corresponding JSX closing tag for 'div'.
views/CommissionerToolsView.tsx(72,29): error TS1003: Identifier expected.
views/CommissionerToolsView.tsx(74,27): error TS17002: Expected corresponding JSX closing tag for 'Widget'.
views/CommissionerToolsView.tsx(76,19): error TS17002: Expected corresponding JSX closing tag for 'div'.
views/CommissionerToolsView.tsx(91,111): error TS1005: '}' expected.
views/CommissionerToolsView.tsx(102,13): error TS1005: ')' expected.
views/CommissionerToolsView.tsx(110,104): error TS1005: '}' expected.
views/CommissionerToolsView.tsx(124,18): error TS17008: JSX element 'Widget' has no corresponding closing tag.
views/CommissionerToolsView.tsx(127,29): error TS1003: Identifier expected.
views/CommissionerToolsView.tsx(129,27): error TS17002: Expected corresponding JSX closing tag for 'div'.
views/CommissionerToolsView.tsx(131,17): error TS1128: Declaration or statement expected.
views/CommissionerToolsView.tsx(138,56): error TS1005: '...' expected.
views/CommissionerToolsView.tsx(139,29): error TS1003: Identifier expected.
views/CommissionerToolsView.tsx(139,31): error TS17002: Expected corresponding JSX closing tag for 'div'.
views/CommissionerToolsView.tsx(150,23): error TS17002: Expected corresponding JSX closing tag for 'Widget'.
views/CommissionerToolsView.tsx(151,17): error TS1128: Declaration or statement expected.
views/CommissionerToolsView.tsx(152,13): error TS1109: Expression expected.
views/CommissionerToolsView.tsx(153,9): error TS1109: Expression expected.
views/CommissionerToolsView.tsx(154,5): error TS1109: Expression expected.
views/CommissionerToolsView.tsx(157,10): error TS17008: JSX element 'div' has no corresponding closing tag.
views/CommissionerToolsView.tsx(174,14): error TS17008: JSX element 'div' has no corresponding closing tag.
views/CommissionerToolsView.tsx(178,95): error TS1003: Identifier expected.
views/CommissionerToolsView.tsx(244,38): error TS1005: '</' expected.
views/CommissionerToolsView.tsx(244,38): error TS1160: Unterminated template literal.
views/CommunicationHubView.tsx(49,3): error TS1005: ',' expected.
views/CommunicationHubView.tsx(317,6): error TS17008: JSX element 'div' has no corresponding closing tag.
views/CommunicationHubView.tsx(324,15): error TS1005: '}' expected.
views/CommunicationHubView.tsx(345,8): error TS17008: JSX element 'div' has no corresponding closing tag.
views/CommunicationHubView.tsx(389,10): error TS17008: JSX element 'div' has no corresponding closing tag.
views/CommunicationHubView.tsx(393,58): error TS1003: Identifier expected.
views/CommunicationHubView.tsx(472,37): error TS1005: '</' expected.
views/CommunicationHubView.tsx(472,37): error TS1160: Unterminated template literal.
views/CustomScoringEditorView.tsx(93,1): error TS1005: '}' expected.
views/DraftRoomView.tsx(73,10): error TS1128: Declaration or statement expected.
views/DraftRoomView.tsx(99,10): error TS17008: JSX element 'div' has no corresponding closing tag.
views/DraftRoomView.tsx(136,14): error TS17008: JSX element 'PanelGroup' has no corresponding closing tag.
views/DraftRoomView.tsx(164,18): error TS17008: JSX element 'Panel' has no corresponding closing tag.
views/DraftRoomView.tsx(165,22): error TS17008: JSX element 'div' has no corresponding closing tag.
views/DraftRoomView.tsx(166,26): error TS17008: JSX element 'div' has no corresponding closing tag.
views/DraftRoomView.tsx(167,31): error TS17008: JSX element 'div' has no corresponding closing tag.
views/DraftRoomView.tsx(171,232): error TS1003: Identifier expected.
views/DraftRoomView.tsx(244,30): error TS1005: '</' expected.
views/DraftRoomView.tsx(244,30): error TS1160: Unterminated template literal.
views/DraftStoryView.tsx(64,7): error TS1005: 'try' expected.
views/DraftStoryView.tsx(71,6): error TS1472: 'catch' or 'finally' expected.
views/DraftStoryView.tsx(71,16): error TS1005: ';' expected.
views/DraftStoryView.tsx(138,31): error TS1005: '}' expected.
views/EditLeagueSettingsView.tsx(53,21): error TS1003: Identifier expected.
views/EditLeagueSettingsView.tsx(112,19): error TS17002: Expected corresponding JSX closing tag for 'main'.
views/EditLeagueSettingsView.tsx(113,15): error TS17002: Expected corresponding JSX closing tag for 'div'.
views/EditLeagueSettingsView.tsx(114,9): error TS1005: ')' expected.
views/EditLeagueSettingsView.tsx(115,5): error TS1109: Expression expected.
views/EditLeagueSettingsView.tsx(116,1): error TS1128: Declaration or statement expected.
views/EditRosterView.tsx(118,1): error TS1005: '}' expected.
views/EnhancedDashboardView.tsx(52,30): error TS1003: Identifier expected.
views/EnhancedDashboardView.tsx(55,34): error TS1005: ';' expected.
views/EnhancedDashboardView.tsx(55,38): error TS1005: ';' expected.
views/EnhancedDashboardView.tsx(55,49): error TS1005: ';' expected.
views/EnhancedDashboardView.tsx(59,38): error TS1005: ';' expected.
views/EnhancedDashboardView.tsx(59,46): error TS1005: ';' expected.
views/EnhancedDashboardView.tsx(60,53): error TS1005: ';' expected.
views/EnhancedDashboardView.tsx(60,57): error TS1005: ';' expected.
views/EnhancedDashboardView.tsx(60,61): error TS1005: ';' expected.
views/EnhancedDashboardView.tsx(93,5): error TS1109: Expression expected.
views/EnhancedDashboardView.tsx(94,9): error TS2657: JSX expressions must have one parent element.
views/EnhancedDashboardView.tsx(100,5): error TS1128: Declaration or statement expected.
views/EnhancedDashboardView.tsx(101,1): error TS1109: Expression expected.
views/EnhancedDashboardView.tsx(128,14): error TS17008: JSX element 'div' has no corresponding closing tag.
views/EnhancedDashboardView.tsx(129,18): error TS17008: JSX element 'MobilePullToRefresh' has no corresponding closing tag.
views/EnhancedDashboardView.tsx(130,22): error TS17008: JSX element 'div' has no corresponding closing tag.
views/EnhancedDashboardView.tsx(167,29): error TS1003: Identifier expected.
views/EnhancedDashboardView.tsx(176,29): error TS1003: Identifier expected.
views/EnhancedDashboardView.tsx(184,29): error TS1003: Identifier expected.
views/EnhancedDashboardView.tsx(184,30): error TS17008: JSX element 'MobileDashboardWidget' has no corresponding closing tag.
views/EnhancedDashboardView.tsx(194,26): error TS17008: JSX element 'div' has no corresponding closing tag.
views/EnhancedDashboardView.tsx(222,31): error TS17002: Expected corresponding JSX closing tag for 'QuickAction'.
views/EnhancedDashboardView.tsx(223,27): error TS17002: Expected corresponding JSX closing tag for 'QuickAction'.
views/EnhancedDashboardView.tsx(303,23): error TS17002: Expected corresponding JSX closing tag for 'QuickAction'.
views/EnhancedDashboardView.tsx(304,19): error TS17002: Expected corresponding JSX closing tag for 'QuickAction'.
views/EnhancedDashboardView.tsx(320,1): error TS1381: Unexpected token. Did you mean `{'}'}` or `&rbrace;`?
views/EnhancedDashboardView.tsx(323,1): error TS1005: '</' expected.
views/EnhancedLeagueExperienceHub.tsx(76,3): error TS1005: ',' expected.
views/EnhancedLeagueExperienceHub.tsx(76,4): error TS1005: ',' expected.
views/EnhancedLeagueExperienceHub.tsx(135,3): error TS1005: ',' expected.
views/EnhancedLeagueExperienceHub.tsx(235,173): error TS1003: Identifier expected.
views/EnhancedLeagueExperienceHub.tsx(382,62): error TS1005: ',' expected.
views/EnhancedLeagueExperienceHub.tsx(383,15): error TS1382: Unexpected token. Did you mean `{'>'}` or `&gt;`?
views/EnhancedLeagueExperienceHub.tsx(398,17): error TS17002: Expected corresponding JSX closing tag for 'div'.
views/EnhancedLeagueExperienceHub.tsx(399,15): error TS1381: Unexpected token. Did you mean `{'}'}` or `&rbrace;`?
views/EnhancedLeagueExperienceHub.tsx(400,13): error TS17002: Expected corresponding JSX closing tag for 'div'.
views/EnhancedLeagueExperienceHub.tsx(409,11): error TS17002: Expected corresponding JSX closing tag for 'div'.
views/EnhancedLeagueExperienceHub.tsx(428,5): error TS1005: ')' expected.
views/EnhancedLeagueExperienceHub.tsx(429,3): error TS1109: Expression expected.
views/EnhancedLeagueExperienceHub.tsx(430,1): error TS1128: Declaration or statement expected.
views/FinanceTrackerView.tsx(97,1): error TS1005: '}' expected.
views/GamedayHostView.tsx(45,6): error TS1128: Declaration or statement expected.
views/GamedayHostView.tsx(45,62): error TS1005: ';' expected.
views/GamedayHostView.tsx(113,1): error TS1005: '}' expected.
views/HistoricalAnalyticsOverview.tsx(102,10): error TS17008: JSX element 'div' has no corresponding closing tag.
views/HistoricalAnalyticsOverview.tsx(184,14): error TS17008: JSX element 'div' has no corresponding closing tag.
views/HistoricalAnalyticsOverview.tsx(185,18): error TS17008: JSX element 'nav' has no corresponding closing tag.
views/HistoricalAnalyticsOverview.tsx(191,76): error TS1003: Identifier expected.
views/HistoricalAnalyticsOverview.tsx(348,59): error TS1005: ';' expected.
views/HistoricalAnalyticsOverview.tsx(348,75): error TS1005: ';' expected.
views/HistoricalAnalyticsOverview.tsx(348,88): error TS1005: ';' expected.
views/HistoricalAnalyticsOverview.tsx(349,65): error TS1005: ';' expected.
views/HistoricalAnalyticsOverview.tsx(349,69): error TS1005: ';' expected.
views/HistoricalAnalyticsOverview.tsx(349,80): error TS1005: ';' expected.
views/HistoricalAnalyticsOverview.tsx(349,91): error TS1005: ';' expected.
views/HistoricalAnalyticsOverview.tsx(356,83): error TS1005: ';' expected.
views/HistoricalAnalyticsOverview.tsx(356,95): error TS1005: ';' expected.
views/HistoricalAnalyticsOverview.tsx(356,108): error TS1005: ';' expected.
views/HistoricalAnalyticsOverview.tsx(356,115): error TS1005: ';' expected.
views/HistoricalAnalyticsOverview.tsx(356,122): error TS1005: ';' expected.
views/HistoricalAnalyticsOverview.tsx(356,135): error TS1005: ';' expected.
views/HistoricalAnalyticsOverview.tsx(356,143): error TS1005: ';' expected.
views/HistoricalAnalyticsOverview.tsx(356,155): error TS1005: ';' expected.
views/HistoricalAnalyticsOverview.tsx(375,79): error TS1005: ';' expected.
views/HistoricalAnalyticsOverview.tsx(375,87): error TS1005: ';' expected.
views/HistoricalAnalyticsOverview.tsx(375,100): error TS1005: ';' expected.
views/HistoricalAnalyticsOverview.tsx(431,44): error TS1005: '</' expected.
views/HistoricalAnalyticsOverview.tsx(431,44): error TS1160: Unterminated template literal.
views/HistoricalAnalyticsView.tsx(61,1): error TS1131: Property or signature expected.
views/HistoricalAnalyticsView.tsx(111,7): error TS1005: 'try' expected.
views/HistoricalAnalyticsView.tsx(431,1): error TS1005: '}' expected.
views/KeeperSelectionView.tsx(36,10): error TS1128: Declaration or statement expected.
views/KeeperSelectionView.tsx(52,10): error TS17008: JSX element 'div' has no corresponding closing tag.
views/KeeperSelectionView.tsx(63,21): error TS1005: '}' expected.
views/KeeperSelectionView.tsx(69,14): error TS17008: JSX element 'main' has no corresponding closing tag.
views/KeeperSelectionView.tsx(101,18): error TS17008: JSX element 'Widget' has no corresponding closing tag.
views/KeeperSelectionView.tsx(106,22): error TS17008: JSX element 'div' has no corresponding closing tag.
views/KeeperSelectionView.tsx(107,26): error TS17008: JSX element 'div' has no corresponding closing tag.
views/KeeperSelectionView.tsx(116,86): error TS1003: Identifier expected.
views/KeeperSelectionView.tsx(128,58): error TS1005: ';' expected.
views/KeeperSelectionView.tsx(128,63): error TS1005: ';' expected.
views/KeeperSelectionView.tsx(128,68): error TS1005: ';' expected.
views/KeeperSelectionView.tsx(128,81): error TS1005: ';' expected.
views/KeeperSelectionView.tsx(128,99): error TS1005: ';' expected.
views/KeeperSelectionView.tsx(128,114): error TS1005: ';' expected.
views/KeeperSelectionView.tsx(128,124): error TS1005: ';' expected.
views/KeeperSelectionView.tsx(129,45): error TS1434: Unexpected keyword or identifier.
views/KeeperSelectionView.tsx(204,36): error TS1005: '</' expected.
views/KeeperSelectionView.tsx(204,36): error TS1160: Unterminated template literal.
views/LeaderboardView.tsx(50,7): error TS1005: 'try' expected.
views/LeaderboardView.tsx(145,5): error TS1005: ',' expected.
views/LeaderboardView.tsx(173,3): error TS1005: ',' expected.
views/LeaderboardView.tsx(206,20): error TS1005: ',' expected.
views/LeaderboardView.tsx(206,29): error TS1005: ',' expected.
views/LeaderboardView.tsx(235,124): error TS1005: ')' expected.
views/LeaderboardView.tsx(246,122): error TS1005: ')' expected.
views/LeaderboardView.tsx(258,102): error TS1005: ')' expected.
views/LeaderboardView.tsx(580,6): error TS17008: JSX element 'div' has no corresponding closing tag.
views/LeaderboardView.tsx(592,8): error TS17008: JSX element 'div' has no corresponding closing tag.
views/LeaderboardView.tsx(597,13): error TS1003: Identifier expected.
views/LeaderboardView.tsx(625,1): error TS1005: '</' expected.
views/LeaderboardView.tsx(625,1): error TS1160: Unterminated template literal.
views/LeagueConstitutionView.tsx(133,21): error TS1005: '}' expected.
views/LeagueConstitutionView.tsx(262,38): error TS1128: Declaration or statement expected.
views/LeagueConstitutionView.tsx(295,39): error TS1005: '}' expected.
views/LeagueHistoryView.tsx(45,41): error TS1005: ',' expected.
views/LeagueHistoryView.tsx(45,98): error TS1005: ')' expected.
views/LeagueHistoryView.tsx(79,34): error TS1005: '}' expected.
views/LeagueNewspaperView.tsx(46,14): error TS1128: Declaration or statement expected.
views/LeagueNewspaperView.tsx(50,6): error TS1128: Declaration or statement expected.
views/LeagueNewspaperView.tsx(50,83): error TS1005: ';' expected.
views/LeagueNewspaperView.tsx(71,25): error TS1003: Identifier expected.
views/LeagueNewspaperView.tsx(74,29): error TS1382: Unexpected token. Did you mean `{'>'}` or `&gt;`?
views/LeagueNewspaperView.tsx(120,1): error TS1005: '}' expected.
views/LeagueRulesView.tsx(93,1): error TS1005: '}' expected.
views/LeagueStatsView.tsx(80,32): error TS1005: '}' expected.
views/LiveDraftRoomView.tsx(41,3): error TS1005: ',' expected.
views/LiveDraftRoomView.tsx(235,1): error TS1005: '}' expected.
views/ManagerView.tsx(31,6): error TS1128: Declaration or statement expected.
views/ManagerView.tsx(31,34): error TS1005: ';' expected.
views/ManagerView.tsx(122,1): error TS1005: '}' expected.
views/ModernAuthView.tsx(55,51): error TS1005: ',' expected.
views/ModernAuthView.tsx(55,52): error TS1005: ',' expected.
views/ModernAuthView.tsx(58,55): error TS1005: ',' expected.
views/ModernAuthView.tsx(58,56): error TS1005: ',' expected.
views/ModernAuthView.tsx(120,16): error TS1005: ',' expected.
views/ModernAuthView.tsx(122,12): error TS1128: Declaration or statement expected.
views/ModernAuthView.tsx(122,18): error TS1005: ';' expected.
views/ModernAuthView.tsx(126,9): error TS1128: Declaration or statement expected.
views/ModernAuthView.tsx(147,16): error TS1005: ',' expected.
views/ModernAuthView.tsx(149,12): error TS1128: Declaration or statement expected.
views/ModernAuthView.tsx(149,18): error TS1005: ';' expected.
views/ModernAuthView.tsx(154,7): error TS1005: 'try' expected.
views/ModernAuthView.tsx(222,13): error TS1003: Identifier expected.
views/ModernAuthView.tsx(230,47): error TS1003: Identifier expected.
views/ModernAuthView.tsx(230,48): error TS1381: Unexpected token. Did you mean `{'}'}` or `&rbrace;`?
views/ModernAuthView.tsx(232,18): error TS1382: Unexpected token. Did you mean `{'>'}` or `&gt;`?
views/ModernAuthView.tsx(254,65): error TS1003: Identifier expected.
views/ModernAuthView.tsx(254,119): error TS1381: Unexpected token. Did you mean `{'}'}` or `&rbrace;`?
views/ModernAuthView.tsx(256,22): error TS1382: Unexpected token. Did you mean `{'>'}` or `&gt;`?
views/ModernAuthView.tsx(274,61): error TS1003: Identifier expected.
views/ModernAuthView.tsx(274,115): error TS1381: Unexpected token. Did you mean `{'}'}` or `&rbrace;`?
views/ModernAuthView.tsx(276,18): error TS1382: Unexpected token. Did you mean `{'>'}` or `&gt;`?
views/ModernAuthView.tsx(304,65): error TS1003: Identifier expected.
views/ModernAuthView.tsx(304,119): error TS1381: Unexpected token. Did you mean `{'}'}` or `&rbrace;`?
views/ModernAuthView.tsx(306,22): error TS1382: Unexpected token. Did you mean `{'>'}` or `&gt;`?
views/ModernAuthView.tsx(332,13): error TS17002: Expected corresponding JSX closing tag for 'motion.div'.
views/ModernAuthView.tsx(342,19): error TS1005: ',' expected.
views/ModernAuthView.tsx(342,94): error TS1005: ')' expected.
views/ModernAuthView.tsx(350,11): error TS17002: Expected corresponding JSX closing tag for 'div'.
views/ModernAuthView.tsx(353,7): error TS1005: ')' expected.
views/ModernAuthView.tsx(411,5): error TS1128: Declaration or statement expected.
views/ModernAuthView.tsx(412,3): error TS1109: Expression expected.
views/ModernAuthView.tsx(413,1): error TS1128: Declaration or statement expected.
views/ModernDashboardView.tsx(185,19): error TS1005: '}' expected.
views/ModernDashboardView.tsx(192,19): error TS1005: '}' expected.
views/PerformanceTrendsView.tsx(67,1): error TS1005: '}' expected.
views/ProjectedStandingsView.tsx(30,18): error TS1128: Declaration or statement expected.
views/ProjectedStandingsView.tsx(36,6): error TS1128: Declaration or statement expected.
views/ProjectedStandingsView.tsx(36,16): error TS1005: ';' expected.
views/ProjectedStandingsView.tsx(104,17): error TS1005: '}' expected.
views/ProjectedStandingsView.tsx(110,39): error TS1005: '}' expected.
